Archive member included to satisfy reference by file (symbol)

C:/ST/STM32CubeIDE_1.18.1/STM32CubeIDE/plugins/com.st.stm32cube.ide.mcu.externaltools.gnu-tools-for-stm32.13.3.rel1.win32_1.0.0.202411081344/tools/bin/../lib/gcc/arm-none-eabi/13.3.1/../../../../arm-none-eabi/lib/thumb/v7e-m+fp/hard\libc_nano.a(libc_a-exit.o)
                              C:/ST/STM32CubeIDE_1.18.1/STM32CubeIDE/plugins/com.st.stm32cube.ide.mcu.externaltools.gnu-tools-for-stm32.13.3.rel1.win32_1.0.0.202411081344/tools/bin/../lib/gcc/arm-none-eabi/13.3.1/../../../../arm-none-eabi/lib/thumb/v7e-m+fp/hard/crt0.o (exit)
C:/ST/STM32CubeIDE_1.18.1/STM32CubeIDE/plugins/com.st.stm32cube.ide.mcu.externaltools.gnu-tools-for-stm32.13.3.rel1.win32_1.0.0.202411081344/tools/bin/../lib/gcc/arm-none-eabi/13.3.1/../../../../arm-none-eabi/lib/thumb/v7e-m+fp/hard\libc_nano.a(libc_a-findfp.o)
                              C:/ST/STM32CubeIDE_1.18.1/STM32CubeIDE/plugins/com.st.stm32cube.ide.mcu.externaltools.gnu-tools-for-stm32.13.3.rel1.win32_1.0.0.202411081344/tools/bin/../lib/gcc/arm-none-eabi/13.3.1/../../../../arm-none-eabi/lib/thumb/v7e-m+fp/hard\libc_nano.a(libc_a-exit.o) (__stdio_exit_handler)
C:/ST/STM32CubeIDE_1.18.1/STM32CubeIDE/plugins/com.st.stm32cube.ide.mcu.externaltools.gnu-tools-for-stm32.13.3.rel1.win32_1.0.0.202411081344/tools/bin/../lib/gcc/arm-none-eabi/13.3.1/../../../../arm-none-eabi/lib/thumb/v7e-m+fp/hard\libc_nano.a(libc_a-fwalk.o)
                              C:/ST/STM32CubeIDE_1.18.1/STM32CubeIDE/plugins/com.st.stm32cube.ide.mcu.externaltools.gnu-tools-for-stm32.13.3.rel1.win32_1.0.0.202411081344/tools/bin/../lib/gcc/arm-none-eabi/13.3.1/../../../../arm-none-eabi/lib/thumb/v7e-m+fp/hard\libc_nano.a(libc_a-findfp.o) (_fwalk_sglue)
C:/ST/STM32CubeIDE_1.18.1/STM32CubeIDE/plugins/com.st.stm32cube.ide.mcu.externaltools.gnu-tools-for-stm32.13.3.rel1.win32_1.0.0.202411081344/tools/bin/../lib/gcc/arm-none-eabi/13.3.1/../../../../arm-none-eabi/lib/thumb/v7e-m+fp/hard\libc_nano.a(libc_a-puts.o)
                              ./Core/Src/main.o (puts)
C:/ST/STM32CubeIDE_1.18.1/STM32CubeIDE/plugins/com.st.stm32cube.ide.mcu.externaltools.gnu-tools-for-stm32.13.3.rel1.win32_1.0.0.202411081344/tools/bin/../lib/gcc/arm-none-eabi/13.3.1/../../../../arm-none-eabi/lib/thumb/v7e-m+fp/hard\libc_nano.a(libc_a-stdio.o)
                              C:/ST/STM32CubeIDE_1.18.1/STM32CubeIDE/plugins/com.st.stm32cube.ide.mcu.externaltools.gnu-tools-for-stm32.13.3.rel1.win32_1.0.0.202411081344/tools/bin/../lib/gcc/arm-none-eabi/13.3.1/../../../../arm-none-eabi/lib/thumb/v7e-m+fp/hard\libc_nano.a(libc_a-findfp.o) (__sread)
C:/ST/STM32CubeIDE_1.18.1/STM32CubeIDE/plugins/com.st.stm32cube.ide.mcu.externaltools.gnu-tools-for-stm32.13.3.rel1.win32_1.0.0.202411081344/tools/bin/../lib/gcc/arm-none-eabi/13.3.1/../../../../arm-none-eabi/lib/thumb/v7e-m+fp/hard\libc_nano.a(libc_a-wbuf.o)
                              C:/ST/STM32CubeIDE_1.18.1/STM32CubeIDE/plugins/com.st.stm32cube.ide.mcu.externaltools.gnu-tools-for-stm32.13.3.rel1.win32_1.0.0.202411081344/tools/bin/../lib/gcc/arm-none-eabi/13.3.1/../../../../arm-none-eabi/lib/thumb/v7e-m+fp/hard\libc_nano.a(libc_a-puts.o) (__swbuf_r)
C:/ST/STM32CubeIDE_1.18.1/STM32CubeIDE/plugins/com.st.stm32cube.ide.mcu.externaltools.gnu-tools-for-stm32.13.3.rel1.win32_1.0.0.202411081344/tools/bin/../lib/gcc/arm-none-eabi/13.3.1/../../../../arm-none-eabi/lib/thumb/v7e-m+fp/hard\libc_nano.a(libc_a-wsetup.o)
                              C:/ST/STM32CubeIDE_1.18.1/STM32CubeIDE/plugins/com.st.stm32cube.ide.mcu.externaltools.gnu-tools-for-stm32.13.3.rel1.win32_1.0.0.202411081344/tools/bin/../lib/gcc/arm-none-eabi/13.3.1/../../../../arm-none-eabi/lib/thumb/v7e-m+fp/hard\libc_nano.a(libc_a-puts.o) (__swsetup_r)
C:/ST/STM32CubeIDE_1.18.1/STM32CubeIDE/plugins/com.st.stm32cube.ide.mcu.externaltools.gnu-tools-for-stm32.13.3.rel1.win32_1.0.0.202411081344/tools/bin/../lib/gcc/arm-none-eabi/13.3.1/../../../../arm-none-eabi/lib/thumb/v7e-m+fp/hard\libc_nano.a(libc_a-memcmp.o)
                              ./Third_party/SEGGER/OS/SEGGER_SYSVIEW_FreeRTOS.o (memcmp)
C:/ST/STM32CubeIDE_1.18.1/STM32CubeIDE/plugins/com.st.stm32cube.ide.mcu.externaltools.gnu-tools-for-stm32.13.3.rel1.win32_1.0.0.202411081344/tools/bin/../lib/gcc/arm-none-eabi/13.3.1/../../../../arm-none-eabi/lib/thumb/v7e-m+fp/hard\libc_nano.a(libc_a-memset.o)
                              C:/ST/STM32CubeIDE_1.18.1/STM32CubeIDE/plugins/com.st.stm32cube.ide.mcu.externaltools.gnu-tools-for-stm32.13.3.rel1.win32_1.0.0.202411081344/tools/bin/../lib/gcc/arm-none-eabi/13.3.1/../../../../arm-none-eabi/lib/thumb/v7e-m+fp/hard/crt0.o (memset)
C:/ST/STM32CubeIDE_1.18.1/STM32CubeIDE/plugins/com.st.stm32cube.ide.mcu.externaltools.gnu-tools-for-stm32.13.3.rel1.win32_1.0.0.202411081344/tools/bin/../lib/gcc/arm-none-eabi/13.3.1/../../../../arm-none-eabi/lib/thumb/v7e-m+fp/hard\libc_nano.a(libc_a-closer.o)
[...]
Memory Configuration

Name             Origin             Length             Attributes
RAM              0x20000000         0x00020000         xrw
FLASH            0x08000000         0x00080000         xr
*default*        0x00000000         0xffffffff

Linker script and memory map

LOAD C:/ST/STM32CubeIDE_1.18.1/STM32CubeIDE/plugins/com.st.stm32cube.ide.mcu.externaltools.gnu-tools-for-stm32.13.3.rel1.win32_1.0.0.202411081344/tools/bin/../lib/gcc/arm-none-eabi/13.3.1/thumb/v7e-m+fp/hard/crti.o
LOAD C:/ST/STM32CubeIDE_1.18.1/STM32CubeIDE/plugins/com.st.stm32cube.ide.mcu.externaltools.gnu-tools-for-stm32.13.3.rel1.win32_1.0.0.202411081344/tools/bin/../lib/gcc/arm-none-eabi/13.3.1/thumb/v7e-m+fp/hard/crtbegin.o
LOAD C:/ST/STM32CubeIDE_1.18.1/STM32CubeIDE/plugins/com.st.stm32cube.ide.mcu.externaltools.gnu-tools-for-stm32.13.3.rel1.win32_1.0.0.202411081344/tools/bin/../lib/gcc/arm-none-eabi/13.3.1/../../../../arm-none-eabi/lib/thumb/v7e-m+fp/hard/crt0.o
LOAD ./Core/Src/main.o
LOAD ./Core/Src/stm32f4xx_hal_msp.o
LOAD ./Core/Src/stm32f4xx_hal_timebase_tim.o
LOAD ./Core/Src/stm32f4xx_it.o
LOAD ./Core/Src/syscalls.o
LOAD ./Core/Src/system_stm32f4xx.o
LOAD ./Core/Startup/startup_stm32f446retx.o
LOAD ./Drivers/STM32F4xx_HAL_Driver/Src/stm32f4xx_hal.o
LOAD ./Drivers/STM32F4xx_HAL_Driver/Src/stm32f4xx_hal_cortex.o
LOAD ./Drivers/STM32F4xx_HAL_Driver/Src/stm32f4xx_hal_dma.o
LOAD ./Drivers/STM32F4xx_HAL_Driver/Src/stm32f4xx_hal_dma_ex.o
LOAD ./Drivers/STM32F4xx_HAL_Driver/Src/stm32f4xx_hal_exti.o
LOAD ./Drivers/STM32F4xx_HAL_Driver/Src/stm32f4xx_hal_flash.o
LOAD ./Drivers/STM32F4xx_HAL_Driver/Src/stm32f4xx_hal_flash_ex.o
LOAD ./Drivers/STM32F4xx_HAL_Driver/Src/stm32f4xx_hal_flash_ramfunc.o
LOAD ./Drivers/STM32F4xx_HAL_Driver/Src/stm32f4xx_hal_gpio.o
LOAD ./Drivers/STM32F4xx_HAL_Driver/Src/stm32f4xx_hal_pwr.o
LOAD ./Drivers/STM32F4xx_HAL_Driver/Src/stm32f4xx_hal_pwr_ex.o
LOAD ./Drivers/STM32F4xx_HAL_Driver/Src/stm32f4xx_hal_rcc.o
LOAD ./Drivers/STM32F4xx_HAL_Driver/Src/stm32f4xx_hal_rcc_ex.o
LOAD ./Drivers/STM32F4xx_HAL_Driver/Src/stm32f4xx_hal_tim.o
LOAD ./Drivers/STM32F4xx_HAL_Driver/Src/stm32f4xx_hal_tim_ex.o
LOAD ./Third_party/FreeRTOS/croutine.o
LOAD ./Third_party/FreeRTOS/event_groups.o
LOAD ./Third_party/FreeRTOS/list.o
LOAD ./Third_party/FreeRTOS/queue.o
LOAD ./Third_party/FreeRTOS/stream_buffer.o
LOAD ./Third_party/FreeRTOS/tasks.o
LOAD ./Third_party/FreeRTOS/timers.o
LOAD ./Third_party/FreeRTOS/portable/GCC/ARM_CM4F/port.o
LOAD ./Third_party/FreeRTOS/portable/MemMang/heap_4.o
LOAD ./Third_party/SEGGER/Config/SEGGER_SYSVIEW_Config_FreeRTOS.o
LOAD ./Third_party/SEGGER/OS/SEGGER_SYSVIEW_FreeRTOS.o
LOAD ./Third_party/SEGGER/SEGGER/SEGGER_RTT.o
LOAD ./Third_party/SEGGER/SEGGER/SEGGER_RTT_ASM_ARMv7M.o
LOAD ./Third_party/SEGGER/SEGGER/SEGGER_RTT_printf.o
LOAD ./Third_party/SEGGER/SEGGER/SEGGER_SYSVIEW.o
LOAD ./Third_party/SEGGER/SEGGER/Syscalls/SEGGER_RTT_Syscalls_GCC.o
START GROUP
LOAD C:/ST/STM32CubeIDE_1.18.1/STM32CubeIDE/plugins/com.st.stm32cube.ide.mcu.externaltools.gnu-tools-for-stm32.13.3.rel1.win32_1.0.0.202411081344/tools/bin/../lib/gcc/arm-none-eabi/13.3.1/../../../../arm-none-eabi/lib/thumb/v7e-m+fp/hard\libc_nano.a
LOAD C:/ST/STM32CubeIDE_1.18.1/STM32CubeIDE/plugins/com.st.stm32cube.ide.mcu.externaltools.gnu-tools-for-stm32.13.3.rel1.win32_1.0.0.202411081344/tools/bin/../lib/gcc/arm-none-eabi/13.3.1/../../../../arm-none-eabi/lib/thumb/v7e-m+fp/hard\libm.a
END GROUP
START GROUP
LOAD C:/ST/STM32CubeIDE_1.18.1/STM32CubeIDE/plugins/com.st.stm32cube.ide.mcu.externaltools.gnu-tools-for-stm32.13.3.rel1.win32_1.0.0.202411081344/tools/bin/../lib/gcc/arm-none-eabi/13.3.1/thumb/v7e-m+fp/hard\libgcc.a
LOAD C:/ST/STM32CubeIDE_1.18.1/STM32CubeIDE/plugins/com.st.stm32cube.ide.mcu.externaltools.gnu-tools-for-stm32.13.3.rel1.win32_1.0.0.202411081344/tools/bin/../lib/gcc/arm-none-eabi/13.3.1/../../../../arm-none-eabi/lib/thumb/v7e-m+fp/hard\libc_nano.a
END GROUP
START GROUP
LOAD C:/ST/STM32CubeIDE_1.18.1/STM32CubeIDE/plugins/com.st.stm32cube.ide.mcu.externaltools.gnu-tools-for-stm32.13.3.rel1.win32_1.0.0.202411081344/tools/bin/../lib/gcc/arm-none-eabi/13.3.1/thumb/v7e-m+fp/hard\libgcc.a
LOAD C:/ST/STM32CubeIDE_1.18.1/STM32CubeIDE/plugins/com.st.stm32cube.ide.mcu.externaltools.gnu-tools-for-stm32.13.3.rel1.win32_1.0.0.202411081344/tools/bin/../lib/gcc/arm-none-eabi/13.3.1/../../../../arm-none-eabi/lib/thumb/v7e-m+fp/hard\libc_nano.a
LOAD C:/ST/STM32CubeIDE_1.18.1/STM32CubeIDE/plugins/com.st.stm32cube.ide.mcu.externaltools.gnu-tools-for-stm32.13.3.rel1.win32_1.0.0.202411081344/tools/bin/../lib/gcc/arm-none-eabi/13.3.1/../../../../arm-none-eabi/lib/thumb/v7e-m+fp/hard\libnosys.a
END GROUP
START GROUP
LOAD C:/ST/STM32CubeIDE_1.18.1/STM32CubeIDE/plugins/com.st.stm32cube.ide.mcu.externaltools.gnu-tools-for-stm32.13.3.rel1.win32_1.0.0.202411081344/tools/bin/../lib/gcc/arm-none-eabi/13.3.1/thumb/v7e-m+fp/hard\libgcc.a
LOAD C:/ST/STM32CubeIDE_1.18.1/STM32CubeIDE/plugins/com.st.stm32cube.ide.mcu.externaltools.gnu-tools-for-stm32.13.3.rel1.win32_1.0.0.202411081344/tools/bin/../lib/gcc/arm-none-eabi/13.3.1/../../../../arm-none-eabi/lib/thumb/v7e-m+fp/hard\libc_nano.a
LOAD C:/ST/STM32CubeIDE_1.18.1/STM32CubeIDE/plugins/com.st.stm32cube.ide.mcu.externaltools.gnu-tools-for-stm32.13.3.rel1.win32_1.0.0.202411081344/tools/bin/../lib/gcc/arm-none-eabi/13.3.1/../../../../arm-none-eabi/lib/thumb/v7e-m+fp/hard\libnosys.a
END GROUP
LOAD C:/ST/STM32CubeIDE_1.18.1/STM32CubeIDE/plugins/com.st.stm32cube.ide.mcu.externaltools.gnu-tools-for-stm32.13.3.rel1.win32_1.0.0.202411081344/tools/bin/../lib/gcc/arm-none-eabi/13.3.1/thumb/v7e-m+fp/hard/crtend.o
LOAD C:/ST/STM32CubeIDE_1.18.1/STM32CubeIDE/plugins/com.st.stm32cube.ide.mcu.externaltools.gnu-tools-for-stm32.13.3.rel1.win32_1.0.0.202411081344/tools/bin/../lib/gcc/arm-none-eabi/13.3.1/thumb/v7e-m+fp/hard/crtn.o
                0x20020000                        _estack = (ORIGIN (RAM) + LENGTH (RAM))
                0x00000200                        _Min_Heap_Size = 0x200
                0x00000400                        _Min_Stack_Size = 0x400

.isr_vector     0x08000000      0x1c4
                0x08000000                        . = ALIGN (0x4)
 *(.isr_vector)
 .isr_vector    0x08000000      0x1c4 ./Core/Startup/startup_stm32f446retx.o
                0x08000000                g_pfnVectors
                0x080001c4                        . = ALIGN (0x4)

.text           0x080001d0     0x70b0
                0x080001d0                        . = ALIGN (0x4)
 *(.text)
 .text          0x080001d0       0x40 C:/ST/STM32CubeIDE_1.18.1/STM32CubeIDE/plugins/com.st.stm32cube.ide.mcu.externaltools.gnu-tools-for-stm32.13.3.rel1.win32_1.0.0.202411081344/tools/bin/../lib/gcc/arm-none-eabi/13.3.1/thumb/v7e-m+fp/hard/crtbegin.o
 .text          0x08000210       0x94 ./Third_party/SEGGER/SEGGER/SEGGER_RTT_ASM_ARMv7M.o
                0x08000210                SEGGER_RTT_ASM_WriteSkipNoLock
 .text          0x080002a4       0x30 C:/ST/STM32CubeIDE_1.18.1/STM32CubeIDE/plugins/com.st.stm32cube.ide.mcu.externaltools.gnu-tools-for-stm32.13.3.rel1.win32_1.0.0.202411081344/tools/bin/../lib/gcc/arm-none-eabi/13.3.1/thumb/v7e-m+fp/hard\libgcc.a(_aeabi_uldivmod.o)
                0x080002a4                __aeabi_uldivmod
 .text          0x080002d4      0x2f8 C:/ST/STM32CubeIDE_1.18.1/STM32CubeIDE/plugins/com.st.stm32cube.ide.mcu.externaltools.gnu-tools-for-stm32.13.3.rel1.win32_1.0.0.202411081344/tools/bin/../lib/gcc/arm-none-eabi/13.3.1/thumb/v7e-m+fp/hard\libgcc.a(_udivmoddi4.o)
                0x080002d4                __udivmoddi4
 .text          0x080005cc        0x4 C:/ST/STM32CubeIDE_1.18.1/STM32CubeIDE/plugins/com.st.stm32cube.ide.mcu.externaltools.gnu-tools-for-stm32.13.3.rel1.win32_1.0.0.202411081344/tools/bin/../lib/gcc/arm-none-eabi/13.3.1/thumb/v7e-m+fp/hard\libgcc.a(_dvmd_tls.o)
                0x080005cc                __aeabi_idiv0
                0x080005cc                __aeabi_ldiv0
 *(.text*)
 .text.main     0x080005d0       0xb4 ./Core/Src/main.o
                0x080005d0                main
 .text.SystemClock_Config
                0x08000684       0xdc ./Core/Src/main.o
                0x08000684                SystemClock_Config
 .text.MX_GPIO_Init
                0x08000760       0xfc ./Core/Src/main.o
 .text.task1_handler
                0x0800085c       0x10 ./Core/Src/main.o
 .text.task2_handler
                0x0800086c       0x10 ./Core/Src/main.o
 .text.HAL_TIM_PeriodElapsedCallback
                0x0800087c       0x24 ./Core/Src/main.o
                0x0800087c                HAL_TIM_PeriodElapsedCallback
 .text.Error_Handler
                0x080008a0        0xc ./Core/Src/main.o
                0x080008a0                Error_Handler
 .text.HAL_MspInit
                0x080008ac       0x50 ./Core/Src/stm32f4xx_hal_msp.o
                0x080008ac                HAL_MspInit
 .text.HAL_InitTick
                0x080008fc       0xf8 ./Core/Src/stm32f4xx_hal_timebase_tim.o
                0x080008fc                HAL_InitTick
 .text.NMI_Handler
                0x080009f4        0x8 ./Core/Src/stm32f4xx_it.o
                0x080009f4                NMI_Handler
 .text.HardFault_Handler
                0x080009fc        0x8 ./Core/Src/stm32f4xx_it.o
                0x080009fc                HardFault_Handler
 .text.MemManage_Handler
                0x08000a04        0x8 ./Core/Src/stm32f4xx_it.o
                0x08000a04                MemManage_Handler
 .text.BusFault_Handler
                0x08000a0c        0x8 ./Core/Src/stm32f4xx_it.o
                0x08000a0c                BusFault_Handler
 .text.UsageFault_Handler
                0x08000a14        0x8 ./Core/Src/stm32f4xx_it.o
                0x08000a14                UsageFault_Handler
 .text.DebugMon_Handler
                0x08000a1c        0xe ./Core/Src/stm32f4xx_it.o
                0x08000a1c                DebugMon_Handler
 *fill*         0x08000a2a        0x2 
 .text.TIM6_DAC_IRQHandler
                0x08000a2c       0x14 ./Core/Src/stm32f4xx_it.o
                0x08000a2c                TIM6_DAC_IRQHandler
 .text._read    0x08000a40       0x3a ./Core/Src/syscalls.o
                0x08000a40                _read
 .text._close   0x08000a7a       0x18 ./Core/Src/syscalls.o
                0x08000a7a                _close
 .text._fstat   0x08000a92       0x20 ./Core/Src/syscalls.o
                0x08000a92                _fstat
 .text._isatty  0x08000ab2       0x16 ./Core/Src/syscalls.o
                0x08000ab2                _isatty
 .text._lseek   0x08000ac8       0x1a ./Core/Src/syscalls.o
                0x08000ac8                _lseek
 *fill*         0x08000ae2        0x2 
 .text.SystemInit
                0x08000ae4       0x24 ./Core/Src/system_stm32f4xx.o
                0x08000ae4                SystemInit
 .text.Reset_Handler
                0x08000b08       0x50 ./Core/Startup/startup_stm32f446retx.o
                0x08000b08                Reset_Handler
 .text.Default_Handler
                0x08000b58        0x2 ./Core/Startup/startup_stm32f446retx.o
                0x08000b58                RTC_Alarm_IRQHandler
                0x08000b58                EXTI2_IRQHandler
                0x08000b58                TIM8_CC_IRQHandler
                0x08000b58                FMPI2C1_EV_IRQHandler
                0x08000b58                SPI4_IRQHandler
                0x08000b58                TIM1_CC_IRQHandler
                0x08000b58                DMA2_Stream5_IRQHandler
                0x08000b58                DMA1_Stream5_IRQHandler
                0x08000b58                PVD_IRQHandler
                0x08000b58                SDIO_IRQHandler
                0x08000b58                TAMP_STAMP_IRQHandler
                0x08000b58                CAN2_RX1_IRQHandler
                0x08000b58                EXTI3_IRQHandler
                0x08000b58                TIM8_TRG_COM_TIM14_IRQHandler
                0x08000b58                TIM1_UP_TIM10_IRQHandler
                0x08000b58                TIM8_UP_TIM13_IRQHandler
                0x08000b58                I2C3_ER_IRQHandler
                0x08000b58                EXTI0_IRQHandler
                0x08000b58                I2C2_EV_IRQHandler
                0x08000b58                DMA1_Stream2_IRQHandler
                0x08000b58                CAN1_RX0_IRQHandler
                0x08000b58                FPU_IRQHandler
                0x08000b58                OTG_HS_WKUP_IRQHandler
                0x08000b58                CAN2_SCE_IRQHandler
                0x08000b58                DMA2_Stream2_IRQHandler
                0x08000b58                SPI1_IRQHandler
                0x08000b58                TIM1_BRK_TIM9_IRQHandler
                0x08000b58                DCMI_IRQHandler
                0x08000b58                CAN2_RX0_IRQHandler
                0x08000b58                DMA2_Stream3_IRQHandler
                0x08000b58                SAI2_IRQHandler
                0x08000b58                USART6_IRQHandler
                0x08000b58                USART3_IRQHandler
                0x08000b58                CAN1_RX1_IRQHandler
                0x08000b58                UART5_IRQHandler
                0x08000b58                DMA2_Stream0_IRQHandler
                0x08000b58                TIM4_IRQHandler
                0x08000b58                QUADSPI_IRQHandler
                0x08000b58                I2C1_EV_IRQHandler
                0x08000b58                DMA1_Stream6_IRQHandler
                0x08000b58                DMA1_Stream1_IRQHandler
                0x08000b58                UART4_IRQHandler
                0x08000b58                TIM3_IRQHandler
                0x08000b58                RCC_IRQHandler
                0x08000b58                TIM8_BRK_TIM12_IRQHandler
                0x08000b58                Default_Handler
                0x08000b58                CEC_IRQHandler
                0x08000b58                EXTI15_10_IRQHandler
                0x08000b58                ADC_IRQHandler
                0x08000b58                DMA1_Stream7_IRQHandler
                0x08000b58                TIM7_IRQHandler
                0x08000b58                CAN2_TX_IRQHandler
                0x08000b58                TIM5_IRQHandler
                0x08000b58                DMA2_Stream7_IRQHandler
                0x08000b58                I2C3_EV_IRQHandler
                0x08000b58                EXTI9_5_IRQHandler
                0x08000b58                RTC_WKUP_IRQHandler
                0x08000b58                SPDIF_RX_IRQHandler
                0x08000b58                SPI2_IRQHandler
                0x08000b58                OTG_HS_EP1_IN_IRQHandler
                0x08000b58                DMA1_Stream0_IRQHandler
                0x08000b58                CAN1_TX_IRQHandler
                0x08000b58                FMPI2C1_ER_IRQHandler
                0x08000b58                EXTI4_IRQHandler
                0x08000b58                OTG_HS_EP1_OUT_IRQHandler
                0x08000b58                WWDG_IRQHandler
                0x08000b58                TIM2_IRQHandler
                0x08000b58                OTG_FS_WKUP_IRQHandler
                0x08000b58                TIM1_TRG_COM_TIM11_IRQHandler
                0x08000b58                OTG_HS_IRQHandler
                0x08000b58                EXTI1_IRQHandler
                0x08000b58                USART2_IRQHandler
                0x08000b58                I2C2_ER_IRQHandler
                0x08000b58                DMA2_Stream1_IRQHandler
                0x08000b58                CAN1_SCE_IRQHandler
                0x08000b58                FLASH_IRQHandler
                0x08000b58                DMA2_Stream4_IRQHandler
                0x08000b58                USART1_IRQHandler
                0x08000b58                OTG_FS_IRQHandler
                0x08000b58                SPI3_IRQHandler
                0x08000b58                DMA1_Stream4_IRQHandler
                0x08000b58                I2C1_ER_IRQHandler
                0x08000b58                FMC_IRQHandler
                0x08000b58                DMA2_Stream6_IRQHandler
                0x08000b58                SAI1_IRQHandler
                0x08000b58                DMA1_Stream3_IRQHandler
 *fill*         0x08000b5a        0x2 
 .text.HAL_Init
                0x08000b5c       0x44 ./Drivers/STM32F4xx_HAL_Driver/Src/stm32f4xx_hal.o
                0x08000b5c                HAL_Init
 .text.HAL_IncTick
                0x08000ba0       0x28 ./Drivers/STM32F4xx_HAL_Driver/Src/stm32f4xx_hal.o
                0x08000ba0                HAL_IncTick
 .text.HAL_GetTick
                0x08000bc8       0x18 ./Drivers/STM32F4xx_HAL_Driver/Src/stm32f4xx_hal.o
                0x08000bc8                HAL_GetTick
 .text.__NVIC_SetPriorityGrouping
                0x08000be0       0x48 ./Drivers/STM32F4xx_HAL_Driver/Src/stm32f4xx_hal_cortex.o
 .text.__NVIC_GetPriorityGrouping
                0x08000c28       0x1c ./Drivers/STM32F4xx_HAL_Driver/Src/stm32f4xx_hal_cortex.o
 .text.__NVIC_EnableIRQ
                0x08000c44       0x3c ./Drivers/STM32F4xx_HAL_Driver/Src/stm32f4xx_hal_cortex.o
 .text.__NVIC_SetPriority
                0x08000c80       0x54 ./Drivers/STM32F4xx_HAL_Driver/Src/stm32f4xx_hal_cortex.o
 .text.NVIC_EncodePriority
                0x08000cd4       0x66 ./Drivers/STM32F4xx_HAL_Driver/Src/stm32f4xx_hal_cortex.o
 .text.HAL_NVIC_SetPriorityGrouping
                0x08000d3a       0x16 ./Drivers/STM32F4xx_HAL_Driver/Src/stm32f4xx_hal_cortex.o
                0x08000d3a                HAL_NVIC_SetPriorityGrouping
 .text.HAL_NVIC_SetPriority
                0x08000d50       0x38 ./Drivers/STM32F4xx_HAL_Driver/Src/stm32f4xx_hal_cortex.o
                0x08000d50                HAL_NVIC_SetPriority
 .text.HAL_NVIC_EnableIRQ
                0x08000d88       0x1c ./Drivers/STM32F4xx_HAL_Driver/Src/stm32f4xx_hal_cortex.o
                0x08000d88                HAL_NVIC_EnableIRQ
 .text.HAL_GPIO_Init
                0x08000da4      0x328 ./Drivers/STM32F4xx_HAL_Driver/Src/stm32f4xx_hal_gpio.o
                0x08000da4                HAL_GPIO_Init
 .text.HAL_GPIO_WritePin
                0x080010cc       0x32 ./Drivers/STM32F4xx_HAL_Driver/Src/stm32f4xx_hal_gpio.o
                0x080010cc                HAL_GPIO_WritePin
 *fill*         0x080010fe        0x2 
 .text.HAL_RCC_ClockConfig
                0x08001100      0x1cc ./Drivers/STM32F4xx_HAL_Driver/Src/stm32f4xx_hal_rcc.o
                0x08001100                HAL_RCC_ClockConfig
 .text.HAL_RCC_GetHCLKFreq
                0x080012cc       0x18 ./Drivers/STM32F4xx_HAL_Driver/Src/stm32f4xx_hal_rcc.o
                0x080012cc                HAL_RCC_GetHCLKFreq
 .text.HAL_RCC_GetPCLK1Freq
                0x080012e4       0x28 ./Drivers/STM32F4xx_HAL_Driver/Src/stm32f4xx_hal_rcc.o
                0x080012e4                HAL_RCC_GetPCLK1Freq
 .text.HAL_RCC_GetClockConfig
                0x0800130c       0x64 ./Drivers/STM32F4xx_HAL_Driver/Src/stm32f4xx_hal_rcc.o
                0x0800130c                HAL_RCC_GetClockConfig
 .text.HAL_RCC_GetSysClockFreq
                0x08001370      0x460 ./Drivers/STM32F4xx_HAL_Driver/Src/stm32f4xx_hal_rcc_ex.o
                0x08001370                HAL_RCC_GetSysClockFreq
 .text.HAL_RCC_OscConfig
                0x080017d0      0x53c ./Drivers/STM32F4xx_HAL_Driver/Src/stm32f4xx_hal_rcc_ex.o
                0x080017d0                HAL_RCC_OscConfig
 .text.HAL_TIM_Base_Init
                0x08001d0c       0x9e ./Drivers/STM32F4xx_HAL_Driver/Src/stm32f4xx_hal_tim.o
                0x08001d0c                HAL_TIM_Base_Init
 .text.HAL_TIM_Base_MspInit
                0x08001daa       0x14 ./Drivers/STM32F4xx_HAL_Driver/Src/stm32f4xx_hal_tim.o
                0x08001daa                HAL_TIM_Base_MspInit
 *fill*         0x08001dbe        0x2 
 .text.HAL_TIM_Base_Start_IT
                0x08001dc0       0xe0 ./Drivers/STM32F4xx_HAL_Driver/Src/stm32f4xx_hal_tim.o
                0x08001dc0                HAL_TIM_Base_Start_IT
 .text.HAL_TIM_IRQHandler
                0x08001ea0      0x1e0 ./Drivers/STM32F4xx_HAL_Driver/Src/stm32f4xx_hal_tim.o
                0x08001ea0                HAL_TIM_IRQHandler
 .text.HAL_TIM_OC_DelayElapsedCallback
                0x08002080       0x14 ./Drivers/STM32F4xx_HAL_Driver/Src/stm32f4xx_hal_tim.o
                0x08002080                HAL_TIM_OC_DelayElapsedCallback
 .text.HAL_TIM_IC_CaptureCallback
                0x08002094       0x14 ./Drivers/STM32F4xx_HAL_Driver/Src/stm32f4xx_hal_tim.o
                0x08002094                HAL_TIM_IC_CaptureCallback
 .text.HAL_TIM_PWM_PulseFinishedCallback
                0x080020a8       0x14 ./Drivers/STM32F4xx_HAL_Driver/Src/stm32f4xx_hal_tim.o
                0x080020a8                HAL_TIM_PWM_PulseFinishedCallback
 .text.HAL_TIM_TriggerCallback
                0x080020bc       0x14 ./Drivers/STM32F4xx_HAL_Driver/Src/stm32f4xx_hal_tim.o
                0x080020bc                HAL_TIM_TriggerCallback
 .text.TIM_Base_SetConfig
                0x080020d0      0x14c ./Drivers/STM32F4xx_HAL_Driver/Src/stm32f4xx_hal_tim.o
                0x080020d0                TIM_Base_SetConfig
 .text.HAL_TIMEx_CommutCallback
                0x0800221c       0x14 ./Drivers/STM32F4xx_HAL_Driver/Src/stm32f4xx_hal_tim_ex.o
                0x0800221c                HAL_TIMEx_CommutCallback
 .text.HAL_TIMEx_BreakCallback
                0x08002230       0x14 ./Drivers/STM32F4xx_HAL_Driver/Src/stm32f4xx_hal_tim_ex.o
                0x08002230                HAL_TIMEx_BreakCallback
 .text.vListInitialise
                0x08002244       0x40 ./Third_party/FreeRTOS/list.o
                0x08002244                vListInitialise
 .text.vListInitialiseItem
                0x08002284       0x1a ./Third_party/FreeRTOS/list.o
                0x08002284                vListInitialiseItem
 .text.vListInsertEnd
                0x0800229e       0x48 ./Third_party/FreeRTOS/list.o
                0x0800229e                vListInsertEnd
 .text.vListInsert
                0x080022e6       0x72 ./Third_party/FreeRTOS/list.o
                0x080022e6                vListInsert
 .text.uxListRemove
                0x08002358       0x54 ./Third_party/FreeRTOS/list.o
                0x08002358                uxListRemove
 .text.xQueueGenericReset
                0x080023ac       0xd4 ./Third_party/FreeRTOS/queue.o
                0x080023ac                xQueueGenericReset
 .text.xQueueGenericCreate
                0x08002480       0xc4 ./Third_party/FreeRTOS/queue.o
                0x08002480                xQueueGenericCreate
 .text.prvInitialiseNewQueue
                0x08002544       0x52 ./Third_party/FreeRTOS/queue.o
 *fill*         0x08002596        0x2 
 .text.xQueueGenericSend
                0x08002598      0x254 ./Third_party/FreeRTOS/queue.o
                0x08002598                xQueueGenericSend
 .text.xQueueGenericSendFromISR
                0x080027ec      0x184 ./Third_party/FreeRTOS/queue.o
                0x080027ec                xQueueGenericSendFromISR
 .text.xQueueReceive
                0x08002970      0x228 ./Third_party/FreeRTOS/queue.o
                0x08002970                xQueueReceive
 .text.prvCopyDataToQueue
                0x08002b98       0xd4 ./Third_party/FreeRTOS/queue.o
 .text.prvCopyDataFromQueue
                0x08002c6c       0x4c ./Third_party/FreeRTOS/queue.o
 .text.prvUnlockQueue
                0x08002cb8       0xa4 ./Third_party/FreeRTOS/queue.o
 .text.prvIsQueueEmpty
                0x08002d5c       0x2c ./Third_party/FreeRTOS/queue.o
 .text.prvIsQueueFull
                0x08002d88       0x30 ./Third_party/FreeRTOS/queue.o
 .text.vQueueAddToRegistry
                0x08002db8       0x64 ./Third_party/FreeRTOS/queue.o
                0x08002db8                vQueueAddToRegistry
 .text.vQueueWaitForMessageRestricted
                0x08002e1c       0x68 ./Third_party/FreeRTOS/queue.o
                0x08002e1c                vQueueWaitForMessageRestricted
 .text.xTaskCreate
                0x08002e84       0x82 ./Third_party/FreeRTOS/tasks.o
                0x08002e84                xTaskCreate
 .text.prvInitialiseNewTask
                0x08002f06      0x12e ./Third_party/FreeRTOS/tasks.o
 .text.prvAddNewTaskToReadyList
                0x08003034      0x118 ./Third_party/FreeRTOS/tasks.o
 .text.vTaskStartScheduler
                0x0800314c       0xc4 ./Third_party/FreeRTOS/tasks.o
                0x0800314c                vTaskStartScheduler
 .text.vTaskSuspendAll
                0x08003210       0x1c ./Third_party/FreeRTOS/tasks.o
                0x08003210                vTaskSuspendAll
 .text.xTaskResumeAll
                0x0800322c      0x144 ./Third_party/FreeRTOS/tasks.o
                0x0800322c                xTaskResumeAll
 .text.xTaskGetTickCount
                0x08003370       0x20 ./Third_party/FreeRTOS/tasks.o
                0x08003370                xTaskGetTickCount
 .text.xTaskGetTickCountFromISR
                0x08003390       0x24 ./Third_party/FreeRTOS/tasks.o
                0x08003390                xTaskGetTickCountFromISR
 .text.xTaskIncrementTick
                0x080033b4      0x17c ./Third_party/FreeRTOS/tasks.o
                0x080033b4                xTaskIncrementTick
 .text.vTaskSwitchContext
                0x08003530       0xd4 ./Third_party/FreeRTOS/tasks.o
                0x08003530                vTaskSwitchContext
 .text.vTaskPlaceOnEventList
                0x08003604       0x4c ./Third_party/FreeRTOS/tasks.o
                0x08003604                vTaskPlaceOnEventList
 .text.vTaskPlaceOnEventListRestricted
                0x08003650       0x60 ./Third_party/FreeRTOS/tasks.o
                0x08003650                vTaskPlaceOnEventListRestricted
 .text.xTaskRemoveFromEventList
                0x080036b0       0xd0 ./Third_party/FreeRTOS/tasks.o
                0x080036b0                xTaskRemoveFromEventList
 .text.vTaskInternalSetTimeOutState
                0x08003780       0x2c ./Third_party/FreeRTOS/tasks.o
                0x08003780                vTaskInternalSetTimeOutState
 .text.xTaskCheckForTimeOut
                0x080037ac       0xd0 ./Third_party/FreeRTOS/tasks.o
                0x080037ac                xTaskCheckForTimeOut
 .text.vTaskMissedYield
                0x0800387c       0x18 ./Third_party/FreeRTOS/tasks.o
                0x0800387c                vTaskMissedYield
 .text.prvIdleTask
                0x08003894       0x30 ./Third_party/FreeRTOS/tasks.o
 .text.prvInitialiseTaskLists
                0x080038c4       0x80 ./Third_party/FreeRTOS/tasks.o
 .text.prvCheckTasksWaitingTermination
                0x08003944       0x5c ./Third_party/FreeRTOS/tasks.o
 .text.prvDeleteTCB
                0x080039a0       0x20 ./Third_party/FreeRTOS/tasks.o
 .text.prvResetNextTaskUnblockTime
                0x080039c0       0x38 ./Third_party/FreeRTOS/tasks.o
 .text.xTaskGetSchedulerState
                0x080039f8       0x3c ./Third_party/FreeRTOS/tasks.o
                0x080039f8                xTaskGetSchedulerState
 .text.xTaskPriorityDisinherit
                0x08003a34      0x104 ./Third_party/FreeRTOS/tasks.o
                0x08003a34                xTaskPriorityDisinherit
 .text.prvAddCurrentTaskToDelayedList
                0x08003b38       0xf0 ./Third_party/FreeRTOS/tasks.o
 .text.xTimerCreateTimerTask
                0x08003c28       0x68 ./Third_party/FreeRTOS/timers.o
                0x08003c28                xTimerCreateTimerTask
 .text.xTimerGenericCommand
                0x08003c90       0x9c ./Third_party/FreeRTOS/timers.o
                0x08003c90                xTimerGenericCommand
 .text.prvProcessExpiredTimer
                0x08003d2c       0x9c ./Third_party/FreeRTOS/timers.o
 .text.prvTimerTask
                0x08003dc8       0x26 ./Third_party/FreeRTOS/timers.o
 *fill*         0x08003dee        0x2 
 .text.prvProcessTimerOrBlockTask
                0x08003df0       0x9c ./Third_party/FreeRTOS/timers.o
 .text.prvGetNextExpireTime
                0x08003e8c       0x48 ./Third_party/FreeRTOS/timers.o
 .text.prvSampleTimeNow
                0x08003ed4       0x40 ./Third_party/FreeRTOS/timers.o
 .text.prvInsertTimerInActiveList
                0x08003f14       0x84 ./Third_party/FreeRTOS/timers.o
 .text.prvProcessReceivedCommands
                0x08003f98      0x194 ./Third_party/FreeRTOS/timers.o
 .text.prvSwitchTimerLists
                0x0800412c       0xcc ./Third_party/FreeRTOS/timers.o
 .text.prvCheckForValidListAndQueue
                0x080041f8       0x6c ./Third_party/FreeRTOS/timers.o
 .text.pxPortInitialiseStack
                0x08004264       0x68 ./Third_party/FreeRTOS/portable/GCC/ARM_CM4F/port.o
                0x08004264                pxPortInitialiseStack
 .text.prvTaskExitError
                0x080042cc       0x5c ./Third_party/FreeRTOS/portable/GCC/ARM_CM4F/port.o
 *fill*         0x08004328        0x8 
 .text.SVC_Handler
                0x08004330       0x28 ./Third_party/FreeRTOS/portable/GCC/ARM_CM4F/port.o
                0x08004330                SVC_Handler
 .text.prvPortStartFirstTask
                0x08004358       0x2c ./Third_party/FreeRTOS/portable/GCC/ARM_CM4F/port.o
 .text.xPortStartScheduler
                0x08004384      0x148 ./Third_party/FreeRTOS/portable/GCC/ARM_CM4F/port.o
                0x08004384                xPortStartScheduler
 .text.vInitPrioGroupValue
                0x080044cc      0x100 ./Third_party/FreeRTOS/portable/GCC/ARM_CM4F/port.o
                0x080044cc                vInitPrioGroupValue
 .text.vPortEnterCritical
                0x080045cc       0x64 ./Third_party/FreeRTOS/portable/GCC/ARM_CM4F/port.o
                0x080045cc                vPortEnterCritical
 .text.vPortExitCritical
                0x08004630       0x54 ./Third_party/FreeRTOS/portable/GCC/ARM_CM4F/port.o
                0x08004630                vPortExitCritical
 *fill*         0x08004684        0xc 
 .text.PendSV_Handler
                0x08004690       0x68 ./Third_party/FreeRTOS/portable/GCC/ARM_CM4F/port.o
                0x08004690                PendSV_Handler
 .text.SysTick_Handler
                0x080046f8       0x54 ./Third_party/FreeRTOS/portable/GCC/ARM_CM4F/port.o
                0x080046f8                SysTick_Handler
 .text.vPortSetupTimerInterrupt
                0x0800474c       0x48 ./Third_party/FreeRTOS/portable/GCC/ARM_CM4F/port.o
                0x0800474c                vPortSetupTimerInterrupt
 .text.vPortEnableVFP
                0x08004794       0x18 ./Third_party/FreeRTOS/portable/GCC/ARM_CM4F/port.o
 .text.vPortValidateInterruptPriority
                0x080047ac       0x84 ./Third_party/FreeRTOS/portable/GCC/ARM_CM4F/port.o
                0x080047ac                vPortValidateInterruptPriority
 .text.pvPortMalloc
                0x08004830      0x1c4 ./Third_party/FreeRTOS/portable/MemMang/heap_4.o
                0x08004830                pvPortMalloc
 .text.vPortFree
                0x080049f4       0xc8 ./Third_party/FreeRTOS/portable/MemMang/heap_4.o
                0x080049f4                vPortFree
 .text.prvHeapInit
                0x08004abc       0xc4 ./Third_party/FreeRTOS/portable/MemMang/heap_4.o
 .text.prvInsertBlockIntoFreeList
                0x08004b80       0xb4 ./Third_party/FreeRTOS/portable/MemMang/heap_4.o
 .text._cbSendSystemDesc
                0x08004c34       0x1c ./Third_party/SEGGER/Config/SEGGER_SYSVIEW_Config_FreeRTOS.o
 .text.SEGGER_SYSVIEW_Conf
                0x08004c50       0x2c ./Third_party/SEGGER/Config/SEGGER_SYSVIEW_Config_FreeRTOS.o
                0x08004c50                SEGGER_SYSVIEW_Conf
 .text._cbSendTaskList
                0x08004c7c       0x90 ./Third_party/SEGGER/OS/SEGGER_SYSVIEW_FreeRTOS.o
 .text._cbGetTime
                0x08004d0c       0x86 ./Third_party/SEGGER/OS/SEGGER_SYSVIEW_FreeRTOS.o
 *fill*         0x08004d92        0x2 
 .text.SYSVIEW_AddTask
                0x08004d94       0xd0 ./Third_party/SEGGER/OS/SEGGER_SYSVIEW_FreeRTOS.o
                0x08004d94                SYSVIEW_AddTask
 .text.SYSVIEW_SendTaskInfo
                0x08004e64       0x42 ./Third_party/SEGGER/OS/SEGGER_SYSVIEW_FreeRTOS.o
                0x08004e64                SYSVIEW_SendTaskInfo
 *fill*         0x08004ea6        0x2 
 .text._DoInit  0x08004ea8       0xb0 ./Third_party/SEGGER/SEGGER/SEGGER_RTT.o
 .text._WriteBlocking
                0x08004f58       0xba ./Third_party/SEGGER/SEGGER/SEGGER_RTT.o
 .text._WriteNoCheck
                0x08005012       0x90 ./Third_party/SEGGER/SEGGER/SEGGER_RTT.o
 .text._GetAvailWriteSpace
                0x080050a2       0x46 ./Third_party/SEGGER/SEGGER/SEGGER_RTT.o
 .text.SEGGER_RTT_ReadNoLock
                0x080050e8      0x10c ./Third_party/SEGGER/SEGGER/SEGGER_RTT.o
                0x080050e8                SEGGER_RTT_ReadNoLock
 .text.SEGGER_RTT_WriteNoLock
                0x080051f4       0xa0 ./Third_party/SEGGER/SEGGER/SEGGER_RTT.o
                0x080051f4                SEGGER_RTT_WriteNoLock
 .text.SEGGER_RTT_Write
                0x08005294       0x4c ./Third_party/SEGGER/SEGGER/SEGGER_RTT.o
                0x08005294                SEGGER_RTT_Write
 .text.SEGGER_RTT_AllocUpBuffer
                0x080052e0      0x108 ./Third_party/SEGGER/SEGGER/SEGGER_RTT.o
                0x080052e0                SEGGER_RTT_AllocUpBuffer
 .text.SEGGER_RTT_ConfigDownBuffer
                0x080053e8       0xe0 ./Third_party/SEGGER/SEGGER/SEGGER_RTT.o
                0x080053e8                SEGGER_RTT_ConfigDownBuffer
 .text._EncodeStr
                0x080054c8       0x9a ./Third_party/SEGGER/SEGGER/SEGGER_SYSVIEW.o
 .text._PreparePacket
                0x08005562       0x18 ./Third_party/SEGGER/SEGGER/SEGGER_SYSVIEW.o
 *fill*         0x0800557a        0x2 
 .text._HandleIncomingPacket
                0x0800557c       0xe0 ./Third_party/SEGGER/SEGGER/SEGGER_SYSVIEW.o
 .text._TrySendOverflowPacket
                0x0800565c       0xe4 ./Third_party/SEGGER/SEGGER/SEGGER_SYSVIEW.o
 .text._SendPacket
                0x08005740      0x1cc ./Third_party/SEGGER/SEGGER/SEGGER_SYSVIEW.o
 .text.SEGGER_SYSVIEW_Init
                0x0800590c       0x88 ./Third_party/SEGGER/SEGGER/SEGGER_SYSVIEW.o
                0x0800590c                SEGGER_SYSVIEW_Init
 .text.SEGGER_SYSVIEW_SetRAMBase
                0x08005994       0x20 ./Third_party/SEGGER/SEGGER/SEGGER_SYSVIEW.o
                0x08005994                SEGGER_SYSVIEW_SetRAMBase
 .text.SEGGER_SYSVIEW_RecordVoid
                0x080059b4       0x3c ./Third_party/SEGGER/SEGGER/SEGGER_SYSVIEW.o
                0x080059b4                SEGGER_SYSVIEW_RecordVoid
 .text.SEGGER_SYSVIEW_RecordU32
                0x080059f0       0x78 ./Third_party/SEGGER/SEGGER/SEGGER_SYSVIEW.o
                0x080059f0                SEGGER_SYSVIEW_RecordU32
 .text.SEGGER_SYSVIEW_RecordU32x2
                0x08005a68       0xb4 ./Third_party/SEGGER/SEGGER/SEGGER_SYSVIEW.o
                0x08005a68                SEGGER_SYSVIEW_RecordU32x2
 .text.SEGGER_SYSVIEW_RecordU32x3
                0x08005b1c       0xec ./Third_party/SEGGER/SEGGER/SEGGER_SYSVIEW.o
                0x08005b1c                SEGGER_SYSVIEW_RecordU32x3
 .text.SEGGER_SYSVIEW_RecordU32x4
                0x08005c08      0x124 ./Third_party/SEGGER/SEGGER/SEGGER_SYSVIEW.o
                0x08005c08                SEGGER_SYSVIEW_RecordU32x4
 .text.SEGGER_SYSVIEW_Start
                0x08005d2c      0x174 ./Third_party/SEGGER/SEGGER/SEGGER_SYSVIEW.o
                0x08005d2c                SEGGER_SYSVIEW_Start
 .text.SEGGER_SYSVIEW_Stop
                0x08005ea0       0x4c ./Third_party/SEGGER/SEGGER/SEGGER_SYSVIEW.o
                0x08005ea0                SEGGER_SYSVIEW_Stop
 .text.SEGGER_SYSVIEW_GetSysDesc
                0x08005eec      0x134 ./Third_party/SEGGER/SEGGER/SEGGER_SYSVIEW.o
                0x08005eec                SEGGER_SYSVIEW_GetSysDesc
 .text.SEGGER_SYSVIEW_SendTaskInfo
                0x08006020      0x1c8 ./Third_party/SEGGER/SEGGER/SEGGER_SYSVIEW.o
                0x08006020                SEGGER_SYSVIEW_SendTaskInfo
 .text.SEGGER_SYSVIEW_SendTaskList
                0x080061e8       0x28 ./Third_party/SEGGER/SEGGER/SEGGER_SYSVIEW.o
                0x080061e8                SEGGER_SYSVIEW_SendTaskList
 .text.SEGGER_SYSVIEW_SendSysDesc
                0x08006210       0x48 ./Third_party/SEGGER/SEGGER/SEGGER_SYSVIEW.o
                0x08006210                SEGGER_SYSVIEW_SendSysDesc
 .text.SEGGER_SYSVIEW_RecordSystime
                0x08006258       0x64 ./Third_party/SEGGER/SEGGER/SEGGER_SYSVIEW.o
                0x08006258                SEGGER_SYSVIEW_RecordSystime
 .text.SEGGER_SYSVIEW_RecordEnterISR
                0x080062bc       0x84 ./Third_party/SEGGER/SEGGER/SEGGER_SYSVIEW.o
                0x080062bc                SEGGER_SYSVIEW_RecordEnterISR
 .text.SEGGER_SYSVIEW_RecordExitISR
                0x08006340       0x38 ./Third_party/SEGGER/SEGGER/SEGGER_SYSVIEW.o
                0x08006340                SEGGER_SYSVIEW_RecordExitISR
 .text.SEGGER_SYSVIEW_RecordExitISRToScheduler
                0x08006378       0x38 ./Third_party/SEGGER/SEGGER/SEGGER_SYSVIEW.o
                0x08006378                SEGGER_SYSVIEW_RecordExitISRToScheduler
 .text.SEGGER_SYSVIEW_OnIdle
                0x080063b0       0x38 ./Third_party/SEGGER/SEGGER/SEGGER_SYSVIEW.o
                0x080063b0                SEGGER_SYSVIEW_OnIdle
 .text.SEGGER_SYSVIEW_OnTaskCreate
                0x080063e8       0x84 ./Third_party/SEGGER/SEGGER/SEGGER_SYSVIEW.o
                0x080063e8                SEGGER_SYSVIEW_OnTaskCreate
 .text.SEGGER_SYSVIEW_OnTaskStartExec
                0x0800646c       0x84 ./Third_party/SEGGER/SEGGER/SEGGER_SYSVIEW.o
                0x0800646c                SEGGER_SYSVIEW_OnTaskStartExec
 .text.SEGGER_SYSVIEW_OnTaskStartReady
                0x080064f0       0x84 ./Third_party/SEGGER/SEGGER/SEGGER_SYSVIEW.o
                0x080064f0                SEGGER_SYSVIEW_OnTaskStartReady
 .text.SEGGER_SYSVIEW_OnTaskStopReady
                0x08006574       0xc0 ./Third_party/SEGGER/SEGGER/SEGGER_SYSVIEW.o
                0x08006574                SEGGER_SYSVIEW_OnTaskStopReady
 .text.SEGGER_SYSVIEW_ShrinkId
                0x08006634       0x20 ./Third_party/SEGGER/SEGGER/SEGGER_SYSVIEW.o
                0x08006634                SEGGER_SYSVIEW_ShrinkId
 .text.SEGGER_SYSVIEW_SendModule
                0x08006654      0x100 ./Third_party/SEGGER/SEGGER/SEGGER_SYSVIEW.o
                0x08006654                SEGGER_SYSVIEW_SendModule
 .text.SEGGER_SYSVIEW_SendModuleDescription
                0x08006754       0x3c ./Third_party/SEGGER/SEGGER/SEGGER_SYSVIEW.o
                0x08006754                SEGGER_SYSVIEW_SendModuleDescription
 .text.SEGGER_SYSVIEW_SendNumModules
                0x08006790       0x7c ./Third_party/SEGGER/SEGGER/SEGGER_SYSVIEW.o
                0x08006790                SEGGER_SYSVIEW_SendNumModules
 .text.SEGGER_SYSVIEW_Warn
                0x0800680c       0xb8 ./Third_party/SEGGER/SEGGER/SEGGER_SYSVIEW.o
                0x0800680c                SEGGER_SYSVIEW_Warn
 .text._write_r
                0x080068c4       0x22 ./Third_party/SEGGER/SEGGER/Syscalls/SEGGER_RTT_Syscalls_GCC.o
                0x080068c4                _write_r
 *fill*         0x080068e6        0x2 
 .text.std      0x080068e8       0x6c C:/ST/STM32CubeIDE_1.18.1/STM32CubeIDE/plugins/com.st.stm32cube.ide.mcu.externaltools.gnu-tools-for-stm32.13.3.rel1.win32_1.0.0.202411081344/tools/bin/../lib/gcc/arm-none-eabi/13.3.1/../../../../arm-none-eabi/lib/thumb/v7e-m+fp/hard\libc_nano.a(libc_a-findfp.o)
 .text.stdio_exit_handler
                0x08006954       0x18 C:/ST/STM32CubeIDE_1.18.1/STM32CubeIDE/plugins/com.st.stm32cube.ide.mcu.externaltools.gnu-tools-for-stm32.13.3.rel1.win32_1.0.0.202411081344/tools/bin/../lib/gcc/arm-none-eabi/13.3.1/../../../../arm-none-eabi/lib/thumb/v7e-m+fp/hard\libc_nano.a(libc_a-findfp.o)
 .text.cleanup_stdio
                0x0800696c       0x40 C:/ST/STM32CubeIDE_1.18.1/STM32CubeIDE/plugins/com.st.stm32cube.ide.mcu.externaltools.gnu-tools-for-stm32.13.3.rel1.win32_1.0.0.202411081344/tools/bin/../lib/gcc/arm-none-eabi/13.3.1/../../../../arm-none-eabi/lib/thumb/v7e-m+fp/hard\libc_nano.a(libc_a-findfp.o)
 .text.global_stdio_init.part.0
                0x080069ac       0x3c C:/ST/STM32CubeIDE_1.18.1/STM32CubeIDE/plugins/com.st.stm32cube.ide.mcu.externaltools.gnu-tools-for-stm32.13.3.rel1.win32_1.0.0.202411081344/tools/bin/../lib/gcc/arm-none-eabi/13.3.1/../../../../arm-none-eabi/lib/thumb/v7e-m+fp/hard\libc_nano.a(libc_a-findfp.o)
 .text.__sfp_lock_acquire
                0x080069e8        0xc C:/ST/STM32CubeIDE_1.18.1/STM32CubeIDE/plugins/com.st.stm32cube.ide.mcu.externaltools.gnu-tools-for-stm32.13.3.rel1.win32_1.0.0.202411081344/tools/bin/../lib/gcc/arm-none-eabi/13.3.1/../../../../arm-none-eabi/lib/thumb/v7e-m+fp/hard\libc_nano.a(libc_a-findfp.o)
                0x080069e8                __sfp_lock_acquire
 .text.__sfp_lock_release
                0x080069f4        0xc C:/ST/STM32CubeIDE_1.18.1/STM32CubeIDE/plugins/com.st.stm32cube.ide.mcu.externaltools.gnu-tools-for-stm32.13.3.rel1.win32_1.0.0.202411081344/tools/bin/../lib/gcc/arm-none-eabi/13.3.1/../../../../arm-none-eabi/lib/thumb/v7e-m+fp/hard\libc_nano.a(libc_a-findfp.o)
                0x080069f4                __sfp_lock_release
 .text.__sinit  0x08006a00       0x30 C:/ST/STM32CubeIDE_1.18.1/STM32CubeIDE/plugins/com.st.stm32cube.ide.mcu.externaltools.gnu-tools-for-stm32.13.3.rel1.win32_1.0.0.202411081344/tools/bin/../lib/gcc/arm-none-eabi/13.3.1/../../../../arm-none-eabi/lib/thumb/v7e-m+fp/hard\libc_nano.a(libc_a-findfp.o)
                0x08006a00                __sinit
 .text._fwalk_sglue
                0x08006a30       0x3c C:/ST/STM32CubeIDE_1.18.1/STM32CubeIDE/plugins/com.st.stm32cube.ide.mcu.externaltools.gnu-tools-for-stm32.13.3.rel1.win32_1.0.0.202411081344/tools/bin/../lib/gcc/arm-none-eabi/13.3.1/../../../../arm-none-eabi/lib/thumb/v7e-m+fp/hard\libc_nano.a(libc_a-fwalk.o)
                0x08006a30                _fwalk_sglue
 .text._puts_r  0x08006a6c       0xaa C:/ST/STM32CubeIDE_1.18.1/STM32CubeIDE/plugins/com.st.stm32cube.ide.mcu.externaltools.gnu-tools-for-stm32.13.3.rel1.win32_1.0.0.202411081344/tools/bin/../lib/gcc/arm-none-eabi/13.3.1/../../../../arm-none-eabi/lib/thumb/v7e-m+fp/hard\libc_nano.a(libc_a-puts.o)
                0x08006a6c                _puts_r
 *fill*         0x08006b16        0x2 
 .text.puts     0x08006b18       0x10 C:/ST/STM32CubeIDE_1.18.1/STM32CubeIDE/plugins/com.st.stm32cube.ide.mcu.externaltools.gnu-tools-for-stm32.13.3.rel1.win32_1.0.0.202411081344/tools/bin/../lib/gcc/arm-none-eabi/13.3.1/../../../../arm-none-eabi/lib/thumb/v7e-m+fp/hard\libc_nano.a(libc_a-puts.o)
                0x08006b18                puts
 .text.__sread  0x08006b28       0x22 C:/ST/STM32CubeIDE_1.18.1/STM32CubeIDE/plugins/com.st.stm32cube.ide.mcu.externaltools.gnu-tools-for-stm32.13.3.rel1.win32_1.0.0.202411081344/tools/bin/../lib/gcc/arm-none-eabi/13.3.1/../../../../arm-none-eabi/lib/thumb/v7e-m+fp/hard\libc_nano.a(libc_a-stdio.o)
                0x08006b28                __sread
 .text.__swrite
                0x08006b4a       0x38 C:/ST/STM32CubeIDE_1.18.1/STM32CubeIDE/plugins/com.st.stm32cube.ide.mcu.externaltools.gnu-tools-for-stm32.13.3.rel1.win32_1.0.0.202411081344/tools/bin/../lib/gcc/arm-none-eabi/13.3.1/../../../../arm-none-eabi/lib/thumb/v7e-m+fp/hard\libc_nano.a(libc_a-stdio.o)
                0x08006b4a                __swrite
 .text.__sseek  0x08006b82       0x24 C:/ST/STM32CubeIDE_1.18.1/STM32CubeIDE/plugins/com.st.stm32cube.ide.mcu.externaltools.gnu-tools-for-stm32.13.3.rel1.win32_1.0.0.202411081344/tools/bin/../lib/gcc/arm-none-eabi/13.3.1/../../../../arm-none-eabi/lib/thumb/v7e-m+fp/hard\libc_nano.a(libc_a-stdio.o)
                0x08006b82                __sseek
 .text.__sclose
                0x08006ba6        0x8 C:/ST/STM32CubeIDE_1.18.1/STM32CubeIDE/plugins/com.st.stm32cube.ide.mcu.externaltools.gnu-tools-for-stm32.13.3.rel1.win32_1.0.0.202411081344/tools/bin/../lib/gcc/arm-none-eabi/13.3.1/../../../../arm-none-eabi/lib/thumb/v7e-m+fp/hard\libc_nano.a(libc_a-stdio.o)
                0x08006ba6                __sclose
 .text.__swbuf_r
                0x08006bae       0x7c C:/ST/STM32CubeIDE_1.18.1/STM32CubeIDE/plugins/com.st.stm32cube.ide.mcu.externaltools.gnu-tools-for-stm32.13.3.rel1.win32_1.0.0.202411081344/tools/bin/../lib/gcc/arm-none-eabi/13.3.1/../../../../arm-none-eabi/lib/thumb/v7e-m+fp/hard\libc_nano.a(libc_a-wbuf.o)
                0x08006bae                __swbuf_r
 *fill*         0x08006c2a        0x2 
 .text.__swsetup_r
                0x08006c2c       0xac C:/ST/STM32CubeIDE_1.18.1/STM32CubeIDE/plugins/com.st.stm32cube.ide.mcu.externaltools.gnu-tools-for-stm32.13.3.rel1.win32_1.0.0.202411081344/tools/bin/../lib/gcc/arm-none-eabi/13.3.1/../../../../arm-none-eabi/lib/thumb/v7e-m+fp/hard\libc_nano.a(libc_a-wsetup.o)
                0x08006c2c                __swsetup_r
 .text.memcmp   0x08006cd8       0x20 C:/ST/STM32CubeIDE_1.18.1/STM32CubeIDE/plugins/com.st.stm32cube.ide.mcu.externaltools.gnu-tools-for-stm32.13.3.rel1.win32_1.0.0.202411081344/tools/bin/../lib/gcc/arm-none-eabi/13.3.1/../../../../arm-none-eabi/lib/thumb/v7e-m+fp/hard\libc_nano.a(libc_a-memcmp.o)
                0x08006cd8                memcmp
 .text.memset   0x08006cf8       0x10 C:/ST/STM32CubeIDE_1.18.1/STM32CubeIDE/plugins/com.st.stm32cube.ide.mcu.externaltools.gnu-tools-for-stm32.13.3.rel1.win32_1.0.0.202411081344/tools/bin/../lib/gcc/arm-none-eabi/13.3.1/../../../../arm-none-eabi/lib/thumb/v7e-m+fp/hard\libc_nano.a(libc_a-memset.o)
                0x08006cf8                memset
 .text._close_r
                0x08006d08       0x20 C:/ST/STM32CubeIDE_1.18.1/STM32CubeIDE/plugins/com.st.stm32cube.ide.mcu.externaltools.gnu-tools-for-stm32.13.3.rel1.win32_1.0.0.202411081344/tools/bin/../lib/gcc/arm-none-eabi/13.3.1/../../../../arm-none-eabi/lib/thumb/v7e-m+fp/hard\libc_nano.a(libc_a-closer.o)
                0x08006d08                _close_r
 .text._lseek_r
                0x08006d28       0x24 C:/ST/STM32CubeIDE_1.18.1/STM32CubeIDE/plugins/com.st.stm32cube.ide.mcu.externaltools.gnu-tools-for-stm32.13.3.rel1.win32_1.0.0.202411081344/tools/bin/../lib/gcc/arm-none-eabi/13.3.1/../../../../arm-none-eabi/lib/thumb/v7e-m+fp/hard\libc_nano.a(libc_a-lseekr.o)
                0x08006d28                _lseek_r
 .text._read_r  0x08006d4c       0x24 C:/ST/STM32CubeIDE_1.18.1/STM32CubeIDE/plugins/com.st.stm32cube.ide.mcu.externaltools.gnu-tools-for-stm32.13.3.rel1.win32_1.0.0.202411081344/tools/bin/../lib/gcc/arm-none-eabi/13.3.1/../../../../arm-none-eabi/lib/thumb/v7e-m+fp/hard\libc_nano.a(libc_a-readr.o)
                0x08006d4c                _read_r
 .text.__libc_init_array
                0x08006d70       0x48 C:/ST/STM32CubeIDE_1.18.1/STM32CubeIDE/plugins/com.st.stm32cube.ide.mcu.externaltools.gnu-tools-for-stm32.13.3.rel1.win32_1.0.0.202411081344/tools/bin/../lib/gcc/arm-none-eabi/13.3.1/../../../../arm-none-eabi/lib/thumb/v7e-m+fp/hard\libc_nano.a(libc_a-init.o)
                0x08006d70                __libc_init_array
 .text.__retarget_lock_init_recursive
                0x08006db8        0x2 C:/ST/STM32CubeIDE_1.18.1/STM32CubeIDE/plugins/com.st.stm32cube.ide.mcu.externaltools.gnu-tools-for-stm32.13.3.rel1.win32_1.0.0.202411081344/tools/bin/../lib/gcc/arm-none-eabi/13.3.1/../../../../arm-none-eabi/lib/thumb/v7e-m+fp/hard\libc_nano.a(libc_a-lock.o)
                0x08006db8                __retarget_lock_init_recursive
 .text.__retarget_lock_acquire_recursive
                0x08006dba        0x2 C:/ST/STM32CubeIDE_1.18.1/STM32CubeIDE/plugins/com.st.stm32cube.ide.mcu.externaltools.gnu-tools-for-stm32.13.3.rel1.win32_1.0.0.202411081344/tools/bin/../lib/gcc/arm-none-eabi/13.3.1/../../../../arm-none-eabi/lib/thumb/v7e-m+fp/hard\libc_nano.a(libc_a-lock.o)
                0x08006dba                __retarget_lock_acquire_recursive
 .text.__retarget_lock_release_recursive
                0x08006dbc        0x2 C:/ST/STM32CubeIDE_1.18.1/STM32CubeIDE/plugins/com.st.stm32cube.ide.mcu.externaltools.gnu-tools-for-stm32.13.3.rel1.win32_1.0.0.202411081344/tools/bin/../lib/gcc/arm-none-eabi/13.3.1/../../../../arm-none-eabi/lib/thumb/v7e-m+fp/hard\libc_nano.a(libc_a-lock.o)
                0x08006dbc                __retarget_lock_release_recursive
 .text.memcpy   0x08006dbe       0x1c C:/ST/STM32CubeIDE_1.18.1/STM32CubeIDE/plugins/com.st.stm32cube.ide.mcu.externaltools.gnu-tools-for-stm32.13.3.rel1.win32_1.0.0.202411081344/tools/bin/../lib/gcc/arm-none-eabi/13.3.1/../../../../arm-none-eabi/lib/thumb/v7e-m+fp/hard\libc_nano.a(libc_a-memcpy-stub.o)
                0x08006dbe                memcpy
 *fill*         0x08006dda        0x2 
 .text._free_r  0x08006ddc       0x94 C:/ST/STM32CubeIDE_1.18.1/STM32CubeIDE/plugins/com.st.stm32cube.ide.mcu.externaltools.gnu-tools-for-stm32.13.3.rel1.win32_1.0.0.202411081344/tools/bin/../lib/gcc/arm-none-eabi/13.3.1/../../../../arm-none-eabi/lib/thumb/v7e-m+fp/hard\libc_nano.a(libc_a-freer.o)
                0x08006ddc                _free_r
 .text.sbrk_aligned
                0x08006e70       0x44 C:/ST/STM32CubeIDE_1.18.1/STM32CubeIDE/plugins/com.st.stm32cube.ide.mcu.externaltools.gnu-tools-for-stm32.13.3.rel1.win32_1.0.0.202411081344/tools/bin/../lib/gcc/arm-none-eabi/13.3.1/../../../../arm-none-eabi/lib/thumb/v7e-m+fp/hard\libc_nano.a(libc_a-mallocr.o)
 .text._malloc_r
                0x08006eb4      0x100 C:/ST/STM32CubeIDE_1.18.1/STM32CubeIDE/plugins/com.st.stm32cube.ide.mcu.externaltools.gnu-tools-for-stm32.13.3.rel1.win32_1.0.0.202411081344/tools/bin/../lib/gcc/arm-none-eabi/13.3.1/../../../../arm-none-eabi/lib/thumb/v7e-m+fp/hard\libc_nano.a(libc_a-mallocr.o)
                0x08006eb4                _malloc_r
 .text.__malloc_lock
                0x08006fb4        0xc C:/ST/STM32CubeIDE_1.18.1/STM32CubeIDE/plugins/com.st.stm32cube.ide.mcu.externaltools.gnu-tools-for-stm32.13.3.rel1.win32_1.0.0.202411081344/tools/bin/../lib/gcc/arm-none-eabi/13.3.1/../../../../arm-none-eabi/lib/thumb/v7e-m+fp/hard\libc_nano.a(libc_a-mlock.o)
                0x08006fb4                __malloc_lock
 .text.__malloc_unlock
                0x08006fc0        0xc C:/ST/STM32CubeIDE_1.18.1/STM32CubeIDE/plugins/com.st.stm32cube.ide.mcu.externaltools.gnu-tools-for-stm32.13.3.rel1.win32_1.0.0.202411081344/tools/bin/../lib/gcc/arm-none-eabi/13.3.1/../../../../arm-none-eabi/lib/thumb/v7e-m+fp/hard\libc_nano.a(libc_a-mlock.o)
                0x08006fc0                __malloc_unlock
 .text.__sflush_r
                0x08006fcc      0x108 C:/ST/STM32CubeIDE_1.18.1/STM32CubeIDE/plugins/com.st.stm32cube.ide.mcu.externaltools.gnu-tools-for-stm32.13.3.rel1.win32_1.0.0.202411081344/tools/bin/../lib/gcc/arm-none-eabi/13.3.1/../../../../arm-none-eabi/lib/thumb/v7e-m+fp/hard\libc_nano.a(libc_a-fflush.o)
                0x08006fcc                __sflush_r
 .text._fflush_r
                0x080070d4       0x50 C:/ST/STM32CubeIDE_1.18.1/STM32CubeIDE/plugins/com.st.stm32cube.ide.mcu.externaltools.gnu-tools-for-stm32.13.3.rel1.win32_1.0.0.202411081344/tools/bin/../lib/gcc/arm-none-eabi/13.3.1/../../../../arm-none-eabi/lib/thumb/v7e-m+fp/hard\libc_nano.a(libc_a-fflush.o)
                0x080070d4                _fflush_r
 .text.__swhatbuf_r
                0x08007124       0x4c C:/ST/STM32CubeIDE_1.18.1/STM32CubeIDE/plugins/com.st.stm32cube.ide.mcu.externaltools.gnu-tools-for-stm32.13.3.rel1.win32_1.0.0.202411081344/tools/bin/../lib/gcc/arm-none-eabi/13.3.1/../../../../arm-none-eabi/lib/thumb/v7e-m+fp/hard\libc_nano.a(libc_a-makebuf.o)
                0x08007124                __swhatbuf_r
 .text.__smakebuf_r
                0x08007170       0x78 C:/ST/STM32CubeIDE_1.18.1/STM32CubeIDE/plugins/com.st.stm32cube.ide.mcu.externaltools.gnu-tools-for-stm32.13.3.rel1.win32_1.0.0.202411081344/tools/bin/../lib/gcc/arm-none-eabi/13.3.1/../../../../arm-none-eabi/lib/thumb/v7e-m+fp/hard\libc_nano.a(libc_a-makebuf.o)
                0x08007170                __smakebuf_r
 .text._fstat_r
                0x080071e8       0x24 C:/ST/STM32CubeIDE_1.18.1/STM32CubeIDE/plugins/com.st.stm32cube.ide.mcu.externaltools.gnu-tools-for-stm32.13.3.rel1.win32_1.0.0.202411081344/tools/bin/../lib/gcc/arm-none-eabi/13.3.1/../../../../arm-none-eabi/lib/thumb/v7e-m+fp/hard\libc_nano.a(libc_a-fstatr.o)
                0x080071e8                _fstat_r
 .text._isatty_r
                0x0800720c       0x20 C:/ST/STM32CubeIDE_1.18.1/STM32CubeIDE/plugins/com.st.stm32cube.ide.mcu.externaltools.gnu-tools-for-stm32.13.3.rel1.win32_1.0.0.202411081344/tools/bin/../lib/gcc/arm-none-eabi/13.3.1/../../../../arm-none-eabi/lib/thumb/v7e-m+fp/hard\libc_nano.a(libc_a-isattyr.o)
                0x0800720c                _isatty_r
 .text._sbrk_r  0x0800722c       0x20 C:/ST/STM32CubeIDE_1.18.1/STM32CubeIDE/plugins/com.st.stm32cube.ide.mcu.externaltools.gnu-tools-for-stm32.13.3.rel1.win32_1.0.0.202411081344/tools/bin/../lib/gcc/arm-none-eabi/13.3.1/../../../../arm-none-eabi/lib/thumb/v7e-m+fp/hard\libc_nano.a(libc_a-sbrkr.o)
                0x0800722c                _sbrk_r
 .text._sbrk    0x0800724c       0x1c C:/ST/STM32CubeIDE_1.18.1/STM32CubeIDE/plugins/com.st.stm32cube.ide.mcu.externaltools.gnu-tools-for-stm32.13.3.rel1.win32_1.0.0.202411081344/tools/bin/../lib/gcc/arm-none-eabi/13.3.1/../../../../arm-none-eabi/lib/thumb/v7e-m+fp/hard\libnosys.a(sbrk.o)
                0x0800724c                _sbrk
 *(.glue_7)
 .glue_7        0x08007268        0x0 linker stubs
 *(.glue_7t)
 .glue_7t       0x08007268        0x0 linker stubs
 *(.eh_frame)
 .eh_frame      0x08007268        0x0 C:/ST/STM32CubeIDE_1.18.1/STM32CubeIDE/plugins/com.st.stm32cube.ide.mcu.externaltools.gnu-tools-for-stm32.13.3.rel1.win32_1.0.0.202411081344/tools/bin/../lib/gcc/arm-none-eabi/13.3.1/thumb/v7e-m+fp/hard/crtbegin.o
 *(.init)
 .init          0x08007268        0x4 C:/ST/STM32CubeIDE_1.18.1/STM32CubeIDE/plugins/com.st.stm32cube.ide.mcu.externaltools.gnu-tools-for-stm32.13.3.rel1.win32_1.0.0.202411081344/tools/bin/../lib/gcc/arm-none-eabi/13.3.1/thumb/v7e-m+fp/hard/crti.o
                0x08007268                _init
 .init          0x0800726c        0x8 C:/ST/STM32CubeIDE_1.18.1/STM32CubeIDE/plugins/com.st.stm32cube.ide.mcu.externaltools.gnu-tools-for-stm32.13.3.rel1.win32_1.0.0.202411081344/tools/bin/../lib/gcc/arm-none-eabi/13.3.1/thumb/v7e-m+fp/hard/crtn.o
 *(.fini)
 .fini          0x08007274        0x4 C:/ST/STM32CubeIDE_1.18.1/STM32CubeIDE/plugins/com.st.stm32cube.ide.mcu.externaltools.gnu-tools-for-stm32.13.3.rel1.win32_1.0.0.202411081344/tools/bin/../lib/gcc/arm-none-eabi/13.3.1/thumb/v7e-m+fp/hard/crti.o
                0x08007274                _fini
 .fini          0x08007278        0x8 C:/ST/STM32CubeIDE_1.18.1/STM32CubeIDE/plugins/com.st.stm32cube.ide.mcu.externaltools.gnu-tools-for-stm32.13.3.rel1.win32_1.0.0.202411081344/tools/bin/../lib/gcc/arm-none-eabi/13.3.1/thumb/v7e-m+fp/hard/crtn.o
                0x08007280                        . = ALIGN (0x4)
                0x08007280                        _etext = .

.vfp11_veneer   0x08007280        0x0
 .vfp11_veneer  0x08007280        0x0 linker stubs

.v4_bx          0x08007280        0x0
 .v4_bx         0x08007280        0x0 linker stubs

.iplt           0x08007280        0x0
 .iplt          0x08007280        0x0 C:/ST/STM32CubeIDE_1.18.1/STM32CubeIDE/plugins/com.st.stm32cube.ide.mcu.externaltools.gnu-tools-for-stm32.13.3.rel1.win32_1.0.0.202411081344/tools/bin/../lib/gcc/arm-none-eabi/13.3.1/thumb/v7e-m+fp/hard/crtbegin.o

.rodata         0x08007280      0x160
                0x08007280                        . = ALIGN (0x4)
 *(.rodata)
 .rodata        0x08007280       0x3f ./Core/Src/main.o
 *fill*         0x080072bf        0x1 
 .rodata        0x080072c0        0x5 ./Third_party/FreeRTOS/tasks.o
 *fill*         0x080072c5        0x3 
 .rodata        0x080072c8        0xd ./Third_party/FreeRTOS/timers.o
 *fill*         0x080072d5        0x3 
 .rodata        0x080072d8       0x5d ./Third_party/SEGGER/Config/SEGGER_SYSVIEW_Config_FreeRTOS.o
 *fill*         0x08007335        0x3 
 .rodata        0x08007338       0x58 ./Third_party/SEGGER/OS/SEGGER_SYSVIEW_FreeRTOS.o
 .rodata        0x08007390       0x17 ./Third_party/SEGGER/SEGGER/SEGGER_RTT.o
 *fill*         0x080073a7        0x1 
 .rodata        0x080073a8        0x8 ./Third_party/SEGGER/SEGGER/SEGGER_SYSVIEW.o
 *(.rodata*)
 .rodata.AHBPrescTable
                0x080073b0       0x10 ./Core/Src/system_stm32f4xx.o
                0x080073b0                AHBPrescTable
 .rodata.APBPrescTable
                0x080073c0        0x8 ./Core/Src/system_stm32f4xx.o
                0x080073c0                APBPrescTable
 .rodata.uxTopUsedPriority
                0x080073c8        0x4 ./Third_party/FreeRTOS/tasks.o
                0x080073c8                uxTopUsedPriority
 .rodata.SYSVIEW_X_OS_TraceAPI
                0x080073cc        0x8 ./Third_party/SEGGER/OS/SEGGER_SYSVIEW_FreeRTOS.o
                0x080073cc                SYSVIEW_X_OS_TraceAPI
 .rodata._abSync
                0x080073d4        0xa ./Third_party/SEGGER/SEGGER/SEGGER_SYSVIEW.o
                0x080073e0                        . = ALIGN (0x4)
 *fill*         0x080073de        0x2 

.ARM.extab      0x080073e0        0x0
                0x080073e0                        . = ALIGN (0x4)
 *(.ARM.extab* .gnu.linkonce.armextab.*)
                0x080073e0                        . = ALIGN (0x4)

.ARM            0x080073e0        0x8
                0x080073e0                        . = ALIGN (0x4)
                0x080073e0                        __exidx_start = .
 *(.ARM.exidx*)
 .ARM.exidx     0x080073e0        0x8 C:/ST/STM32CubeIDE_1.18.1/STM32CubeIDE/plugins/com.st.stm32cube.ide.mcu.externaltools.gnu-tools-for-stm32.13.3.rel1.win32_1.0.0.202411081344/tools/bin/../lib/gcc/arm-none-eabi/13.3.1/thumb/v7e-m+fp/hard\libgcc.a(_udivmoddi4.o)
                0x080073e8                        __exidx_end = .
                0x080073e8                        . = ALIGN (0x4)

.preinit_array  0x080073e8        0x0
                0x080073e8                        . = ALIGN (0x4)
                0x080073e8                        PROVIDE (__preinit_array_start = .)
 *(.preinit_array*)
                0x080073e8                        PROVIDE (__preinit_array_end = .)
                0x080073e8                        . = ALIGN (0x4)

.init_array     0x080073e8        0x4
                0x080073e8                        . = ALIGN (0x4)
                0x080073e8                        PROVIDE (__init_array_start = .)
 *(SORT_BY_NAME(.init_array.*))
 *(.init_array*)
 .init_array    0x080073e8        0x4 C:/ST/STM32CubeIDE_1.18.1/STM32CubeIDE/plugins/com.st.stm32cube.ide.mcu.externaltools.gnu-tools-for-stm32.13.3.rel1.win32_1.0.0.202411081344/tools/bin/../lib/gcc/arm-none-eabi/13.3.1/thumb/v7e-m+fp/hard/crtbegin.o
                0x080073ec                        PROVIDE (__init_array_end = .)
                0x080073ec                        . = ALIGN (0x4)

.fini_array     0x080073ec        0x4
                0x080073ec                        . = ALIGN (0x4)
                [!provide]                        PROVIDE (__fini_array_start = .)
 *(SORT_BY_NAME(.fini_array.*))
 *(.fini_array*)
 .fini_array    0x080073ec        0x4 C:/ST/STM32CubeIDE_1.18.1/STM32CubeIDE/plugins/com.st.stm32cube.ide.mcu.externaltools.gnu-tools-for-stm32.13.3.rel1.win32_1.0.0.202411081344/tools/bin/../lib/gcc/arm-none-eabi/13.3.1/thumb/v7e-m+fp/hard/crtbegin.o
                [!provide]                        PROVIDE (__fini_array_end = .)
                0x080073f0                        . = ALIGN (0x4)
                0x080073f0                        _sidata = LOADADDR (.data)

.rel.dyn        0x080073f0        0x0
 .rel.iplt      0x080073f0        0x0 C:/ST/STM32CubeIDE_1.18.1/STM32CubeIDE/plugins/com.st.stm32cube.ide.mcu.externaltools.gnu-tools-for-stm32.13.3.rel1.win32_1.0.0.202411081344/tools/bin/../lib/gcc/arm-none-eabi/13.3.1/thumb/v7e-m+fp/hard/crtbegin.o

.data           0x20000000       0x6c load address 0x080073f0
                0x20000000                        . = ALIGN (0x4)
                0x20000000                        _sdata = .
 *(.data)
 *(.data*)
 .data.SystemCoreClock
                0x20000000        0x4 ./Core/Src/system_stm32f4xx.o
                0x20000000                SystemCoreClock
 .data.uwTickPrio
                0x20000004        0x4 ./Drivers/STM32F4xx_HAL_Driver/Src/stm32f4xx_hal.o
                0x20000004                uwTickPrio
 .data.uwTickFreq
                0x20000008        0x1 ./Drivers/STM32F4xx_HAL_Driver/Src/stm32f4xx_hal.o
                0x20000008                uwTickFreq
 *fill*         0x20000009        0x3 
 .data.uxCriticalNesting
                0x2000000c        0x4 ./Third_party/FreeRTOS/portable/GCC/ARM_CM4F/port.o
 .data.__sglue  0x20000010        0xc C:/ST/STM32CubeIDE_1.18.1/STM32CubeIDE/plugins/com.st.stm32cube.ide.mcu.externaltools.gnu-tools-for-stm32.13.3.rel1.win32_1.0.0.202411081344/tools/bin/../lib/gcc/arm-none-eabi/13.3.1/../../../../arm-none-eabi/lib/thumb/v7e-m+fp/hard\libc_nano.a(libc_a-findfp.o)
                0x20000010                __sglue
 .data._impure_ptr
                0x2000001c        0x4 C:/ST/STM32CubeIDE_1.18.1/STM32CubeIDE/plugins/com.st.stm32cube.ide.mcu.externaltools.gnu-tools-for-stm32.13.3.rel1.win32_1.0.0.202411081344/tools/bin/../lib/gcc/arm-none-eabi/13.3.1/../../../../arm-none-eabi/lib/thumb/v7e-m+fp/hard\libc_nano.a(libc_a-impure.o)
                0x2000001c                _impure_ptr
 .data._impure_data
                0x20000020       0x4c C:/ST/STM32CubeIDE_1.18.1/STM32CubeIDE/plugins/com.st.stm32cube.ide.mcu.externaltools.gnu-tools-for-stm32.13.3.rel1.win32_1.0.0.202411081344/tools/bin/../lib/gcc/arm-none-eabi/13.3.1/../../../../arm-none-eabi/lib/thumb/v7e-m+fp/hard\libc_nano.a(libc_a-impure.o)
                0x20000020                _impure_data
 *(.RamFunc)
 *(.RamFunc*)
                0x2000006c                        . = ALIGN (0x4)
                0x2000006c                        _edata = .

.igot.plt       0x2000006c        0x0 load address 0x0800745c
 .igot.plt      0x2000006c        0x0 C:/ST/STM32CubeIDE_1.18.1/STM32CubeIDE/plugins/com.st.stm32cube.ide.mcu.externaltools.gnu-tools-for-stm32.13.3.rel1.win32_1.0.0.202411081344/tools/bin/../lib/gcc/arm-none-eabi/13.3.1/thumb/v7e-m+fp/hard/crtbegin.o
                0x2000006c                        . = ALIGN (0x4)

.bss            0x2000006c    0x145d8 load address 0x0800745c
                0x2000006c                        _sbss = .
                0x2000006c                        __bss_start__ = _sbss
 *(.bss)
 .bss           0x2000006c       0x1c C:/ST/STM32CubeIDE_1.18.1/STM32CubeIDE/plugins/com.st.stm32cube.ide.mcu.externaltools.gnu-tools-for-stm32.13.3.rel1.win32_1.0.0.202411081344/tools/bin/../lib/gcc/arm-none-eabi/13.3.1/thumb/v7e-m+fp/hard/crtbegin.o
 *(.bss*)
 .bss.htim6     0x20000088       0x48 ./Core/Src/stm32f4xx_hal_timebase_tim.o
                0x20000088                htim6
 .bss.uwTick    0x200000d0        0x4 ./Drivers/STM32F4xx_HAL_Driver/Src/stm32f4xx_hal.o
                0x200000d0                uwTick
 .bss.xQueueRegistry
                0x200000d4       0x40 ./Third_party/FreeRTOS/queue.o
                0x200000d4                xQueueRegistry
 .bss.pxCurrentTCB
                0x20000114        0x4 ./Third_party/FreeRTOS/tasks.o
                0x20000114                pxCurrentTCB
 .bss.pxReadyTasksLists
                0x20000118       0x64 ./Third_party/FreeRTOS/tasks.o
 .bss.xDelayedTaskList1
                0x2000017c       0x14 ./Third_party/FreeRTOS/tasks.o
 .bss.xDelayedTaskList2
                0x20000190       0x14 ./Third_party/FreeRTOS/tasks.o
 .bss.pxDelayedTaskList
                0x200001a4        0x4 ./Third_party/FreeRTOS/tasks.o
 .bss.pxOverflowDelayedTaskList
                0x200001a8        0x4 ./Third_party/FreeRTOS/tasks.o
 .bss.xPendingReadyList
                0x200001ac       0x14 ./Third_party/FreeRTOS/tasks.o
 .bss.xTasksWaitingTermination
                0x200001c0       0x14 ./Third_party/FreeRTOS/tasks.o
 .bss.uxDeletedTasksWaitingCleanUp
                0x200001d4        0x4 ./Third_party/FreeRTOS/tasks.o
 .bss.xSuspendedTaskList
                0x200001d8       0x14 ./Third_party/FreeRTOS/tasks.o
 .bss.uxCurrentNumberOfTasks
                0x200001ec        0x4 ./Third_party/FreeRTOS/tasks.o
 .bss.xTickCount
                0x200001f0        0x4 ./Third_party/FreeRTOS/tasks.o
 .bss.uxTopReadyPriority
                0x200001f4        0x4 ./Third_party/FreeRTOS/tasks.o
 .bss.xSchedulerRunning
                0x200001f8        0x4 ./Third_party/FreeRTOS/tasks.o
 .bss.xPendedTicks
                0x200001fc        0x4 ./Third_party/FreeRTOS/tasks.o
 .bss.xYieldPending
                0x20000200        0x4 ./Third_party/FreeRTOS/tasks.o
 .bss.xNumOfOverflows
                0x20000204        0x4 ./Third_party/FreeRTOS/tasks.o
 .bss.uxTaskNumber
                0x20000208        0x4 ./Third_party/FreeRTOS/tasks.o
 .bss.xNextTaskUnblockTime
                0x2000020c        0x4 ./Third_party/FreeRTOS/tasks.o
 .bss.xIdleTaskHandle
                0x20000210        0x4 ./Third_party/FreeRTOS/tasks.o
 .bss.uxSchedulerSuspended
                0x20000214        0x4 ./Third_party/FreeRTOS/tasks.o
 .bss.xActiveTimerList1
                0x20000218       0x14 ./Third_party/FreeRTOS/timers.o
 .bss.xActiveTimerList2
                0x2000022c       0x14 ./Third_party/FreeRTOS/timers.o
 .bss.pxCurrentTimerList
                0x20000240        0x4 ./Third_party/FreeRTOS/timers.o
 .bss.pxOverflowTimerList
                0x20000244        0x4 ./Third_party/FreeRTOS/timers.o
 .bss.xTimerQueue
                0x20000248        0x4 ./Third_party/FreeRTOS/timers.o
 .bss.xTimerTaskHandle
                0x2000024c        0x4 ./Third_party/FreeRTOS/timers.o
 .bss.xLastTime.0
                0x20000250        0x4 ./Third_party/FreeRTOS/timers.o
 .bss.ucMaxSysCallPriority
                0x20000254        0x1 ./Third_party/FreeRTOS/portable/GCC/ARM_CM4F/port.o
 *fill*         0x20000255        0x3 
 .bss.ulMaxPRIGROUPValue
                0x20000258        0x4 ./Third_party/FreeRTOS/portable/GCC/ARM_CM4F/port.o
 .bss.ucHeap    0x2000025c    0x12c00 ./Third_party/FreeRTOS/portable/MemMang/heap_4.o
 .bss.xStart    0x20012e5c        0x8 ./Third_party/FreeRTOS/portable/MemMang/heap_4.o
 .bss.pxEnd     0x20012e64        0x4 ./Third_party/FreeRTOS/portable/MemMang/heap_4.o
 .bss.xFreeBytesRemaining
                0x20012e68        0x4 ./Third_party/FreeRTOS/portable/MemMang/heap_4.o
 .bss.xMinimumEverFreeBytesRemaining
                0x20012e6c        0x4 ./Third_party/FreeRTOS/portable/MemMang/heap_4.o
 .bss.xNumberOfSuccessfulAllocations
                0x20012e70        0x4 ./Third_party/FreeRTOS/portable/MemMang/heap_4.o
 .bss.xNumberOfSuccessfulFrees
                0x20012e74        0x4 ./Third_party/FreeRTOS/portable/MemMang/heap_4.o
 .bss.xBlockAllocatedBit
                0x20012e78        0x4 ./Third_party/FreeRTOS/portable/MemMang/heap_4.o
 .bss._aTasks   0x20012e7c       0xa0 ./Third_party/SEGGER/OS/SEGGER_SYSVIEW_FreeRTOS.o
 .bss._NumTasks
                0x20012f1c        0x4 ./Third_party/SEGGER/OS/SEGGER_SYSVIEW_FreeRTOS.o
 .bss._SEGGER_RTT
                0x20012f20       0xa8 ./Third_party/SEGGER/SEGGER/SEGGER_RTT.o
                0x20012f20                _SEGGER_RTT
 .bss._acUpBuffer
                0x20012fc8      0x400 ./Third_party/SEGGER/SEGGER/SEGGER_RTT.o
 .bss._acDownBuffer
                0x200133c8       0x10 ./Third_party/SEGGER/SEGGER/SEGGER_RTT.o
 .bss._UpBuffer
                0x200133d8     0x1000 ./Third_party/SEGGER/SEGGER/SEGGER_SYSVIEW.o
 .bss._DownBuffer
                0x200143d8        0x8 ./Third_party/SEGGER/SEGGER/SEGGER_SYSVIEW.o
 .bss._SYSVIEW_Globals
                0x200143e0       0x28 ./Third_party/SEGGER/SEGGER/SEGGER_SYSVIEW.o
 .bss._pFirstModule
                0x20014408        0x4 ./Third_party/SEGGER/SEGGER/SEGGER_SYSVIEW.o
 .bss._NumModules
                0x2001440c        0x1 ./Third_party/SEGGER/SEGGER/SEGGER_SYSVIEW.o
 *fill*         0x2001440d        0x3 
 .bss._aPacket  0x20014410       0xe3 ./Third_party/SEGGER/SEGGER/SEGGER_SYSVIEW.o
 *fill*         0x200144f3        0x1 
 .bss.__sf      0x200144f4      0x138 C:/ST/STM32CubeIDE_1.18.1/STM32CubeIDE/plugins/com.st.stm32cube.ide.mcu.externaltools.gnu-tools-for-stm32.13.3.rel1.win32_1.0.0.202411081344/tools/bin/../lib/gcc/arm-none-eabi/13.3.1/../../../../arm-none-eabi/lib/thumb/v7e-m+fp/hard\libc_nano.a(libc_a-findfp.o)
                0x200144f4                __sf
 .bss.__stdio_exit_handler
                0x2001462c        0x4 C:/ST/STM32CubeIDE_1.18.1/STM32CubeIDE/plugins/com.st.stm32cube.ide.mcu.externaltools.gnu-tools-for-stm32.13.3.rel1.win32_1.0.0.202411081344/tools/bin/../lib/gcc/arm-none-eabi/13.3.1/../../../../arm-none-eabi/lib/thumb/v7e-m+fp/hard\libc_nano.a(libc_a-findfp.o)
                0x2001462c                __stdio_exit_handler
 .bss.errno     0x20014630        0x4 C:/ST/STM32CubeIDE_1.18.1/STM32CubeIDE/plugins/com.st.stm32cube.ide.mcu.externaltools.gnu-tools-for-stm32.13.3.rel1.win32_1.0.0.202411081344/tools/bin/../lib/gcc/arm-none-eabi/13.3.1/../../../../arm-none-eabi/lib/thumb/v7e-m+fp/hard\libc_nano.a(libc_a-reent.o)
                0x20014630                errno
 .bss.__lock___malloc_recursive_mutex
                0x20014634        0x1 C:/ST/STM32CubeIDE_1.18.1/STM32CubeIDE/plugins/com.st.stm32cube.ide.mcu.externaltools.gnu-tools-for-stm32.13.3.rel1.win32_1.0.0.202411081344/tools/bin/../lib/gcc/arm-none-eabi/13.3.1/../../../../arm-none-eabi/lib/thumb/v7e-m+fp/hard\libc_nano.a(libc_a-lock.o)
                0x20014634                __lock___malloc_recursive_mutex
 .bss.__lock___sfp_recursive_mutex
                0x20014635        0x1 C:/ST/STM32CubeIDE_1.18.1/STM32CubeIDE/plugins/com.st.stm32cube.ide.mcu.externaltools.gnu-tools-for-stm32.13.3.rel1.win32_1.0.0.202411081344/tools/bin/../lib/gcc/arm-none-eabi/13.3.1/../../../../arm-none-eabi/lib/thumb/v7e-m+fp/hard\libc_nano.a(libc_a-lock.o)
                0x20014635                __lock___sfp_recursive_mutex
 *fill*         0x20014636        0x2 
 .bss.__malloc_sbrk_start
                0x20014638        0x4 C:/ST/STM32CubeIDE_1.18.1/STM32CubeIDE/plugins/com.st.stm32cube.ide.mcu.externaltools.gnu-tools-for-stm32.13.3.rel1.win32_1.0.0.202411081344/tools/bin/../lib/gcc/arm-none-eabi/13.3.1/../../../../arm-none-eabi/lib/thumb/v7e-m+fp/hard\libc_nano.a(libc_a-mallocr.o)
                0x20014638                __malloc_sbrk_start
 .bss.__malloc_free_list
                0x2001463c        0x4 C:/ST/STM32CubeIDE_1.18.1/STM32CubeIDE/plugins/com.st.stm32cube.ide.mcu.externaltools.gnu-tools-for-stm32.13.3.rel1.win32_1.0.0.202411081344/tools/bin/../lib/gcc/arm-none-eabi/13.3.1/../../../../arm-none-eabi/lib/thumb/v7e-m+fp/hard\libc_nano.a(libc_a-mallocr.o)
                0x2001463c                __malloc_free_list
 .bss.heap_end.0
                0x20014640        0x4 C:/ST/STM32CubeIDE_1.18.1/STM32CubeIDE/plugins/com.st.stm32cube.ide.mcu.externaltools.gnu-tools-for-stm32.13.3.rel1.win32_1.0.0.202411081344/tools/bin/../lib/gcc/arm-none-eabi/13.3.1/../../../../arm-none-eabi/lib/thumb/v7e-m+fp/hard\libnosys.a(sbrk.o)
 *(COMMON)
                0x20014644                        . = ALIGN (0x4)
                0x20014644                        _ebss = .
                0x20014644                        __bss_end__ = _ebss

._user_heap_stack
                0x20014644      0x604 load address 0x0800745c
                0x20014648                        . = ALIGN (0x8)
 *fill*         0x20014644        0x4 
                0x20014648                        PROVIDE (end = .)
                [!provide]                        PROVIDE (_end = .)
                0x20014848                        . = (. + _Min_Heap_Size)
 *fill*         0x20014648      0x200 
                0x20014c48                        . = (. + _Min_Stack_Size)
 *fill*         0x20014848      0x400 
                0x20014c48                        . = ALIGN (0x8)

/DISCARD/
 libc.a(*)
 libm.a(*)
 libgcc.a(*)

.ARM.attributes
                0x00000000       0x30
 *(.ARM.attributes)
 .ARM.attributes
                0x00000000       0x22 C:/ST/STM32CubeIDE_1.18.1/STM32CubeIDE/plugins/com.st.stm32cube.ide.mcu.externaltools.gnu-tools-for-stm32.13.3.rel1.win32_1.0.0.202411081344/tools/bin/../lib/gcc/arm-none-eabi/13.3.1/thumb/v7e-m+fp/hard/crti.o
 .ARM.attributes
                0x00000022       0x34 C:/ST/STM32CubeIDE_1.18.1/STM32CubeIDE/plugins/com.st.stm32cube.ide.mcu.externaltools.gnu-tools-for-stm32.13.3.rel1.win32_1.0.0.202411081344/tools/bin/../lib/gcc/arm-none-eabi/13.3.1/thumb/v7e-m+fp/hard/crtbegin.o
 .ARM.attributes
                0x00000056       0x34 ./Core/Src/main.o
 .ARM.attributes
                0x0000008a       0x34 ./Core/Src/stm32f4xx_hal_msp.o
 .ARM.attributes
                0x000000be       0x34 ./Core/Src/stm32f4xx_hal_timebase_tim.o
 .ARM.attributes
                0x000000f2       0x34 ./Core/Src/stm32f4xx_it.o
 .ARM.attributes
                0x00000126       0x34 ./Core/Src/syscalls.o
 .ARM.attributes
                0x0000015a       0x34 ./Core/Src/system_stm32f4xx.o
 .ARM.attributes
                0x0000018e       0x21 ./Core/Startup/startup_stm32f446retx.o
 .ARM.attributes
                0x000001af       0x34 ./Drivers/STM32F4xx_HAL_Driver/Src/stm32f4xx_hal.o
 .ARM.attributes
                0x000001e3       0x34 ./Drivers/STM32F4xx_HAL_Driver/Src/stm32f4xx_hal_cortex.o
 .ARM.attributes
                0x00000217       0x34 ./Drivers/STM32F4xx_HAL_Driver/Src/stm32f4xx_hal_gpio.o
 .ARM.attributes
                0x0000024b       0x34 ./Drivers/STM32F4xx_HAL_Driver/Src/stm32f4xx_hal_rcc.o
 .ARM.attributes
                0x0000027f       0x34 ./Drivers/STM32F4xx_HAL_Driver/Src/stm32f4xx_hal_rcc_ex.o
 .ARM.attributes
                0x000002b3       0x34 ./Drivers/STM32F4xx_HAL_Driver/Src/stm32f4xx_hal_tim.o
 .ARM.attributes
                0x000002e7       0x34 ./Drivers/STM32F4xx_HAL_Driver/Src/stm32f4xx_hal_tim_ex.o
 .ARM.attributes
                0x0000031b       0x34 ./Third_party/FreeRTOS/list.o
 .ARM.attributes
                0x0000034f       0x34 ./Third_party/FreeRTOS/queue.o
 .ARM.attributes
                0x00000383       0x34 ./Third_party/FreeRTOS/tasks.o
 .ARM.attributes
                0x000003b7       0x34 ./Third_party/FreeRTOS/timers.o
 .ARM.attributes
                0x000003eb       0x34 ./Third_party/FreeRTOS/portable/GCC/ARM_CM4F/port.o
 .ARM.attributes
                0x0000041f       0x34 ./Third_party/FreeRTOS/portable/MemMang/heap_4.o
 .ARM.attributes
                0x00000453       0x34 ./Third_party/SEGGER/Config/SEGGER_SYSVIEW_Config_FreeRTOS.o
 .ARM.attributes
                0x00000487       0x34 ./Third_party/SEGGER/OS/SEGGER_SYSVIEW_FreeRTOS.o
 .ARM.attributes
                0x000004bb       0x34 ./Third_party/SEGGER/SEGGER/SEGGER_RTT.o
 .ARM.attributes
                0x000004ef       0x20 ./Third_party/SEGGER/SEGGER/SEGGER_RTT_ASM_ARMv7M.o
 .ARM.attributes
                0x0000050f       0x34 ./Third_party/SEGGER/SEGGER/SEGGER_SYSVIEW.o
 .ARM.attributes
                0x00000543       0x34 ./Third_party/SEGGER/SEGGER/Syscalls/SEGGER_RTT_Syscalls_GCC.o
 .ARM.attributes
                0x00000577       0x34 C:/ST/STM32CubeIDE_1.18.1/STM32CubeIDE/plugins/com.st.stm32cube.ide.mcu.externaltools.gnu-tools-for-stm32.13.3.rel1.win32_1.0.0.202411081344/tools/bin/../lib/gcc/arm-none-eabi/13.3.1/../../../../arm-none-eabi/lib/thumb/v7e-m+fp/hard\libc_nano.a(libc_a-findfp.o)
 .ARM.attributes
                0x000005ab       0x34 C:/ST/STM32CubeIDE_1.18.1/STM32CubeIDE/plugins/com.st.stm32cube.ide.mcu.externaltools.gnu-tools-for-stm32.13.3.rel1.win32_1.0.0.202411081344/tools/bin/../lib/gcc/arm-none-eabi/13.3.1/../../../../arm-none-eabi/lib/thumb/v7e-m+fp/hard\libc_nano.a(libc_a-fwalk.o)
 .ARM.attributes
                0x000005df       0x34 C:/ST/STM32CubeIDE_1.18.1/STM32CubeIDE/plugins/com.st.stm32cube.ide.mcu.externaltools.gnu-tools-for-stm32.13.3.rel1.win32_1.0.0.202411081344/tools/bin/../lib/gcc/arm-none-eabi/13.3.1/../../../../arm-none-eabi/lib/thumb/v7e-m+fp/hard\libc_nano.a(libc_a-puts.o)
 .ARM.attributes
                0x00000613       0x34 C:/ST/STM32CubeIDE_1.18.1/STM32CubeIDE/plugins/com.st.stm32cube.ide.mcu.externaltools.gnu-tools-for-stm32.13.3.rel1.win32_1.0.0.202411081344/tools/bin/../lib/gcc/arm-none-eabi/13.3.1/../../../../arm-none-eabi/lib/thumb/v7e-m+fp/hard\libc_nano.a(libc_a-stdio.o)
 .ARM.attributes
                0x00000647       0x34 C:/ST/STM32CubeIDE_1.18.1/STM32CubeIDE/plugins/com.st.stm32cube.ide.mcu.externaltools.gnu-tools-for-stm32.13.3.rel1.win32_1.0.0.202411081344/tools/bin/../lib/gcc/arm-none-eabi/13.3.1/../../../../arm-none-eabi/lib/thumb/v7e-m+fp/hard\libc_nano.a(libc_a-wbuf.o)
 .ARM.attributes
                0x0000067b       0x34 C:/ST/STM32CubeIDE_1.18.1/STM32CubeIDE/plugins/com.st.stm32cube.ide.mcu.externaltools.gnu-tools-for-stm32.13.3.rel1.win32_1.0.0.202411081344/tools/bin/../lib/gcc/arm-none-eabi/13.3.1/../../../../arm-none-eabi/lib/thumb/v7e-m+fp/hard\libc_nano.a(libc_a-wsetup.o)
 .ARM.attributes
                0x000006af       0x34 C:/ST/STM32CubeIDE_1.18.1/STM32CubeIDE/plugins/com.st.stm32cube.ide.mcu.externaltools.gnu-tools-for-stm32.13.3.rel1.win32_1.0.0.202411081344/tools/bin/../lib/gcc/arm-none-eabi/13.3.1/../../../../arm-none-eabi/lib/thumb/v7e-m+fp/hard\libc_nano.a(libc_a-memcmp.o)
 .ARM.attributes
                0x000006e3       0x34 C:/ST/STM32CubeIDE_1.18.1/STM32CubeIDE/plugins/com.st.stm32cube.ide.mcu.externaltools.gnu-tools-for-stm32.13.3.rel1.win32_1.0.0.202411081344/tools/bin/../lib/gcc/arm-none-eabi/13.3.1/../../../../arm-none-eabi/lib/thumb/v7e-m+fp/hard\libc_nano.a(libc_a-memset.o)
 .ARM.attributes
                0x00000717       0x34 C:/ST/STM32CubeIDE_1.18.1/STM32CubeIDE/plugins/com.st.stm32cube.ide.mcu.externaltools.gnu-tools-for-stm32.13.3.rel1.win32_1.0.0.202411081344/tools/bin/../lib/gcc/arm-none-eabi/13.3.1/../../../../arm-none-eabi/lib/thumb/v7e-m+fp/hard\libc_nano.a(libc_a-closer.o)
 .ARM.attributes
                0x0000074b       0x34 C:/ST/STM32CubeIDE_1.18.1/STM32CubeIDE/plugins/com.st.stm32cube.ide.mcu.externaltools.gnu-tools-for-stm32.13.3.rel1.win32_1.0.0.202411081344/tools/bin/../lib/gcc/arm-none-eabi/13.3.1/../../../../arm-none-eabi/lib/thumb/v7e-m+fp/hard\libc_nano.a(libc_a-reent.o)
 .ARM.attributes
                0x0000077f       0x34 C:/ST/STM32CubeIDE_1.18.1/STM32CubeIDE/plugins/com.st.stm32cube.ide.mcu.externaltools.gnu-tools-for-stm32.13.3.rel1.win32_1.0.0.202411081344/tools/bin/../lib/gcc/arm-none-eabi/13.3.1/../../../../arm-none-eabi/lib/thumb/v7e-m+fp/hard\libc_nano.a(libc_a-impure.o)
 .ARM.attributes
                0x000007b3       0x34 C:/ST/STM32CubeIDE_1.18.1/STM32CubeIDE/plugins/com.st.stm32cube.ide.mcu.externaltools.gnu-tools-for-stm32.13.3.rel1.win32_1.0.0.202411081344/tools/bin/../lib/gcc/arm-none-eabi/13.3.1/../../../../arm-none-eabi/lib/thumb/v7e-m+fp/hard\libc_nano.a(libc_a-lseekr.o)
 .ARM.attributes
                0x000007e7       0x34 C:/ST/STM32CubeIDE_1.18.1/STM32CubeIDE/plugins/com.st.stm32cube.ide.mcu.externaltools.gnu-tools-for-stm32.13.3.rel1.win32_1.0.0.202411081344/tools/bin/../lib/gcc/arm-none-eabi/13.3.1/../../../../arm-none-eabi/lib/thumb/v7e-m+fp/hard\libc_nano.a(libc_a-readr.o)
 .ARM.attributes
                0x0000081b       0x34 C:/ST/STM32CubeIDE_1.18.1/STM32CubeIDE/plugins/com.st.stm32cube.ide.mcu.externaltools.gnu-tools-for-stm32.13.3.rel1.win32_1.0.0.202411081344/tools/bin/../lib/gcc/arm-none-eabi/13.3.1/../../../../arm-none-eabi/lib/thumb/v7e-m+fp/hard\libc_nano.a(libc_a-init.o)
 .ARM.attributes
                0x0000084f       0x34 C:/ST/STM32CubeIDE_1.18.1/STM32CubeIDE/plugins/com.st.stm32cube.ide.mcu.externaltools.gnu-tools-for-stm32.13.3.rel1.win32_1.0.0.202411081344/tools/bin/../lib/gcc/arm-none-eabi/13.3.1/../../../../arm-none-eabi/lib/thumb/v7e-m+fp/hard\libc_nano.a(libc_a-lock.o)
 .ARM.attributes
                0x00000883       0x34 C:/ST/STM32CubeIDE_1.18.1/STM32CubeIDE/plugins/com.st.stm32cube.ide.mcu.externaltools.gnu-tools-for-stm32.13.3.rel1.win32_1.0.0.202411081344/tools/bin/../lib/gcc/arm-none-eabi/13.3.1/../../../../arm-none-eabi/lib/thumb/v7e-m+fp/hard\libc_nano.a(libc_a-memcpy-stub.o)
 .ARM.attributes
                0x000008b7       0x34 C:/ST/STM32CubeIDE_1.18.1/STM32CubeIDE/plugins/com.st.stm32cube.ide.mcu.externaltools.gnu-tools-for-stm32.13.3.rel1.win32_1.0.0.202411081344/tools/bin/../lib/gcc/arm-none-eabi/13.3.1/../../../../arm-none-eabi/lib/thumb/v7e-m+fp/hard\libc_nano.a(libc_a-freer.o)
 .ARM.attributes
                0x000008eb       0x34 C:/ST/STM32CubeIDE_1.18.1/STM32CubeIDE/plugins/com.st.stm32cube.ide.mcu.externaltools.gnu-tools-for-stm32.13.3.rel1.win32_1.0.0.202411081344/tools/bin/../lib/gcc/arm-none-eabi/13.3.1/../../../../arm-none-eabi/lib/thumb/v7e-m+fp/hard\libc_nano.a(libc_a-mallocr.o)
 .ARM.attributes
                0x0000091f       0x34 C:/ST/STM32CubeIDE_1.18.1/STM32CubeIDE/plugins/com.st.stm32cube.ide.mcu.externaltools.gnu-tools-for-stm32.13.3.rel1.win32_1.0.0.202411081344/tools/bin/../lib/gcc/arm-none-eabi/13.3.1/../../../../arm-none-eabi/lib/thumb/v7e-m+fp/hard\libc_nano.a(libc_a-mlock.o)
 .ARM.attributes
                0x00000953       0x34 C:/ST/STM32CubeIDE_1.18.1/STM32CubeIDE/plugins/com.st.stm32cube.ide.mcu.externaltools.gnu-tools-for-stm32.13.3.rel1.win32_1.0.0.202411081344/tools/bin/../lib/gcc/arm-none-eabi/13.3.1/../../../../arm-none-eabi/lib/thumb/v7e-m+fp/hard\libc_nano.a(libc_a-fflush.o)
 .ARM.attributes
                0x00000987       0x34 C:/ST/STM32CubeIDE_1.18.1/STM32CubeIDE/plugins/com.st.stm32cube.ide.mcu.externaltools.gnu-tools-for-stm32.13.3.rel1.win32_1.0.0.202411081344/tools/bin/../lib/gcc/arm-none-eabi/13.3.1/../../../../arm-none-eabi/lib/thumb/v7e-m+fp/hard\libc_nano.a(libc_a-makebuf.o)
 .ARM.attributes
                0x000009bb       0x34 C:/ST/STM32CubeIDE_1.18.1/STM32CubeIDE/plugins/com.st.stm32cube.ide.mcu.externaltools.gnu-tools-for-stm32.13.3.rel1.win32_1.0.0.202411081344/tools/bin/../lib/gcc/arm-none-eabi/13.3.1/../../../../arm-none-eabi/lib/thumb/v7e-m+fp/hard\libc_nano.a(libc_a-fstatr.o)
 .ARM.attributes
                0x000009ef       0x34 C:/ST/STM32CubeIDE_1.18.1/STM32CubeIDE/plugins/com.st.stm32cube.ide.mcu.externaltools.gnu-tools-for-stm32.13.3.rel1.win32_1.0.0.202411081344/tools/bin/../lib/gcc/arm-none-eabi/13.3.1/../../../../arm-none-eabi/lib/thumb/v7e-m+fp/hard\libc_nano.a(libc_a-isattyr.o)
 .ARM.attributes
                0x00000a23       0x34 C:/ST/STM32CubeIDE_1.18.1/STM32CubeIDE/plugins/com.st.stm32cube.ide.mcu.externaltools.gnu-tools-for-stm32.13.3.rel1.win32_1.0.0.202411081344/tools/bin/../lib/gcc/arm-none-eabi/13.3.1/../../../../arm-none-eabi/lib/thumb/v7e-m+fp/hard\libc_nano.a(libc_a-sbrkr.o)
 .ARM.attributes
                0x00000a57       0x22 C:/ST/STM32CubeIDE_1.18.1/STM32CubeIDE/plugins/com.st.stm32cube.ide.mcu.externaltools.gnu-tools-for-stm32.13.3.rel1.win32_1.0.0.202411081344/tools/bin/../lib/gcc/arm-none-eabi/13.3.1/thumb/v7e-m+fp/hard\libgcc.a(_aeabi_uldivmod.o)
 .ARM.attributes
                0x00000a79       0x34 C:/ST/STM32CubeIDE_1.18.1/STM32CubeIDE/plugins/com.st.stm32cube.ide.mcu.externaltools.gnu-tools-for-stm32.13.3.rel1.win32_1.0.0.202411081344/tools/bin/../lib/gcc/arm-none-eabi/13.3.1/thumb/v7e-m+fp/hard\libgcc.a(_udivmoddi4.o)
 .ARM.attributes
                0x00000aad       0x22 C:/ST/STM32CubeIDE_1.18.1/STM32CubeIDE/plugins/com.st.stm32cube.ide.mcu.externaltools.gnu-tools-for-stm32.13.3.rel1.win32_1.0.0.202411081344/tools/bin/../lib/gcc/arm-none-eabi/13.3.1/thumb/v7e-m+fp/hard\libgcc.a(_dvmd_tls.o)
 .ARM.attributes
                0x00000acf       0x34 C:/ST/STM32CubeIDE_1.18.1/STM32CubeIDE/plugins/com.st.stm32cube.ide.mcu.externaltools.gnu-tools-for-stm32.13.3.rel1.win32_1.0.0.202411081344/tools/bin/../lib/gcc/arm-none-eabi/13.3.1/../../../../arm-none-eabi/lib/thumb/v7e-m+fp/hard\libnosys.a(sbrk.o)
 .ARM.attributes
                0x00000b03       0x22 C:/ST/STM32CubeIDE_1.18.1/STM32CubeIDE/plugins/com.st.stm32cube.ide.mcu.externaltools.gnu-tools-for-stm32.13.3.rel1.win32_1.0.0.202411081344/tools/bin/../lib/gcc/arm-none-eabi/13.3.1/thumb/v7e-m+fp/hard/crtn.o
OUTPUT(001_Tasks.elf elf32-littlearm)
LOAD linker stubs
LOAD C:/ST/STM32CubeIDE_1.18.1/STM32CubeIDE/plugins/com.st.stm32cube.ide.mcu.externaltools.gnu-tools-for-stm32.13.3.rel1.win32_1.0.0.202411081344/tools/bin/../lib/gcc/arm-none-eabi/13.3.1/../../../../arm-none-eabi/lib/thumb/v7e-m+fp/hard\libc.a
LOAD C:/ST/STM32CubeIDE_1.18.1/STM32CubeIDE/plugins/com.st.stm32cube.ide.mcu.externaltools.gnu-tools-for-stm32.13.3.rel1.win32_1.0.0.202411081344/tools/bin/../lib/gcc/arm-none-eabi/13.3.1/../../../../arm-none-eabi/lib/thumb/v7e-m+fp/hard\libm.a
LOAD C:/ST/STM32CubeIDE_1.18.1/STM32CubeIDE/plugins/com.st.stm32cube.ide.mcu.externaltools.gnu-tools-for-stm32.13.3.rel1.win32_1.0.0.202411081344/tools/bin/../lib/gcc/arm-none-eabi/13.3.1/thumb/v7e-m+fp/hard\libgcc.a

.debug_info     0x00000000    0x14c00
 .debug_info    0x00000000      0xe72 ./Core/Src/main.o
 .debug_info    0x00000e72      0x2a8 ./Core/Src/stm32f4xx_hal_msp.o
 .debug_info    0x0000111a      0xc44 ./Core/Src/stm32f4xx_hal_timebase_tim.o
 .debug_info    0x00001d5e      0x6ab ./Core/Src/stm32f4xx_it.o
 .debug_info    0x00002409      0x6de ./Core/Src/syscalls.o
 .debug_info    0x00002ae7      0x54a ./Core/Src/system_stm32f4xx.o
 .debug_info    0x00003031       0x30 ./Core/Startup/startup_stm32f446retx.o
 .debug_info    0x00003061      0x99a ./Drivers/STM32F4xx_HAL_Driver/Src/stm32f4xx_hal.o
 .debug_info    0x000039fb      0xdaa ./Drivers/STM32F4xx_HAL_Driver/Src/stm32f4xx_hal_cortex.o
 .debug_info    0x000047a5      0x70b ./Drivers/STM32F4xx_HAL_Driver/Src/stm32f4xx_hal_gpio.o
 .debug_info    0x00004eb0      0x8ff ./Drivers/STM32F4xx_HAL_Driver/Src/stm32f4xx_hal_rcc.o
 .debug_info    0x000057af      0x960 ./Drivers/STM32F4xx_HAL_Driver/Src/stm32f4xx_hal_rcc_ex.o
 .debug_info    0x0000610f     0x299d ./Drivers/STM32F4xx_HAL_Driver/Src/stm32f4xx_hal_tim.o
 .debug_info    0x00008aac     0x14db ./Drivers/STM32F4xx_HAL_Driver/Src/stm32f4xx_hal_tim_ex.o
 .debug_info    0x00009f87      0x2af ./Third_party/FreeRTOS/list.o
 .debug_info    0x0000a236     0x1878 ./Third_party/FreeRTOS/queue.o
 .debug_info    0x0000baae     0x224f ./Third_party/FreeRTOS/tasks.o
 .debug_info    0x0000dcfd      0xe4d ./Third_party/FreeRTOS/timers.o
 .debug_info    0x0000eb4a      0x59d ./Third_party/FreeRTOS/portable/GCC/ARM_CM4F/port.o
 .debug_info    0x0000f0e7      0x4d5 ./Third_party/FreeRTOS/portable/MemMang/heap_4.o
 .debug_info    0x0000f5bc      0x173 ./Third_party/SEGGER/Config/SEGGER_SYSVIEW_Config_FreeRTOS.o
 .debug_info    0x0000f72f      0x411 ./Third_party/SEGGER/OS/SEGGER_SYSVIEW_FreeRTOS.o
 .debug_info    0x0000fb40     0x13d7 ./Third_party/SEGGER/SEGGER/SEGGER_RTT.o
 .debug_info    0x00010f17       0x25 ./Third_party/SEGGER/SEGGER/SEGGER_RTT_ASM_ARMv7M.o
 .debug_info    0x00010f3c     0x351c ./Third_party/SEGGER/SEGGER/SEGGER_SYSVIEW.o
 .debug_info    0x00014458      0x7a8 ./Third_party/SEGGER/SEGGER/Syscalls/SEGGER_RTT_Syscalls_GCC.o

.debug_abbrev   0x00000000     0x33ee
 .debug_abbrev  0x00000000      0x2f0 ./Core/Src/main.o
 .debug_abbrev  0x000002f0       0xeb ./Core/Src/stm32f4xx_hal_msp.o
 .debug_abbrev  0x000003db      0x1f4 ./Core/Src/stm32f4xx_hal_timebase_tim.o
 .debug_abbrev  0x000005cf      0x17d ./Core/Src/stm32f4xx_it.o
 .debug_abbrev  0x0000074c      0x1b1 ./Core/Src/syscalls.o
 .debug_abbrev  0x000008fd      0x11a ./Core/Src/system_stm32f4xx.o
 .debug_abbrev  0x00000a17       0x24 ./Core/Startup/startup_stm32f446retx.o
 .debug_abbrev  0x00000a3b      0x214 ./Drivers/STM32F4xx_HAL_Driver/Src/stm32f4xx_hal.o
 .debug_abbrev  0x00000c4f      0x31d ./Drivers/STM32F4xx_HAL_Driver/Src/stm32f4xx_hal_cortex.o
 .debug_abbrev  0x00000f6c      0x1d4 ./Drivers/STM32F4xx_HAL_Driver/Src/stm32f4xx_hal_gpio.o
 .debug_abbrev  0x00001140      0x2b7 ./Drivers/STM32F4xx_HAL_Driver/Src/stm32f4xx_hal_rcc.o
 .debug_abbrev  0x000013f7      0x211 ./Drivers/STM32F4xx_HAL_Driver/Src/stm32f4xx_hal_rcc_ex.o
 .debug_abbrev  0x00001608      0x278 ./Drivers/STM32F4xx_HAL_Driver/Src/stm32f4xx_hal_tim.o
 .debug_abbrev  0x00001880      0x283 ./Drivers/STM32F4xx_HAL_Driver/Src/stm32f4xx_hal_tim_ex.o
 .debug_abbrev  0x00001b03       0xf5 ./Third_party/FreeRTOS/list.o
 .debug_abbrev  0x00001bf8      0x321 ./Third_party/FreeRTOS/queue.o
 .debug_abbrev  0x00001f19      0x3b0 ./Third_party/FreeRTOS/tasks.o
 .debug_abbrev  0x000022c9      0x2de ./Third_party/FreeRTOS/timers.o
 .debug_abbrev  0x000025a7      0x25a ./Third_party/FreeRTOS/portable/GCC/ARM_CM4F/port.o
 .debug_abbrev  0x00002801      0x21e ./Third_party/FreeRTOS/portable/MemMang/heap_4.o
 .debug_abbrev  0x00002a1f       0xdf ./Third_party/SEGGER/Config/SEGGER_SYSVIEW_Config_FreeRTOS.o
 .debug_abbrev  0x00002afe      0x1a4 ./Third_party/SEGGER/OS/SEGGER_SYSVIEW_FreeRTOS.o
 .debug_abbrev  0x00002ca2      0x258 ./Third_party/SEGGER/SEGGER/SEGGER_RTT.o
 .debug_abbrev  0x00002efa       0x14 ./Third_party/SEGGER/SEGGER/SEGGER_RTT_ASM_ARMv7M.o
 .debug_abbrev  0x00002f0e      0x336 ./Third_party/SEGGER/SEGGER/SEGGER_SYSVIEW.o
 .debug_abbrev  0x00003244      0x1aa ./Third_party/SEGGER/SEGGER/Syscalls/SEGGER_RTT_Syscalls_GCC.o

.debug_aranges  0x00000000     0x1440
 .debug_aranges
                0x00000000       0x50 ./Core/Src/main.o
 .debug_aranges
                0x00000050       0x20 ./Core/Src/stm32f4xx_hal_msp.o
 .debug_aranges
                0x00000070       0x30 ./Core/Src/stm32f4xx_hal_timebase_tim.o
 .debug_aranges
                0x000000a0       0x50 ./Core/Src/stm32f4xx_it.o
 .debug_aranges
                0x000000f0       0xb0 ./Core/Src/syscalls.o
 .debug_aranges
                0x000001a0       0x28 ./Core/Src/system_stm32f4xx.o
 .debug_aranges
                0x000001c8       0x28 ./Core/Startup/startup_stm32f446retx.o
 .debug_aranges
                0x000001f0       0xf0 ./Drivers/STM32F4xx_HAL_Driver/Src/stm32f4xx_hal.o
 .debug_aranges
                0x000002e0      0x130 ./Drivers/STM32F4xx_HAL_Driver/Src/stm32f4xx_hal_cortex.o
 .debug_aranges
                0x00000410       0x58 ./Drivers/STM32F4xx_HAL_Driver/Src/stm32f4xx_hal_gpio.o
 .debug_aranges
                0x00000468       0x88 ./Drivers/STM32F4xx_HAL_Driver/Src/stm32f4xx_hal_rcc.o
 .debug_aranges
                0x000004f0       0x78 ./Drivers/STM32F4xx_HAL_Driver/Src/stm32f4xx_hal_rcc_ex.o
 .debug_aranges
                0x00000568      0x3d0 ./Drivers/STM32F4xx_HAL_Driver/Src/stm32f4xx_hal_tim.o
 .debug_aranges
                0x00000938      0x168 ./Drivers/STM32F4xx_HAL_Driver/Src/stm32f4xx_hal_tim_ex.o
 .debug_aranges
                0x00000aa0       0x40 ./Third_party/FreeRTOS/list.o
 .debug_aranges
                0x00000ae0      0x130 ./Third_party/FreeRTOS/queue.o
 .debug_aranges
                0x00000c10      0x208 ./Third_party/FreeRTOS/tasks.o
 .debug_aranges
                0x00000e18       0xd8 ./Third_party/FreeRTOS/timers.o
 .debug_aranges
                0x00000ef0       0x88 ./Third_party/FreeRTOS/portable/GCC/ARM_CM4F/port.o
 .debug_aranges
                0x00000f78       0x58 ./Third_party/FreeRTOS/portable/MemMang/heap_4.o
 .debug_aranges
                0x00000fd0       0x28 ./Third_party/SEGGER/Config/SEGGER_SYSVIEW_Config_FreeRTOS.o
 .debug_aranges
                0x00000ff8       0x48 ./Third_party/SEGGER/OS/SEGGER_SYSVIEW_FreeRTOS.o
 .debug_aranges
                0x00001040      0x138 ./Third_party/SEGGER/SEGGER/SEGGER_RTT.o
 .debug_aranges
                0x00001178       0x20 ./Third_party/SEGGER/SEGGER/SEGGER_RTT_ASM_ARMv7M.o
 .debug_aranges
                0x00001198      0x280 ./Third_party/SEGGER/SEGGER/SEGGER_SYSVIEW.o
 .debug_aranges
                0x00001418       0x28 ./Third_party/SEGGER/SEGGER/Syscalls/SEGGER_RTT_Syscalls_GCC.o

.debug_rnglists
                0x00000000      0xf84
 .debug_rnglists
                0x00000000       0x3a ./Core/Src/main.o
 .debug_rnglists
                0x0000003a       0x13 ./Core/Src/stm32f4xx_hal_msp.o
 .debug_rnglists
                0x0000004d       0x20 ./Core/Src/stm32f4xx_hal_timebase_tim.o
 .debug_rnglists
                0x0000006d       0x37 ./Core/Src/stm32f4xx_it.o
 .debug_rnglists
                0x000000a4       0x7f ./Core/Src/syscalls.o
 .debug_rnglists
                0x00000123       0x1a ./Core/Src/system_stm32f4xx.o
 .debug_rnglists
                0x0000013d       0x19 ./Core/Startup/startup_stm32f446retx.o
 .debug_rnglists
                0x00000156       0xaf ./Drivers/STM32F4xx_HAL_Driver/Src/stm32f4xx_hal.o
 .debug_rnglists
                0x00000205       0xe0 ./Drivers/STM32F4xx_HAL_Driver/Src/stm32f4xx_hal_cortex.o
 .debug_rnglists
                0x000002e5       0x3f ./Drivers/STM32F4xx_HAL_Driver/Src/stm32f4xx_hal_gpio.o
 .debug_rnglists
                0x00000324       0x66 ./Drivers/STM32F4xx_HAL_Driver/Src/stm32f4xx_hal_rcc.o
 .debug_rnglists
                0x0000038a       0x5e ./Drivers/STM32F4xx_HAL_Driver/Src/stm32f4xx_hal_rcc_ex.o
 .debug_rnglists
                0x000003e8      0x31a ./Drivers/STM32F4xx_HAL_Driver/Src/stm32f4xx_hal_tim.o
 .debug_rnglists
                0x00000702      0x125 ./Drivers/STM32F4xx_HAL_Driver/Src/stm32f4xx_hal_tim_ex.o
 .debug_rnglists
                0x00000827       0x2b ./Third_party/FreeRTOS/list.o
 .debug_rnglists
                0x00000852       0xeb ./Third_party/FreeRTOS/queue.o
 .debug_rnglists
                0x0000093d      0x19f ./Third_party/FreeRTOS/tasks.o
 .debug_rnglists
                0x00000adc       0xa3 ./Third_party/FreeRTOS/timers.o
 .debug_rnglists
                0x00000b7f       0x64 ./Third_party/FreeRTOS/portable/GCC/ARM_CM4F/port.o
 .debug_rnglists
                0x00000be3       0x42 ./Third_party/FreeRTOS/portable/MemMang/heap_4.o
 .debug_rnglists
                0x00000c25       0x19 ./Third_party/SEGGER/Config/SEGGER_SYSVIEW_Config_FreeRTOS.o
 .debug_rnglists
                0x00000c3e       0x36 ./Third_party/SEGGER/OS/SEGGER_SYSVIEW_FreeRTOS.o
 .debug_rnglists
                0x00000c74       0xf5 ./Third_party/SEGGER/SEGGER/SEGGER_RTT.o
 .debug_rnglists
                0x00000d69      0x202 ./Third_party/SEGGER/SEGGER/SEGGER_SYSVIEW.o
 .debug_rnglists