Archive member included to satisfy reference by file (symbol)

C:/ST/STM32CubeIDE_1.18.1/STM32CubeIDE/plugins/com.st.stm32cube.ide.mcu.externaltools.gnu-tools-for-stm32.13.3.rel1.win32_1.0.0.202411081344/tools/bin/../lib/gcc/arm-none-eabi/13.3.1/../../../../arm-none-eabi/lib/thumb/v7e-m+fp/hard\libc_nano.a(libc_a-exit.o)
                              C:/ST/STM32CubeIDE_1.18.1/STM32CubeIDE/plugins/com.st.stm32cube.ide.mcu.externaltools.gnu-tools-for-stm32.13.3.rel1.win32_1.0.0.202411081344/tools/bin/../lib/gcc/arm-none-eabi/13.3.1/../../../../arm-none-eabi/lib/thumb/v7e-m+fp/hard/crt0.o (exit)
C:/ST/STM32CubeIDE_1.18.1/STM32CubeIDE/plugins/com.st.stm32cube.ide.mcu.externaltools.gnu-tools-for-stm32.13.3.rel1.win32_1.0.0.202411081344/tools/bin/../lib/gcc/arm-none-eabi/13.3.1/../../../../arm-none-eabi/lib/thumb/v7e-m+fp/hard\libc_nano.a(libc_a-findfp.o)
                              C:/ST/STM32CubeIDE_1.18.1/STM32CubeIDE/plugins/com.st.stm32cube.ide.mcu.externaltools.gnu-tools-for-stm32.13.3.rel1.win32_1.0.0.202411081344/tools/bin/../lib/gcc/arm-none-eabi/13.3.1/../../../../arm-none-eabi/lib/thumb/v7e-m+fp/hard\libc_nano.a(libc_a-exit.o) (__stdio_exit_handler)
C:/ST/STM32CubeIDE_1.18.1/STM32CubeIDE/plugins/com.st.stm32cube.ide.mcu.externaltools.gnu-tools-for-stm32.13.3.rel1.win32_1.0.0.202411081344/tools/bin/../lib/gcc/arm-none-eabi/13.3.1/../../../../arm-none-eabi/lib/thumb/v7e-m+fp/hard\libc_nano.a(libc_a-fwalk.o)
                              C:/ST/STM32CubeIDE_1.18.1/STM32CubeIDE/plugins/com.st.stm32cube.ide.mcu.externaltools.gnu-tools-for-stm32.13.3.rel1.win32_1.0.0.202411081344/tools/bin/../lib/gcc/arm-none-eabi/13.3.1/../../../../arm-none-eabi/lib/thumb/v7e-m+fp/hard\libc_nano.a(libc_a-findfp.o) (_fwalk_sglue)
C:/ST/STM32CubeIDE_1.18.1/STM32CubeIDE/plugins/com.st.stm32cube.ide.mcu.externaltools.gnu-tools-for-stm32.13.3.rel1.win32_1.0.0.202411081344/tools/bin/../lib/gcc/arm-none-eabi/13.3.1/../../../../arm-none-eabi/lib/thumb/v7e-m+fp/hard\libc_nano.a(libc_a-puts.o)
                              ./Core/Src/main.o (puts)
C:/ST/STM32CubeIDE_1.18.1/STM32CubeIDE/plugins/com.st.stm32cube.ide.mcu.externaltools.gnu-tools-for-stm32.13.3.rel1.win32_1.0.0.202411081344/tools/bin/../lib/gcc/arm-none-eabi/13.3.1/../../../../arm-none-eabi/lib/thumb/v7e-m+fp/hard\libc_nano.a(libc_a-stdio.o)
                              C:/ST/STM32CubeIDE_1.18.1/STM32CubeIDE/plugins/com.st.stm32cube.ide.mcu.externaltools.gnu-tools-for-stm32.13.3.rel1.win32_1.0.0.202411081344/tools/bin/../lib/gcc/arm-none-eabi/13.3.1/../../../../arm-none-eabi/lib/thumb/v7e-m+fp/hard\libc_nano.a(libc_a-findfp.o) (__sread)
C:/ST/STM32CubeIDE_1.18.1/STM32CubeIDE/plugins/com.st.stm32cube.ide.mcu.externaltools.gnu-tools-for-stm32.13.3.rel1.win32_1.0.0.202411081344/tools/bin/../lib/gcc/arm-none-eabi/13.3.1/../../../../arm-none-eabi/lib/thumb/v7e-m+fp/hard\libc_nano.a(libc_a-wbuf.o)
                              C:/ST/STM32CubeIDE_1.18.1/STM32CubeIDE/plugins/com.st.stm32cube.ide.mcu.externaltools.gnu-tools-for-stm32.13.3.rel1.win32_1.0.0.202411081344/tools/bin/../lib/gcc/arm-none-eabi/13.3.1/../../../../arm-none-eabi/lib/thumb/v7e-m+fp/hard\libc_nano.a(libc_a-puts.o) (__swbuf_r)
C:/ST/STM32CubeIDE_1.18.1/STM32CubeIDE/plugins/com.st.stm32cube.ide.mcu.externaltools.gnu-tools-for-stm32.13.3.rel1.win32_1.0.0.202411081344/tools/bin/../lib/gcc/arm-none-eabi/13.3.1/../../../../arm-none-eabi/lib/thumb/v7e-m+fp/hard\libc_nano.a(libc_a-wsetup.o)
                              C:/ST/STM32CubeIDE_1.18.1/STM32CubeIDE/plugins/com.st.stm32cube.ide.mcu.externaltools.gnu-tools-for-stm32.13.3.rel1.win32_1.0.0.202411081344/tools/bin/../lib/gcc/arm-none-eabi/13.3.1/../../../../arm-none-eabi/lib/thumb/v7e-m+fp/hard\libc_nano.a(libc_a-puts.o) (__swsetup_r)
C:/ST/STM32CubeIDE_1.18.1/STM32CubeIDE/plugins/com.st.stm32cube.ide.mcu.externaltools.gnu-tools-for-stm32.13.3.rel1.win32_1.0.0.202411081344/tools/bin/../lib/gcc/arm-none-eabi/13.3.1/../../../../arm-none-eabi/lib/thumb/v7e-m+fp/hard\libc_nano.a(libc_a-memset.o)
                              C:/ST/STM32CubeIDE_1.18.1/STM32CubeIDE/plugins/com.st.stm32cube.ide.mcu.externaltools.gnu-tools-for-stm32.13.3.rel1.win32_1.0.0.202411081344/tools/bin/../lib/gcc/arm-none-eabi/13.3.1/../../../../arm-none-eabi/lib/thumb/v7e-m+fp/hard/crt0.o (memset)
C:/ST/STM32CubeIDE_1.18.1/STM32CubeIDE/plugins/com.st.stm32cube.ide.mcu.externaltools.gnu-tools-for-stm32.13.3.rel1.win32_1.0.0.202411081344/tools/bin/../lib/gcc/arm-none-eabi/13.3.1/../../../../arm-none-eabi/lib/thumb/v7e-m+fp/hard\libc_nano.a(libc_a-closer.o)
                              C:/ST/STM32CubeIDE_1.18.1/STM32CubeIDE/plugins/com.st.stm32cube.ide.mcu.externaltools.gnu-tools-for-stm32.13.3.rel1.win32_1.0.0.202411081344/tools/bin/../lib/gcc/arm-none-eabi/13.3.1/../../../../arm-none-eabi/lib/thumb/v7e-m+fp/hard\libc_nano.a(libc_a-stdio.o) (_close_r)
[...]
Memory Configuration

Name             Origin             Length             Attributes
RAM              0x20000000         0x00020000         xrw
FLASH            0x08000000         0x00080000         xr
*default*        0x00000000         0xffffffff

Linker script and memory map

LOAD C:/ST/STM32CubeIDE_1.18.1/STM32CubeIDE/plugins/com.st.stm32cube.ide.mcu.externaltools.gnu-tools-for-stm32.13.3.rel1.win32_1.0.0.202411081344/tools/bin/../lib/gcc/arm-none-eabi/13.3.1/thumb/v7e-m+fp/hard/crti.o
LOAD C:/ST/STM32CubeIDE_1.18.1/STM32CubeIDE/plugins/com.st.stm32cube.ide.mcu.externaltools.gnu-tools-for-stm32.13.3.rel1.win32_1.0.0.202411081344/tools/bin/../lib/gcc/arm-none-eabi/13.3.1/thumb/v7e-m+fp/hard/crtbegin.o
LOAD C:/ST/STM32CubeIDE_1.18.1/STM32CubeIDE/plugins/com.st.stm32cube.ide.mcu.externaltools.gnu-tools-for-stm32.13.3.rel1.win32_1.0.0.202411081344/tools/bin/../lib/gcc/arm-none-eabi/13.3.1/../../../../arm-none-eabi/lib/thumb/v7e-m+fp/hard/crt0.o
LOAD ./Core/Src/main.o
LOAD ./Core/Src/stm32f4xx_hal_msp.o
LOAD ./Core/Src/stm32f4xx_hal_timebase_tim.o
LOAD ./Core/Src/stm32f4xx_it.o
LOAD ./Core/Src/syscalls.o
LOAD ./Core/Src/system_stm32f4xx.o
LOAD ./Core/Startup/startup_stm32f446retx.o
LOAD ./Drivers/STM32F4xx_HAL_Driver/Src/stm32f4xx_hal.o
LOAD ./Drivers/STM32F4xx_HAL_Driver/Src/stm32f4xx_hal_cortex.o
LOAD ./Drivers/STM32F4xx_HAL_Driver/Src/stm32f4xx_hal_dma.o
LOAD ./Drivers/STM32F4xx_HAL_Driver/Src/stm32f4xx_hal_dma_ex.o
LOAD ./Drivers/STM32F4xx_HAL_Driver/Src/stm32f4xx_hal_exti.o
LOAD ./Drivers/STM32F4xx_HAL_Driver/Src/stm32f4xx_hal_flash.o
LOAD ./Drivers/STM32F4xx_HAL_Driver/Src/stm32f4xx_hal_flash_ex.o
LOAD ./Drivers/STM32F4xx_HAL_Driver/Src/stm32f4xx_hal_flash_ramfunc.o
LOAD ./Drivers/STM32F4xx_HAL_Driver/Src/stm32f4xx_hal_gpio.o
LOAD ./Drivers/STM32F4xx_HAL_Driver/Src/stm32f4xx_hal_pwr.o
LOAD ./Drivers/STM32F4xx_HAL_Driver/Src/stm32f4xx_hal_pwr_ex.o
LOAD ./Drivers/STM32F4xx_HAL_Driver/Src/stm32f4xx_hal_rcc.o
LOAD ./Drivers/STM32F4xx_HAL_Driver/Src/stm32f4xx_hal_rcc_ex.o
LOAD ./Drivers/STM32F4xx_HAL_Driver/Src/stm32f4xx_hal_tim.o
LOAD ./Drivers/STM32F4xx_HAL_Driver/Src/stm32f4xx_hal_tim_ex.o
LOAD ./Third_party/FreeRTOS/croutine.o
LOAD ./Third_party/FreeRTOS/event_groups.o
LOAD ./Third_party/FreeRTOS/list.o
LOAD ./Third_party/FreeRTOS/queue.o
LOAD ./Third_party/FreeRTOS/stream_buffer.o
LOAD ./Third_party/FreeRTOS/tasks.o
LOAD ./Third_party/FreeRTOS/timers.o
LOAD ./Third_party/FreeRTOS/portable/GCC/ARM_CM4F/port.o
LOAD ./Third_party/FreeRTOS/portable/MemMang/heap_4.o
START GROUP
LOAD C:/ST/STM32CubeIDE_1.18.1/STM32CubeIDE/plugins/com.st.stm32cube.ide.mcu.externaltools.gnu-tools-for-stm32.13.3.rel1.win32_1.0.0.202411081344/tools/bin/../lib/gcc/arm-none-eabi/13.3.1/../../../../arm-none-eabi/lib/thumb/v7e-m+fp/hard\libc_nano.a
LOAD C:/ST/STM32CubeIDE_1.18.1/STM32CubeIDE/plugins/com.st.stm32cube.ide.mcu.externaltools.gnu-tools-for-stm32.13.3.rel1.win32_1.0.0.202411081344/tools/bin/../lib/gcc/arm-none-eabi/13.3.1/../../../../arm-none-eabi/lib/thumb/v7e-m+fp/hard\libm.a
END GROUP
START GROUP
LOAD C:/ST/STM32CubeIDE_1.18.1/STM32CubeIDE/plugins/com.st.stm32cube.ide.mcu.externaltools.gnu-tools-for-stm32.13.3.rel1.win32_1.0.0.202411081344/tools/bin/../lib/gcc/arm-none-eabi/13.3.1/thumb/v7e-m+fp/hard\libgcc.a
LOAD C:/ST/STM32CubeIDE_1.18.1/STM32CubeIDE/plugins/com.st.stm32cube.ide.mcu.externaltools.gnu-tools-for-stm32.13.3.rel1.win32_1.0.0.202411081344/tools/bin/../lib/gcc/arm-none-eabi/13.3.1/../../../../arm-none-eabi/lib/thumb/v7e-m+fp/hard\libc_nano.a
END GROUP
START GROUP
LOAD C:/ST/STM32CubeIDE_1.18.1/STM32CubeIDE/plugins/com.st.stm32cube.ide.mcu.externaltools.gnu-tools-for-stm32.13.3.rel1.win32_1.0.0.202411081344/tools/bin/../lib/gcc/arm-none-eabi/13.3.1/thumb/v7e-m+fp/hard\libgcc.a
LOAD C:/ST/STM32CubeIDE_1.18.1/STM32CubeIDE/plugins/com.st.stm32cube.ide.mcu.externaltools.gnu-tools-for-stm32.13.3.rel1.win32_1.0.0.202411081344/tools/bin/../lib/gcc/arm-none-eabi/13.3.1/../../../../arm-none-eabi/lib/thumb/v7e-m+fp/hard\libc_nano.a
LOAD C:/ST/STM32CubeIDE_1.18.1/STM32CubeIDE/plugins/com.st.stm32cube.ide.mcu.externaltools.gnu-tools-for-stm32.13.3.rel1.win32_1.0.0.202411081344/tools/bin/../lib/gcc/arm-none-eabi/13.3.1/../../../../arm-none-eabi/lib/thumb/v7e-m+fp/hard\libnosys.a
END GROUP
START GROUP
LOAD C:/ST/STM32CubeIDE_1.18.1/STM32CubeIDE/plugins/com.st.stm32cube.ide.mcu.externaltools.gnu-tools-for-stm32.13.3.rel1.win32_1.0.0.202411081344/tools/bin/../lib/gcc/arm-none-eabi/13.3.1/thumb/v7e-m+fp/hard\libgcc.a
LOAD C:/ST/STM32CubeIDE_1.18.1/STM32CubeIDE/plugins/com.st.stm32cube.ide.mcu.externaltools.gnu-tools-for-stm32.13.3.rel1.win32_1.0.0.202411081344/tools/bin/../lib/gcc/arm-none-eabi/13.3.1/../../../../arm-none-eabi/lib/thumb/v7e-m+fp/hard\libc_nano.a
LOAD C:/ST/STM32CubeIDE_1.18.1/STM32CubeIDE/plugins/com.st.stm32cube.ide.mcu.externaltools.gnu-tools-for-stm32.13.3.rel1.win32_1.0.0.202411081344/tools/bin/../lib/gcc/arm-none-eabi/13.3.1/../../../../arm-none-eabi/lib/thumb/v7e-m+fp/hard\libnosys.a
END GROUP
LOAD C:/ST/STM32CubeIDE_1.18.1/STM32CubeIDE/plugins/com.st.stm32cube.ide.mcu.externaltools.gnu-tools-for-stm32.13.3.rel1.win32_1.0.0.202411081344/tools/bin/../lib/gcc/arm-none-eabi/13.3.1/thumb/v7e-m+fp/hard/crtend.o
LOAD C:/ST/STM32CubeIDE_1.18.1/STM32CubeIDE/plugins/com.st.stm32cube.ide.mcu.externaltools.gnu-tools-for-stm32.13.3.rel1.win32_1.0.0.202411081344/tools/bin/../lib/gcc/arm-none-eabi/13.3.1/thumb/v7e-m+fp/hard/crtn.o
                0x20020000                        _estack = (ORIGIN (RAM) + LENGTH (RAM))
                0x00000200                        _Min_Heap_Size = 0x200
                0x00000400                        _Min_Stack_Size = 0x400

.isr_vector     0x08000000      0x1c4
                0x08000000                        . = ALIGN (0x4)
 *(.isr_vector)
 .isr_vector    0x08000000      0x1c4 ./Core/Startup/startup_stm32f446retx.o
                0x08000000                g_pfnVectors
                0x080001c4                        . = ALIGN (0x4)

.text           0x080001d0     0x50e0
                0x080001d0                        . = ALIGN (0x4)
 *(.text)
 .text          0x080001d0       0x40 C:/ST/STM32CubeIDE_1.18.1/STM32CubeIDE/plugins/com.st.stm32cube.ide.mcu.externaltools.gnu-tools-for-stm32.13.3.rel1.win32_1.0.0.202411081344/tools/bin/../lib/gcc/arm-none-eabi/13.3.1/thumb/v7e-m+fp/hard/crtbegin.o
 .text          0x08000210       0x30 C:/ST/STM32CubeIDE_1.18.1/STM32CubeIDE/plugins/com.st.stm32cube.ide.mcu.externaltools.gnu-tools-for-stm32.13.3.rel1.win32_1.0.0.202411081344/tools/bin/../lib/gcc/arm-none-eabi/13.3.1/thumb/v7e-m+fp/hard\libgcc.a(_aeabi_uldivmod.o)
                0x08000210                __aeabi_uldivmod
 .text          0x08000240      0x2f8 C:/ST/STM32CubeIDE_1.18.1/STM32CubeIDE/plugins/com.st.stm32cube.ide.mcu.externaltools.gnu-tools-for-stm32.13.3.rel1.win32_1.0.0.202411081344/tools/bin/../lib/gcc/arm-none-eabi/13.3.1/thumb/v7e-m+fp/hard\libgcc.a(_udivmoddi4.o)
                0x08000240                __udivmoddi4
 .text          0x08000538        0x4 C:/ST/STM32CubeIDE_1.18.1/STM32CubeIDE/plugins/com.st.stm32cube.ide.mcu.externaltools.gnu-tools-for-stm32.13.3.rel1.win32_1.0.0.202411081344/tools/bin/../lib/gcc/arm-none-eabi/13.3.1/thumb/v7e-m+fp/hard\libgcc.a(_dvmd_tls.o)
                0x08000538                __aeabi_idiv0
                0x08000538                __aeabi_ldiv0
 *(.text*)
 .text.main     0x0800053c       0x9c ./Core/Src/main.o
                0x0800053c                main
 .text.SystemClock_Config
                0x080005d8       0xdc ./Core/Src/main.o
                0x080005d8                SystemClock_Config
 .text.MX_GPIO_Init
                0x080006b4       0xfc ./Core/Src/main.o
 .text.task1_handler
                0x080007b0       0x10 ./Core/Src/main.o
 .text.task2_handler
                0x080007c0       0x10 ./Core/Src/main.o
 .text.HAL_TIM_PeriodElapsedCallback
                0x080007d0       0x24 ./Core/Src/main.o
                0x080007d0                HAL_TIM_PeriodElapsedCallback
 .text.Error_Handler
                0x080007f4        0xc ./Core/Src/main.o
                0x080007f4                Error_Handler
 .text.HAL_MspInit
                0x08000800       0x50 ./Core/Src/stm32f4xx_hal_msp.o
                0x08000800                HAL_MspInit
 .text.HAL_InitTick
                0x08000850       0xf8 ./Core/Src/stm32f4xx_hal_timebase_tim.o
                0x08000850                HAL_InitTick
 .text.NMI_Handler
                0x08000948        0x8 ./Core/Src/stm32f4xx_it.o
                0x08000948                NMI_Handler
 .text.HardFault_Handler
                0x08000950        0x8 ./Core/Src/stm32f4xx_it.o
                0x08000950                HardFault_Handler
 .text.MemManage_Handler
                0x08000958        0x8 ./Core/Src/stm32f4xx_it.o
                0x08000958                MemManage_Handler
 .text.BusFault_Handler
                0x08000960        0x8 ./Core/Src/stm32f4xx_it.o
                0x08000960                BusFault_Handler
 .text.UsageFault_Handler
                0x08000968        0x8 ./Core/Src/stm32f4xx_it.o
                0x08000968                UsageFault_Handler
 .text.DebugMon_Handler
                0x08000970        0xe ./Core/Src/stm32f4xx_it.o
                0x08000970                DebugMon_Handler
 *fill*         0x0800097e        0x2 
 .text.TIM6_DAC_IRQHandler
                0x08000980       0x14 ./Core/Src/stm32f4xx_it.o
                0x08000980                TIM6_DAC_IRQHandler
 .text.ITM_SendChar
                0x08000994       0x50 ./Core/Src/syscalls.o
                0x08000994                ITM_SendChar
 .text._read    0x080009e4       0x3a ./Core/Src/syscalls.o
                0x080009e4                _read
 .text._write   0x08000a1e       0x38 ./Core/Src/syscalls.o
                0x08000a1e                _write
 .text._close   0x08000a56       0x18 ./Core/Src/syscalls.o
                0x08000a56                _close
 .text._fstat   0x08000a6e       0x20 ./Core/Src/syscalls.o
                0x08000a6e                _fstat
 .text._isatty  0x08000a8e       0x16 ./Core/Src/syscalls.o
                0x08000a8e                _isatty
 .text._lseek   0x08000aa4       0x1a ./Core/Src/syscalls.o
                0x08000aa4                _lseek
 *fill*         0x08000abe        0x2 
 .text.SystemInit
                0x08000ac0       0x24 ./Core/Src/system_stm32f4xx.o
                0x08000ac0                SystemInit
 .text.Reset_Handler
                0x08000ae4       0x50 ./Core/Startup/startup_stm32f446retx.o
                0x08000ae4                Reset_Handler
 .text.Default_Handler
                0x08000b34        0x2 ./Core/Startup/startup_stm32f446retx.o
                0x08000b34                RTC_Alarm_IRQHandler
                0x08000b34                EXTI2_IRQHandler
                0x08000b34                TIM8_CC_IRQHandler
                0x08000b34                FMPI2C1_EV_IRQHandler
                0x08000b34                SPI4_IRQHandler
                0x08000b34                TIM1_CC_IRQHandler
                0x08000b34                DMA2_Stream5_IRQHandler
                0x08000b34                DMA1_Stream5_IRQHandler
                0x08000b34                PVD_IRQHandler
                0x08000b34                SDIO_IRQHandler
                0x08000b34                TAMP_STAMP_IRQHandler
                0x08000b34                CAN2_RX1_IRQHandler
                0x08000b34                EXTI3_IRQHandler
                0x08000b34                TIM8_TRG_COM_TIM14_IRQHandler
                0x08000b34                TIM1_UP_TIM10_IRQHandler
                0x08000b34                TIM8_UP_TIM13_IRQHandler
                0x08000b34                I2C3_ER_IRQHandler
                0x08000b34                EXTI0_IRQHandler
                0x08000b34                I2C2_EV_IRQHandler
                0x08000b34                DMA1_Stream2_IRQHandler
                0x08000b34                CAN1_RX0_IRQHandler
                0x08000b34                FPU_IRQHandler
                0x08000b34                OTG_HS_WKUP_IRQHandler
                0x08000b34                CAN2_SCE_IRQHandler
                0x08000b34                DMA2_Stream2_IRQHandler
                0x08000b34                SPI1_IRQHandler
                0x08000b34                TIM1_BRK_TIM9_IRQHandler
                0x08000b34                DCMI_IRQHandler
                0x08000b34                CAN2_RX0_IRQHandler
                0x08000b34                DMA2_Stream3_IRQHandler
                0x08000b34                SAI2_IRQHandler
                0x08000b34                USART6_IRQHandler
                0x08000b34                USART3_IRQHandler
                0x08000b34                CAN1_RX1_IRQHandler
                0x08000b34                UART5_IRQHandler
                0x08000b34                DMA2_Stream0_IRQHandler
                0x08000b34                TIM4_IRQHandler
                0x08000b34                QUADSPI_IRQHandler
                0x08000b34                I2C1_EV_IRQHandler
                0x08000b34                DMA1_Stream6_IRQHandler
                0x08000b34                DMA1_Stream1_IRQHandler
                0x08000b34                UART4_IRQHandler
                0x08000b34                TIM3_IRQHandler
                0x08000b34                RCC_IRQHandler
                0x08000b34                TIM8_BRK_TIM12_IRQHandler
                0x08000b34                Default_Handler
                0x08000b34                CEC_IRQHandler
                0x08000b34                EXTI15_10_IRQHandler
                0x08000b34                ADC_IRQHandler
                0x08000b34                DMA1_Stream7_IRQHandler
                0x08000b34                TIM7_IRQHandler
                0x08000b34                CAN2_TX_IRQHandler
                0x08000b34                TIM5_IRQHandler
                0x08000b34                DMA2_Stream7_IRQHandler
                0x08000b34                I2C3_EV_IRQHandler
                0x08000b34                EXTI9_5_IRQHandler
                0x08000b34                RTC_WKUP_IRQHandler
                0x08000b34                SPDIF_RX_IRQHandler
                0x08000b34                SPI2_IRQHandler
                0x08000b34                OTG_HS_EP1_IN_IRQHandler
                0x08000b34                DMA1_Stream0_IRQHandler
                0x08000b34                CAN1_TX_IRQHandler
                0x08000b34                FMPI2C1_ER_IRQHandler
                0x08000b34                EXTI4_IRQHandler
                0x08000b34                OTG_HS_EP1_OUT_IRQHandler
                0x08000b34                WWDG_IRQHandler
                0x08000b34                TIM2_IRQHandler
                0x08000b34                OTG_FS_WKUP_IRQHandler
                0x08000b34                TIM1_TRG_COM_TIM11_IRQHandler
                0x08000b34                OTG_HS_IRQHandler
                0x08000b34                EXTI1_IRQHandler
                0x08000b34                USART2_IRQHandler
                0x08000b34                I2C2_ER_IRQHandler
                0x08000b34                DMA2_Stream1_IRQHandler
                0x08000b34                CAN1_SCE_IRQHandler
                0x08000b34                FLASH_IRQHandler
                0x08000b34                DMA2_Stream4_IRQHandler
                0x08000b34                USART1_IRQHandler
                0x08000b34                OTG_FS_IRQHandler
                0x08000b34                SPI3_IRQHandler
                0x08000b34                DMA1_Stream4_IRQHandler
                0x08000b34                I2C1_ER_IRQHandler
                0x08000b34                FMC_IRQHandler
                0x08000b34                DMA2_Stream6_IRQHandler
                0x08000b34                SAI1_IRQHandler
                0x08000b34                DMA1_Stream3_IRQHandler
 *fill*         0x08000b36        0x2 
 .text.HAL_Init
                0x08000b38       0x44 ./Drivers/STM32F4xx_HAL_Driver/Src/stm32f4xx_hal.o
                0x08000b38                HAL_Init
 .text.HAL_IncTick
                0x08000b7c       0x28 ./Drivers/STM32F4xx_HAL_Driver/Src/stm32f4xx_hal.o
                0x08000b7c                HAL_IncTick
 .text.HAL_GetTick
                0x08000ba4       0x18 ./Drivers/STM32F4xx_HAL_Driver/Src/stm32f4xx_hal.o
                0x08000ba4                HAL_GetTick
 .text.__NVIC_SetPriorityGrouping
                0x08000bbc       0x48 ./Drivers/STM32F4xx_HAL_Driver/Src/stm32f4xx_hal_cortex.o
 .text.__NVIC_GetPriorityGrouping
                0x08000c04       0x1c ./Drivers/STM32F4xx_HAL_Driver/Src/stm32f4xx_hal_cortex.o
 .text.__NVIC_EnableIRQ
                0x08000c20       0x3c ./Drivers/STM32F4xx_HAL_Driver/Src/stm32f4xx_hal_cortex.o
 .text.__NVIC_SetPriority
                0x08000c5c       0x54 ./Drivers/STM32F4xx_HAL_Driver/Src/stm32f4xx_hal_cortex.o
 .text.NVIC_EncodePriority
                0x08000cb0       0x66 ./Drivers/STM32F4xx_HAL_Driver/Src/stm32f4xx_hal_cortex.o
 .text.HAL_NVIC_SetPriorityGrouping
                0x08000d16       0x16 ./Drivers/STM32F4xx_HAL_Driver/Src/stm32f4xx_hal_cortex.o
                0x08000d16                HAL_NVIC_SetPriorityGrouping
 .text.HAL_NVIC_SetPriority
                0x08000d2c       0x38 ./Drivers/STM32F4xx_HAL_Driver/Src/stm32f4xx_hal_cortex.o
                0x08000d2c                HAL_NVIC_SetPriority
 .text.HAL_NVIC_EnableIRQ
                0x08000d64       0x1c ./Drivers/STM32F4xx_HAL_Driver/Src/stm32f4xx_hal_cortex.o
                0x08000d64                HAL_NVIC_EnableIRQ
 .text.HAL_GPIO_Init
                0x08000d80      0x328 ./Drivers/STM32F4xx_HAL_Driver/Src/stm32f4xx_hal_gpio.o
                0x08000d80                HAL_GPIO_Init
 .text.HAL_GPIO_WritePin
                0x080010a8       0x32 ./Drivers/STM32F4xx_HAL_Driver/Src/stm32f4xx_hal_gpio.o
                0x080010a8                HAL_GPIO_WritePin
 *fill*         0x080010da        0x2 
 .text.HAL_RCC_ClockConfig
                0x080010dc      0x1cc ./Drivers/STM32F4xx_HAL_Driver/Src/stm32f4xx_hal_rcc.o
                0x080010dc                HAL_RCC_ClockConfig
 .text.HAL_RCC_GetHCLKFreq
                0x080012a8       0x18 ./Drivers/STM32F4xx_HAL_Driver/Src/stm32f4xx_hal_rcc.o
                0x080012a8                HAL_RCC_GetHCLKFreq
 .text.HAL_RCC_GetPCLK1Freq
                0x080012c0       0x28 ./Drivers/STM32F4xx_HAL_Driver/Src/stm32f4xx_hal_rcc.o
                0x080012c0                HAL_RCC_GetPCLK1Freq
 .text.HAL_RCC_GetClockConfig
                0x080012e8       0x64 ./Drivers/STM32F4xx_HAL_Driver/Src/stm32f4xx_hal_rcc.o
                0x080012e8                HAL_RCC_GetClockConfig
 .text.HAL_RCC_GetSysClockFreq
                0x0800134c      0x460 ./Drivers/STM32F4xx_HAL_Driver/Src/stm32f4xx_hal_rcc_ex.o
                0x0800134c                HAL_RCC_GetSysClockFreq
 .text.HAL_RCC_OscConfig
                0x080017ac      0x53c ./Drivers/STM32F4xx_HAL_Driver/Src/stm32f4xx_hal_rcc_ex.o
                0x080017ac                HAL_RCC_OscConfig
 .text.HAL_TIM_Base_Init
                0x08001ce8       0x9e ./Drivers/STM32F4xx_HAL_Driver/Src/stm32f4xx_hal_tim.o
                0x08001ce8                HAL_TIM_Base_Init
 .text.HAL_TIM_Base_MspInit
                0x08001d86       0x14 ./Drivers/STM32F4xx_HAL_Driver/Src/stm32f4xx_hal_tim.o
                0x08001d86                HAL_TIM_Base_MspInit
 *fill*         0x08001d9a        0x2 
 .text.HAL_TIM_Base_Start_IT
                0x08001d9c       0xe0 ./Drivers/STM32F4xx_HAL_Driver/Src/stm32f4xx_hal_tim.o
                0x08001d9c                HAL_TIM_Base_Start_IT
 .text.HAL_TIM_IRQHandler
                0x08001e7c      0x1e0 ./Drivers/STM32F4xx_HAL_Driver/Src/stm32f4xx_hal_tim.o
                0x08001e7c                HAL_TIM_IRQHandler
 .text.HAL_TIM_OC_DelayElapsedCallback
                0x0800205c       0x14 ./Drivers/STM32F4xx_HAL_Driver/Src/stm32f4xx_hal_tim.o
                0x0800205c                HAL_TIM_OC_DelayElapsedCallback
 .text.HAL_TIM_IC_CaptureCallback
                0x08002070       0x14 ./Drivers/STM32F4xx_HAL_Driver/Src/stm32f4xx_hal_tim.o
                0x08002070                HAL_TIM_IC_CaptureCallback
 .text.HAL_TIM_PWM_PulseFinishedCallback
                0x08002084       0x14 ./Drivers/STM32F4xx_HAL_Driver/Src/stm32f4xx_hal_tim.o
                0x08002084                HAL_TIM_PWM_PulseFinishedCallback
 .text.HAL_TIM_TriggerCallback
                0x08002098       0x14 ./Drivers/STM32F4xx_HAL_Driver/Src/stm32f4xx_hal_tim.o
                0x08002098                HAL_TIM_TriggerCallback
 .text.TIM_Base_SetConfig
                0x080020ac      0x14c ./Drivers/STM32F4xx_HAL_Driver/Src/stm32f4xx_hal_tim.o
                0x080020ac                TIM_Base_SetConfig
 .text.HAL_TIMEx_CommutCallback
                0x080021f8       0x14 ./Drivers/STM32F4xx_HAL_Driver/Src/stm32f4xx_hal_tim_ex.o
                0x080021f8                HAL_TIMEx_CommutCallback
 .text.HAL_TIMEx_BreakCallback
                0x0800220c       0x14 ./Drivers/STM32F4xx_HAL_Driver/Src/stm32f4xx_hal_tim_ex.o
                0x0800220c                HAL_TIMEx_BreakCallback
 .text.vListInitialise
                0x08002220       0x40 ./Third_party/FreeRTOS/list.o
                0x08002220                vListInitialise
 .text.vListInitialiseItem
                0x08002260       0x1a ./Third_party/FreeRTOS/list.o
                0x08002260                vListInitialiseItem
 .text.vListInsertEnd
                0x0800227a       0x48 ./Third_party/FreeRTOS/list.o
                0x0800227a                vListInsertEnd
 .text.vListInsert
                0x080022c2       0x72 ./Third_party/FreeRTOS/list.o
                0x080022c2                vListInsert
 .text.uxListRemove
                0x08002334       0x54 ./Third_party/FreeRTOS/list.o
                0x08002334                uxListRemove
 .text.xQueueGenericReset
                0x08002388       0xd4 ./Third_party/FreeRTOS/queue.o
                0x08002388                xQueueGenericReset
 .text.xQueueGenericCreate
                0x0800245c       0xc4 ./Third_party/FreeRTOS/queue.o
                0x0800245c                xQueueGenericCreate
 .text.prvInitialiseNewQueue
                0x08002520       0x46 ./Third_party/FreeRTOS/queue.o
 *fill*         0x08002566        0x2 
 .text.xQueueGenericSend
                0x08002568      0x204 ./Third_party/FreeRTOS/queue.o
                0x08002568                xQueueGenericSend
 .text.xQueueGenericSendFromISR
                0x0800276c      0x15c ./Third_party/FreeRTOS/queue.o
                0x0800276c                xQueueGenericSendFromISR
 .text.xQueueReceive
                0x080028c8      0x1c4 ./Third_party/FreeRTOS/queue.o
                0x080028c8                xQueueReceive
 .text.prvCopyDataToQueue
                0x08002a8c       0xd4 ./Third_party/FreeRTOS/queue.o
 .text.prvCopyDataFromQueue
                0x08002b60       0x4c ./Third_party/FreeRTOS/queue.o
 .text.prvUnlockQueue
                0x08002bac       0xa4 ./Third_party/FreeRTOS/queue.o
 .text.prvIsQueueEmpty
                0x08002c50       0x2c ./Third_party/FreeRTOS/queue.o
 .text.prvIsQueueFull
                0x08002c7c       0x30 ./Third_party/FreeRTOS/queue.o
 .text.vQueueAddToRegistry
                0x08002cac       0x54 ./Third_party/FreeRTOS/queue.o
                0x08002cac                vQueueAddToRegistry
 .text.vQueueWaitForMessageRestricted
                0x08002d00       0x68 ./Third_party/FreeRTOS/queue.o
                0x08002d00                vQueueWaitForMessageRestricted
 .text.xTaskCreate
                0x08002d68       0x82 ./Third_party/FreeRTOS/tasks.o
                0x08002d68                xTaskCreate
 .text.prvInitialiseNewTask
                0x08002dea      0x12e ./Third_party/FreeRTOS/tasks.o
 .text.prvAddNewTaskToReadyList
                0x08002f18       0xdc ./Third_party/FreeRTOS/tasks.o
 .text.vTaskStartScheduler
                0x08002ff4       0xa4 ./Third_party/FreeRTOS/tasks.o
                0x08002ff4                vTaskStartScheduler
 .text.vTaskSuspendAll
                0x08003098       0x1c ./Third_party/FreeRTOS/tasks.o
                0x08003098                vTaskSuspendAll
 .text.xTaskResumeAll
                0x080030b4      0x13c ./Third_party/FreeRTOS/tasks.o
                0x080030b4                xTaskResumeAll
 .text.xTaskGetTickCount
                0x080031f0       0x20 ./Third_party/FreeRTOS/tasks.o
                0x080031f0                xTaskGetTickCount
 .text.xTaskIncrementTick
                0x08003210      0x174 ./Third_party/FreeRTOS/tasks.o
                0x08003210                xTaskIncrementTick
 .text.vTaskSwitchContext
                0x08003384       0xb8 ./Third_party/FreeRTOS/tasks.o
                0x08003384                vTaskSwitchContext
 .text.vTaskPlaceOnEventList
                0x0800343c       0x4c ./Third_party/FreeRTOS/tasks.o
                0x0800343c                vTaskPlaceOnEventList
 .text.vTaskPlaceOnEventListRestricted
                0x08003488       0x58 ./Third_party/FreeRTOS/tasks.o
                0x08003488                vTaskPlaceOnEventListRestricted
 .text.xTaskRemoveFromEventList
                0x080034e0       0xc8 ./Third_party/FreeRTOS/tasks.o
                0x080034e0                xTaskRemoveFromEventList
 .text.vTaskInternalSetTimeOutState
                0x080035a8       0x2c ./Third_party/FreeRTOS/tasks.o
                0x080035a8                vTaskInternalSetTimeOutState
 .text.xTaskCheckForTimeOut
                0x080035d4       0xd0 ./Third_party/FreeRTOS/tasks.o
                0x080035d4                xTaskCheckForTimeOut
 .text.vTaskMissedYield
                0x080036a4       0x18 ./Third_party/FreeRTOS/tasks.o
                0x080036a4                vTaskMissedYield
 .text.prvIdleTask
                0x080036bc       0x30 ./Third_party/FreeRTOS/tasks.o
 .text.prvInitialiseTaskLists
                0x080036ec       0x80 ./Third_party/FreeRTOS/tasks.o
 .text.prvCheckTasksWaitingTermination
                0x0800376c       0x5c ./Third_party/FreeRTOS/tasks.o
 .text.prvDeleteTCB
                0x080037c8       0x20 ./Third_party/FreeRTOS/tasks.o
 .text.prvResetNextTaskUnblockTime
                0x080037e8       0x38 ./Third_party/FreeRTOS/tasks.o
 .text.xTaskGetSchedulerState
                0x08003820       0x3c ./Third_party/FreeRTOS/tasks.o
                0x08003820                xTaskGetSchedulerState
 .text.xTaskPriorityDisinherit
                0x0800385c       0xf8 ./Third_party/FreeRTOS/tasks.o
                0x0800385c                xTaskPriorityDisinherit
 .text.prvAddCurrentTaskToDelayedList
                0x08003954       0xcc ./Third_party/FreeRTOS/tasks.o
 .text.xTimerCreateTimerTask
                0x08003a20       0x68 ./Third_party/FreeRTOS/timers.o
                0x08003a20                xTimerCreateTimerTask
 .text.xTimerGenericCommand
                0x08003a88       0x9c ./Third_party/FreeRTOS/timers.o
                0x08003a88                xTimerGenericCommand
 .text.prvProcessExpiredTimer
                0x08003b24       0x9c ./Third_party/FreeRTOS/timers.o
 .text.prvTimerTask
                0x08003bc0       0x26 ./Third_party/FreeRTOS/timers.o
 *fill*         0x08003be6        0x2 
 .text.prvProcessTimerOrBlockTask
                0x08003be8       0x9c ./Third_party/FreeRTOS/timers.o
 .text.prvGetNextExpireTime
                0x08003c84       0x48 ./Third_party/FreeRTOS/timers.o
 .text.prvSampleTimeNow
                0x08003ccc       0x40 ./Third_party/FreeRTOS/timers.o
 .text.prvInsertTimerInActiveList
                0x08003d0c       0x84 ./Third_party/FreeRTOS/timers.o
 .text.prvProcessReceivedCommands
                0x08003d90      0x194 ./Third_party/FreeRTOS/timers.o
 .text.prvSwitchTimerLists
                0x08003f24       0xcc ./Third_party/FreeRTOS/timers.o
 .text.prvCheckForValidListAndQueue
                0x08003ff0       0x6c ./Third_party/FreeRTOS/timers.o
 .text.pxPortInitialiseStack
                0x0800405c       0x68 ./Third_party/FreeRTOS/portable/GCC/ARM_CM4F/port.o
                0x0800405c                pxPortInitialiseStack
 .text.prvTaskExitError
                0x080040c4       0x5c ./Third_party/FreeRTOS/portable/GCC/ARM_CM4F/port.o
 .text.SVC_Handler
                0x08004120       0x28 ./Third_party/FreeRTOS/portable/GCC/ARM_CM4F/port.o
                0x08004120                SVC_Handler
 .text.prvPortStartFirstTask
                0x08004148       0x2c ./Third_party/FreeRTOS/portable/GCC/ARM_CM4F/port.o
 .text.xPortStartScheduler
                0x08004174      0x148 ./Third_party/FreeRTOS/portable/GCC/ARM_CM4F/port.o
                0x08004174                xPortStartScheduler
 .text.vPortEnterCritical
                0x080042bc       0x64 ./Third_party/FreeRTOS/portable/GCC/ARM_CM4F/port.o
                0x080042bc                vPortEnterCritical
 .text.vPortExitCritical
                0x08004320       0x54 ./Third_party/FreeRTOS/portable/GCC/ARM_CM4F/port.o
                0x08004320                vPortExitCritical
 *fill*         0x08004374        0xc 
 .text.PendSV_Handler
                0x08004380       0x68 ./Third_party/FreeRTOS/portable/GCC/ARM_CM4F/port.o
                0x08004380                PendSV_Handler
 .text.SysTick_Handler
                0x080043e8       0x44 ./Third_party/FreeRTOS/portable/GCC/ARM_CM4F/port.o
                0x080043e8                SysTick_Handler
 .text.vPortSetupTimerInterrupt
                0x0800442c       0x48 ./Third_party/FreeRTOS/portable/GCC/ARM_CM4F/port.o
                0x0800442c                vPortSetupTimerInterrupt
 .text.vPortEnableVFP
                0x08004474       0x18 ./Third_party/FreeRTOS/portable/GCC/ARM_CM4F/port.o
 .text.vPortValidateInterruptPriority
                0x0800448c       0x84 ./Third_party/FreeRTOS/portable/GCC/ARM_CM4F/port.o
                0x0800448c                vPortValidateInterruptPriority
 .text.pvPortMalloc
                0x08004510      0x1c4 ./Third_party/FreeRTOS/portable/MemMang/heap_4.o
                0x08004510                pvPortMalloc
 .text.vPortFree
                0x080046d4       0xc8 ./Third_party/FreeRTOS/portable/MemMang/heap_4.o
                0x080046d4                vPortFree
 .text.prvHeapInit
                0x0800479c       0xc4 ./Third_party/FreeRTOS/portable/MemMang/heap_4.o
 .text.prvInsertBlockIntoFreeList
                0x08004860       0xb4 ./Third_party/FreeRTOS/portable/MemMang/heap_4.o
 .text.std      0x08004914       0x6c C:/ST/STM32CubeIDE_1.18.1/STM32CubeIDE/plugins/com.st.stm32cube.ide.mcu.externaltools.gnu-tools-for-stm32.13.3.rel1.win32_1.0.0.202411081344/tools/bin/../lib/gcc/arm-none-eabi/13.3.1/../../../../arm-none-eabi/lib/thumb/v7e-m+fp/hard\libc_nano.a(libc_a-findfp.o)
 .text.stdio_exit_handler
                0x08004980       0x18 C:/ST/STM32CubeIDE_1.18.1/STM32CubeIDE/plugins/com.st.stm32cube.ide.mcu.externaltools.gnu-tools-for-stm32.13.3.rel1.win32_1.0.0.202411081344/tools/bin/../lib/gcc/arm-none-eabi/13.3.1/../../../../arm-none-eabi/lib/thumb/v7e-m+fp/hard\libc_nano.a(libc_a-findfp.o)
 .text.cleanup_stdio
                0x08004998       0x40 C:/ST/STM32CubeIDE_1.18.1/STM32CubeIDE/plugins/com.st.stm32cube.ide.mcu.externaltools.gnu-tools-for-stm32.13.3.rel1.win32_1.0.0.202411081344/tools/bin/../lib/gcc/arm-none-eabi/13.3.1/../../../../arm-none-eabi/lib/thumb/v7e-m+fp/hard\libc_nano.a(libc_a-findfp.o)
 .text.global_stdio_init.part.0
                0x080049d8       0x3c C:/ST/STM32CubeIDE_1.18.1/STM32CubeIDE/plugins/com.st.stm32cube.ide.mcu.externaltools.gnu-tools-for-stm32.13.3.rel1.win32_1.0.0.202411081344/tools/bin/../lib/gcc/arm-none-eabi/13.3.1/../../../../arm-none-eabi/lib/thumb/v7e-m+fp/hard\libc_nano.a(libc_a-findfp.o)
 .text.__sfp_lock_acquire
                0x08004a14        0xc C:/ST/STM32CubeIDE_1.18.1/STM32CubeIDE/plugins/com.st.stm32cube.ide.mcu.externaltools.gnu-tools-for-stm32.13.3.rel1.win32_1.0.0.202411081344/tools/bin/../lib/gcc/arm-none-eabi/13.3.1/../../../../arm-none-eabi/lib/thumb/v7e-m+fp/hard\libc_nano.a(libc_a-findfp.o)
                0x08004a14                __sfp_lock_acquire
 .text.__sfp_lock_release
                0x08004a20        0xc C:/ST/STM32CubeIDE_1.18.1/STM32CubeIDE/plugins/com.st.stm32cube.ide.mcu.externaltools.gnu-tools-for-stm32.13.3.rel1.win32_1.0.0.202411081344/tools/bin/../lib/gcc/arm-none-eabi/13.3.1/../../../../arm-none-eabi/lib/thumb/v7e-m+fp/hard\libc_nano.a(libc_a-findfp.o)
                0x08004a20                __sfp_lock_release
 .text.__sinit  0x08004a2c       0x30 C:/ST/STM32CubeIDE_1.18.1/STM32CubeIDE/plugins/com.st.stm32cube.ide.mcu.externaltools.gnu-tools-for-stm32.13.3.rel1.win32_1.0.0.202411081344/tools/bin/../lib/gcc/arm-none-eabi/13.3.1/../../../../arm-none-eabi/lib/thumb/v7e-m+fp/hard\libc_nano.a(libc_a-findfp.o)
                0x08004a2c                __sinit
 .text._fwalk_sglue
                0x08004a5c       0x3c C:/ST/STM32CubeIDE_1.18.1/STM32CubeIDE/plugins/com.st.stm32cube.ide.mcu.externaltools.gnu-tools-for-stm32.13.3.rel1.win32_1.0.0.202411081344/tools/bin/../lib/gcc/arm-none-eabi/13.3.1/../../../../arm-none-eabi/lib/thumb/v7e-m+fp/hard\libc_nano.a(libc_a-fwalk.o)
                0x08004a5c                _fwalk_sglue
 .text._puts_r  0x08004a98       0xaa C:/ST/STM32CubeIDE_1.18.1/STM32CubeIDE/plugins/com.st.stm32cube.ide.mcu.externaltools.gnu-tools-for-stm32.13.3.rel1.win32_1.0.0.202411081344/tools/bin/../lib/gcc/arm-none-eabi/13.3.1/../../../../arm-none-eabi/lib/thumb/v7e-m+fp/hard\libc_nano.a(libc_a-puts.o)
                0x08004a98                _puts_r
 *fill*         0x08004b42        0x2 
 .text.puts     0x08004b44       0x10 C:/ST/STM32CubeIDE_1.18.1/STM32CubeIDE/plugins/com.st.stm32cube.ide.mcu.externaltools.gnu-tools-for-stm32.13.3.rel1.win32_1.0.0.202411081344/tools/bin/../lib/gcc/arm-none-eabi/13.3.1/../../../../arm-none-eabi/lib/thumb/v7e-m+fp/hard\libc_nano.a(libc_a-puts.o)
                0x08004b44                puts
 .text.__sread  0x08004b54       0x22 C:/ST/STM32CubeIDE_1.18.1/STM32CubeIDE/plugins/com.st.stm32cube.ide.mcu.externaltools.gnu-tools-for-stm32.13.3.rel1.win32_1.0.0.202411081344/tools/bin/../lib/gcc/arm-none-eabi/13.3.1/../../../../arm-none-eabi/lib/thumb/v7e-m+fp/hard\libc_nano.a(libc_a-stdio.o)
                0x08004b54                __sread
 .text.__swrite
                0x08004b76       0x38 C:/ST/STM32CubeIDE_1.18.1/STM32CubeIDE/plugins/com.st.stm32cube.ide.mcu.externaltools.gnu-tools-for-stm32.13.3.rel1.win32_1.0.0.202411081344/tools/bin/../lib/gcc/arm-none-eabi/13.3.1/../../../../arm-none-eabi/lib/thumb/v7e-m+fp/hard\libc_nano.a(libc_a-stdio.o)
                0x08004b76                __swrite
 .text.__sseek  0x08004bae       0x24 C:/ST/STM32CubeIDE_1.18.1/STM32CubeIDE/plugins/com.st.stm32cube.ide.mcu.externaltools.gnu-tools-for-stm32.13.3.rel1.win32_1.0.0.202411081344/tools/bin/../lib/gcc/arm-none-eabi/13.3.1/../../../../arm-none-eabi/lib/thumb/v7e-m+fp/hard\libc_nano.a(libc_a-stdio.o)
                0x08004bae                __sseek
 .text.__sclose
                0x08004bd2        0x8 C:/ST/STM32CubeIDE_1.18.1/STM32CubeIDE/plugins/com.st.stm32cube.ide.mcu.externaltools.gnu-tools-for-stm32.13.3.rel1.win32_1.0.0.202411081344/tools/bin/../lib/gcc/arm-none-eabi/13.3.1/../../../../arm-none-eabi/lib/thumb/v7e-m+fp/hard\libc_nano.a(libc_a-stdio.o)
                0x08004bd2                __sclose
 .text.__swbuf_r
                0x08004bda       0x7c C:/ST/STM32CubeIDE_1.18.1/STM32CubeIDE/plugins/com.st.stm32cube.ide.mcu.externaltools.gnu-tools-for-stm32.13.3.rel1.win32_1.0.0.202411081344/tools/bin/../lib/gcc/arm-none-eabi/13.3.1/../../../../arm-none-eabi/lib/thumb/v7e-m+fp/hard\libc_nano.a(libc_a-wbuf.o)
                0x08004bda                __swbuf_r
 *fill*         0x08004c56        0x2 
 .text.__swsetup_r
                0x08004c58       0xac C:/ST/STM32CubeIDE_1.18.1/STM32CubeIDE/plugins/com.st.stm32cube.ide.mcu.externaltools.gnu-tools-for-stm32.13.3.rel1.win32_1.0.0.202411081344/tools/bin/../lib/gcc/arm-none-eabi/13.3.1/../../../../arm-none-eabi/lib/thumb/v7e-m+fp/hard\libc_nano.a(libc_a-wsetup.o)
                0x08004c58                __swsetup_r
 .text.memset   0x08004d04       0x10 C:/ST/STM32CubeIDE_1.18.1/STM32CubeIDE/plugins/com.st.stm32cube.ide.mcu.externaltools.gnu-tools-for-stm32.13.3.rel1.win32_1.0.0.202411081344/tools/bin/../lib/gcc/arm-none-eabi/13.3.1/../../../../arm-none-eabi/lib/thumb/v7e-m+fp/hard\libc_nano.a(libc_a-memset.o)
                0x08004d04                memset
 .text._close_r
                0x08004d14       0x20 C:/ST/STM32CubeIDE_1.18.1/STM32CubeIDE/plugins/com.st.stm32cube.ide.mcu.externaltools.gnu-tools-for-stm32.13.3.rel1.win32_1.0.0.202411081344/tools/bin/../lib/gcc/arm-none-eabi/13.3.1/../../../../arm-none-eabi/lib/thumb/v7e-m+fp/hard\libc_nano.a(libc_a-closer.o)
                0x08004d14                _close_r
 .text._lseek_r
                0x08004d34       0x24 C:/ST/STM32CubeIDE_1.18.1/STM32CubeIDE/plugins/com.st.stm32cube.ide.mcu.externaltools.gnu-tools-for-stm32.13.3.rel1.win32_1.0.0.202411081344/tools/bin/../lib/gcc/arm-none-eabi/13.3.1/../../../../arm-none-eabi/lib/thumb/v7e-m+fp/hard\libc_nano.a(libc_a-lseekr.o)
                0x08004d34                _lseek_r
 .text._read_r  0x08004d58       0x24 C:/ST/STM32CubeIDE_1.18.1/STM32CubeIDE/plugins/com.st.stm32cube.ide.mcu.externaltools.gnu-tools-for-stm32.13.3.rel1.win32_1.0.0.202411081344/tools/bin/../lib/gcc/arm-none-eabi/13.3.1/../../../../arm-none-eabi/lib/thumb/v7e-m+fp/hard\libc_nano.a(libc_a-readr.o)
                0x08004d58                _read_r
 .text._write_r
                0x08004d7c       0x24 C:/ST/STM32CubeIDE_1.18.1/STM32CubeIDE/plugins/com.st.stm32cube.ide.mcu.externaltools.gnu-tools-for-stm32.13.3.rel1.win32_1.0.0.202411081344/tools/bin/../lib/gcc/arm-none-eabi/13.3.1/../../../../arm-none-eabi/lib/thumb/v7e-m+fp/hard\libc_nano.a(libc_a-writer.o)
                0x08004d7c                _write_r
 .text.__libc_init_array
                0x08004da0       0x48 C:/ST/STM32CubeIDE_1.18.1/STM32CubeIDE/plugins/com.st.stm32cube.ide.mcu.externaltools.gnu-tools-for-stm32.13.3.rel1.win32_1.0.0.202411081344/tools/bin/../lib/gcc/arm-none-eabi/13.3.1/../../../../arm-none-eabi/lib/thumb/v7e-m+fp/hard\libc_nano.a(libc_a-init.o)
                0x08004da0                __libc_init_array
 .text.__retarget_lock_init_recursive
                0x08004de8        0x2 C:/ST/STM32CubeIDE_1.18.1/STM32CubeIDE/plugins/com.st.stm32cube.ide.mcu.externaltools.gnu-tools-for-stm32.13.3.rel1.win32_1.0.0.202411081344/tools/bin/../lib/gcc/arm-none-eabi/13.3.1/../../../../arm-none-eabi/lib/thumb/v7e-m+fp/hard\libc_nano.a(libc_a-lock.o)
                0x08004de8                __retarget_lock_init_recursive
 .text.__retarget_lock_acquire_recursive
                0x08004dea        0x2 C:/ST/STM32CubeIDE_1.18.1/STM32CubeIDE/plugins/com.st.stm32cube.ide.mcu.externaltools.gnu-tools-for-stm32.13.3.rel1.win32_1.0.0.202411081344/tools/bin/../lib/gcc/arm-none-eabi/13.3.1/../../../../arm-none-eabi/lib/thumb/v7e-m+fp/hard\libc_nano.a(libc_a-lock.o)
                0x08004dea                __retarget_lock_acquire_recursive
 .text.__retarget_lock_release_recursive
                0x08004dec        0x2 C:/ST/STM32CubeIDE_1.18.1/STM32CubeIDE/plugins/com.st.stm32cube.ide.mcu.externaltools.gnu-tools-for-stm32.13.3.rel1.win32_1.0.0.202411081344/tools/bin/../lib/gcc/arm-none-eabi/13.3.1/../../../../arm-none-eabi/lib/thumb/v7e-m+fp/hard\libc_nano.a(libc_a-lock.o)
                0x08004dec                __retarget_lock_release_recursive
 .text.memcpy   0x08004dee       0x1c C:/ST/STM32CubeIDE_1.18.1/STM32CubeIDE/plugins/com.st.stm32cube.ide.mcu.externaltools.gnu-tools-for-stm32.13.3.rel1.win32_1.0.0.202411081344/tools/bin/../lib/gcc/arm-none-eabi/13.3.1/../../../../arm-none-eabi/lib/thumb/v7e-m+fp/hard\libc_nano.a(libc_a-memcpy-stub.o)
                0x08004dee                memcpy
 *fill*         0x08004e0a        0x2 
 .text._free_r  0x08004e0c       0x94 C:/ST/STM32CubeIDE_1.18.1/STM32CubeIDE/plugins/com.st.stm32cube.ide.mcu.externaltools.gnu-tools-for-stm32.13.3.rel1.win32_1.0.0.202411081344/tools/bin/../lib/gcc/arm-none-eabi/13.3.1/../../../../arm-none-eabi/lib/thumb/v7e-m+fp/hard\libc_nano.a(libc_a-freer.o)
                0x08004e0c                _free_r
 .text.sbrk_aligned
                0x08004ea0       0x44 C:/ST/STM32CubeIDE_1.18.1/STM32CubeIDE/plugins/com.st.stm32cube.ide.mcu.externaltools.gnu-tools-for-stm32.13.3.rel1.win32_1.0.0.202411081344/tools/bin/../lib/gcc/arm-none-eabi/13.3.1/../../../../arm-none-eabi/lib/thumb/v7e-m+fp/hard\libc_nano.a(libc_a-mallocr.o)
 .text._malloc_r
                0x08004ee4      0x100 C:/ST/STM32CubeIDE_1.18.1/STM32CubeIDE/plugins/com.st.stm32cube.ide.mcu.externaltools.gnu-tools-for-stm32.13.3.rel1.win32_1.0.0.202411081344/tools/bin/../lib/gcc/arm-none-eabi/13.3.1/../../../../arm-none-eabi/lib/thumb/v7e-m+fp/hard\libc_nano.a(libc_a-mallocr.o)
                0x08004ee4                _malloc_r
 .text.__malloc_lock
                0x08004fe4        0xc C:/ST/STM32CubeIDE_1.18.1/STM32CubeIDE/plugins/com.st.stm32cube.ide.mcu.externaltools.gnu-tools-for-stm32.13.3.rel1.win32_1.0.0.202411081344/tools/bin/../lib/gcc/arm-none-eabi/13.3.1/../../../../arm-none-eabi/lib/thumb/v7e-m+fp/hard\libc_nano.a(libc_a-mlock.o)
                0x08004fe4                __malloc_lock
 .text.__malloc_unlock
                0x08004ff0        0xc C:/ST/STM32CubeIDE_1.18.1/STM32CubeIDE/plugins/com.st.stm32cube.ide.mcu.externaltools.gnu-tools-for-stm32.13.3.rel1.win32_1.0.0.202411081344/tools/bin/../lib/gcc/arm-none-eabi/13.3.1/../../../../arm-none-eabi/lib/thumb/v7e-m+fp/hard\libc_nano.a(libc_a-mlock.o)
                0x08004ff0                __malloc_unlock
 .text.__sflush_r
                0x08004ffc      0x108 C:/ST/STM32CubeIDE_1.18.1/STM32CubeIDE/plugins/com.st.stm32cube.ide.mcu.externaltools.gnu-tools-for-stm32.13.3.rel1.win32_1.0.0.202411081344/tools/bin/../lib/gcc/arm-none-eabi/13.3.1/../../../../arm-none-eabi/lib/thumb/v7e-m+fp/hard\libc_nano.a(libc_a-fflush.o)
                0x08004ffc                __sflush_r
 .text._fflush_r
                0x08005104       0x50 C:/ST/STM32CubeIDE_1.18.1/STM32CubeIDE/plugins/com.st.stm32cube.ide.mcu.externaltools.gnu-tools-for-stm32.13.3.rel1.win32_1.0.0.202411081344/tools/bin/../lib/gcc/arm-none-eabi/13.3.1/../../../../arm-none-eabi/lib/thumb/v7e-m+fp/hard\libc_nano.a(libc_a-fflush.o)
                0x08005104                _fflush_r
 .text.__swhatbuf_r
                0x08005154       0x4c C:/ST/STM32CubeIDE_1.18.1/STM32CubeIDE/plugins/com.st.stm32cube.ide.mcu.externaltools.gnu-tools-for-stm32.13.3.rel1.win32_1.0.0.202411081344/tools/bin/../lib/gcc/arm-none-eabi/13.3.1/../../../../arm-none-eabi/lib/thumb/v7e-m+fp/hard\libc_nano.a(libc_a-makebuf.o)
                0x08005154                __swhatbuf_r
 .text.__smakebuf_r
                0x080051a0       0x78 C:/ST/STM32CubeIDE_1.18.1/STM32CubeIDE/plugins/com.st.stm32cube.ide.mcu.externaltools.gnu-tools-for-stm32.13.3.rel1.win32_1.0.0.202411081344/tools/bin/../lib/gcc/arm-none-eabi/13.3.1/../../../../arm-none-eabi/lib/thumb/v7e-m+fp/hard\libc_nano.a(libc_a-makebuf.o)
                0x080051a0                __smakebuf_r
 .text._fstat_r
                0x08005218       0x24 C:/ST/STM32CubeIDE_1.18.1/STM32CubeIDE/plugins/com.st.stm32cube.ide.mcu.externaltools.gnu-tools-for-stm32.13.3.rel1.win32_1.0.0.202411081344/tools/bin/../lib/gcc/arm-none-eabi/13.3.1/../../../../arm-none-eabi/lib/thumb/v7e-m+fp/hard\libc_nano.a(libc_a-fstatr.o)
                0x08005218                _fstat_r
 .text._isatty_r
                0x0800523c       0x20 C:/ST/STM32CubeIDE_1.18.1/STM32CubeIDE/plugins/com.st.stm32cube.ide.mcu.externaltools.gnu-tools-for-stm32.13.3.rel1.win32_1.0.0.202411081344/tools/bin/../lib/gcc/arm-none-eabi/13.3.1/../../../../arm-none-eabi/lib/thumb/v7e-m+fp/hard\libc_nano.a(libc_a-isattyr.o)
                0x0800523c                _isatty_r
 .text._sbrk_r  0x0800525c       0x20 C:/ST/STM32CubeIDE_1.18.1/STM32CubeIDE/plugins/com.st.stm32cube.ide.mcu.externaltools.gnu-tools-for-stm32.13.3.rel1.win32_1.0.0.202411081344/tools/bin/../lib/gcc/arm-none-eabi/13.3.1/../../../../arm-none-eabi/lib/thumb/v7e-m+fp/hard\libc_nano.a(libc_a-sbrkr.o)
                0x0800525c                _sbrk_r
 .text._sbrk    0x0800527c       0x1c C:/ST/STM32CubeIDE_1.18.1/STM32CubeIDE/plugins/com.st.stm32cube.ide.mcu.externaltools.gnu-tools-for-stm32.13.3.rel1.win32_1.0.0.202411081344/tools/bin/../lib/gcc/arm-none-eabi/13.3.1/../../../../arm-none-eabi/lib/thumb/v7e-m+fp/hard\libnosys.a(sbrk.o)
                0x0800527c                _sbrk
 *(.glue_7)
 .glue_7        0x08005298        0x0 linker stubs
 *(.glue_7t)
 .glue_7t       0x08005298        0x0 linker stubs
 *(.eh_frame)
 .eh_frame      0x08005298        0x0 C:/ST/STM32CubeIDE_1.18.1/STM32CubeIDE/plugins/com.st.stm32cube.ide.mcu.externaltools.gnu-tools-for-stm32.13.3.rel1.win32_1.0.0.202411081344/tools/bin/../lib/gcc/arm-none-eabi/13.3.1/thumb/v7e-m+fp/hard/crtbegin.o
 *(.init)
 .init          0x08005298        0x4 C:/ST/STM32CubeIDE_1.18.1/STM32CubeIDE/plugins/com.st.stm32cube.ide.mcu.externaltools.gnu-tools-for-stm32.13.3.rel1.win32_1.0.0.202411081344/tools/bin/../lib/gcc/arm-none-eabi/13.3.1/thumb/v7e-m+fp/hard/crti.o
                0x08005298                _init
 .init          0x0800529c        0x8 C:/ST/STM32CubeIDE_1.18.1/STM32CubeIDE/plugins/com.st.stm32cube.ide.mcu.externaltools.gnu-tools-for-stm32.13.3.rel1.win32_1.0.0.202411081344/tools/bin/../lib/gcc/arm-none-eabi/13.3.1/thumb/v7e-m+fp/hard/crtn.o
 *(.fini)
 .fini          0x080052a4        0x4 C:/ST/STM32CubeIDE_1.18.1/STM32CubeIDE/plugins/com.st.stm32cube.ide.mcu.externaltools.gnu-tools-for-stm32.13.3.rel1.win32_1.0.0.202411081344/tools/bin/../lib/gcc/arm-none-eabi/13.3.1/thumb/v7e-m+fp/hard/crti.o
                0x080052a4                _fini
 .fini          0x080052a8        0x8 C:/ST/STM32CubeIDE_1.18.1/STM32CubeIDE/plugins/com.st.stm32cube.ide.mcu.externaltools.gnu-tools-for-stm32.13.3.rel1.win32_1.0.0.202411081344/tools/bin/../lib/gcc/arm-none-eabi/13.3.1/thumb/v7e-m+fp/hard/crtn.o
                0x080052b0                        . = ALIGN (0x4)
                0x080052b0                        _etext = .

.vfp11_veneer   0x080052b0        0x0
 .vfp11_veneer  0x080052b0        0x0 linker stubs

.v4_bx          0x080052b0        0x0
 .v4_bx         0x080052b0        0x0 linker stubs

.iplt           0x080052b0        0x0
 .iplt          0x080052b0        0x0 C:/ST/STM32CubeIDE_1.18.1/STM32CubeIDE/plugins/com.st.stm32cube.ide.mcu.externaltools.gnu-tools-for-stm32.13.3.rel1.win32_1.0.0.202411081344/tools/bin/../lib/gcc/arm-none-eabi/13.3.1/thumb/v7e-m+fp/hard/crtbegin.o

.rodata         0x080052b0       0x74
                0x080052b0                        . = ALIGN (0x4)
 *(.rodata)
 .rodata        0x080052b0       0x3f ./Core/Src/main.o
 *fill*         0x080052ef        0x1 
 .rodata        0x080052f0        0x5 ./Third_party/FreeRTOS/tasks.o
 *fill*         0x080052f5        0x3 
 .rodata        0x080052f8        0xd ./Third_party/FreeRTOS/timers.o
 *(.rodata*)
 *fill*         0x08005305        0x3 
 .rodata.AHBPrescTable
                0x08005308       0x10 ./Core/Src/system_stm32f4xx.o
                0x08005308                AHBPrescTable
 .rodata.APBPrescTable
                0x08005318        0x8 ./Core/Src/system_stm32f4xx.o
                0x08005318                APBPrescTable
 .rodata.uxTopUsedPriority
                0x08005320        0x4 ./Third_party/FreeRTOS/tasks.o
                0x08005320                uxTopUsedPriority
                0x08005324                        . = ALIGN (0x4)

.ARM.extab      0x08005324        0x0
                0x08005324                        . = ALIGN (0x4)
 *(.ARM.extab* .gnu.linkonce.armextab.*)
                0x08005324                        . = ALIGN (0x4)

.ARM            0x08005324        0x8
                0x08005324                        . = ALIGN (0x4)
                0x08005324                        __exidx_start = .
 *(.ARM.exidx*)
 .ARM.exidx     0x08005324        0x8 C:/ST/STM32CubeIDE_1.18.1/STM32CubeIDE/plugins/com.st.stm32cube.ide.mcu.externaltools.gnu-tools-for-stm32.13.3.rel1.win32_1.0.0.202411081344/tools/bin/../lib/gcc/arm-none-eabi/13.3.1/thumb/v7e-m+fp/hard\libgcc.a(_udivmoddi4.o)
                0x0800532c                        __exidx_end = .
                0x0800532c                        . = ALIGN (0x4)

.preinit_array  0x0800532c        0x0
                0x0800532c                        . = ALIGN (0x4)
                0x0800532c                        PROVIDE (__preinit_array_start = .)
 *(.preinit_array*)
                0x0800532c                        PROVIDE (__preinit_array_end = .)
                0x0800532c                        . = ALIGN (0x4)

.init_array     0x0800532c        0x4
                0x0800532c                        . = ALIGN (0x4)
                0x0800532c                        PROVIDE (__init_array_start = .)
 *(SORT_BY_NAME(.init_array.*))
 *(.init_array*)
 .init_array    0x0800532c        0x4 C:/ST/STM32CubeIDE_1.18.1/STM32CubeIDE/plugins/com.st.stm32cube.ide.mcu.externaltools.gnu-tools-for-stm32.13.3.rel1.win32_1.0.0.202411081344/tools/bin/../lib/gcc/arm-none-eabi/13.3.1/thumb/v7e-m+fp/hard/crtbegin.o
                0x08005330                        PROVIDE (__init_array_end = .)
                0x08005330                        . = ALIGN (0x4)

.fini_array     0x08005330        0x4
                0x08005330                        . = ALIGN (0x4)
                [!provide]                        PROVIDE (__fini_array_start = .)
 *(SORT_BY_NAME(.fini_array.*))
 *(.fini_array*)
 .fini_array    0x08005330        0x4 C:/ST/STM32CubeIDE_1.18.1/STM32CubeIDE/plugins/com.st.stm32cube.ide.mcu.externaltools.gnu-tools-for-stm32.13.3.rel1.win32_1.0.0.202411081344/tools/bin/../lib/gcc/arm-none-eabi/13.3.1/thumb/v7e-m+fp/hard/crtbegin.o
                [!provide]                        PROVIDE (__fini_array_end = .)
                0x08005334                        . = ALIGN (0x4)
                0x08005334                        _sidata = LOADADDR (.data)

.rel.dyn        0x08005334        0x0
 .rel.iplt      0x08005334        0x0 C:/ST/STM32CubeIDE_1.18.1/STM32CubeIDE/plugins/com.st.stm32cube.ide.mcu.externaltools.gnu-tools-for-stm32.13.3.rel1.win32_1.0.0.202411081344/tools/bin/../lib/gcc/arm-none-eabi/13.3.1/thumb/v7e-m+fp/hard/crtbegin.o

.data           0x20000000       0x6c load address 0x08005334
                0x20000000                        . = ALIGN (0x4)
                0x20000000                        _sdata = .
 *(.data)
 *(.data*)
 .data.SystemCoreClock
                0x20000000        0x4 ./Core/Src/system_stm32f4xx.o
                0x20000000                SystemCoreClock
 .data.uwTickPrio
                0x20000004        0x4 ./Drivers/STM32F4xx_HAL_Driver/Src/stm32f4xx_hal.o
                0x20000004                uwTickPrio
 .data.uwTickFreq
                0x20000008        0x1 ./Drivers/STM32F4xx_HAL_Driver/Src/stm32f4xx_hal.o
                0x20000008                uwTickFreq
 *fill*         0x20000009        0x3 
 .data.uxCriticalNesting
                0x2000000c        0x4 ./Third_party/FreeRTOS/portable/GCC/ARM_CM4F/port.o
 .data.__sglue  0x20000010        0xc C:/ST/STM32CubeIDE_1.18.1/STM32CubeIDE/plugins/com.st.stm32cube.ide.mcu.externaltools.gnu-tools-for-stm32.13.3.rel1.win32_1.0.0.202411081344/tools/bin/../lib/gcc/arm-none-eabi/13.3.1/../../../../arm-none-eabi/lib/thumb/v7e-m+fp/hard\libc_nano.a(libc_a-findfp.o)
                0x20000010                __sglue
 .data._impure_ptr
                0x2000001c        0x4 C:/ST/STM32CubeIDE_1.18.1/STM32CubeIDE/plugins/com.st.stm32cube.ide.mcu.externaltools.gnu-tools-for-stm32.13.3.rel1.win32_1.0.0.202411081344/tools/bin/../lib/gcc/arm-none-eabi/13.3.1/../../../../arm-none-eabi/lib/thumb/v7e-m+fp/hard\libc_nano.a(libc_a-impure.o)
                0x2000001c                _impure_ptr
 .data._impure_data
                0x20000020       0x4c C:/ST/STM32CubeIDE_1.18.1/STM32CubeIDE/plugins/com.st.stm32cube.ide.mcu.externaltools.gnu-tools-for-stm32.13.3.rel1.win32_1.0.0.202411081344/tools/bin/../lib/gcc/arm-none-eabi/13.3.1/../../../../arm-none-eabi/lib/thumb/v7e-m+fp/hard\libc_nano.a(libc_a-impure.o)
                0x20000020                _impure_data
 *(.RamFunc)
 *(.RamFunc*)
                0x2000006c                        . = ALIGN (0x4)
                0x2000006c                        _edata = .

.igot.plt       0x2000006c        0x0 load address 0x080053a0
 .igot.plt      0x2000006c        0x0 C:/ST/STM32CubeIDE_1.18.1/STM32CubeIDE/plugins/com.st.stm32cube.ide.mcu.externaltools.gnu-tools-for-stm32.13.3.rel1.win32_1.0.0.202411081344/tools/bin/../lib/gcc/arm-none-eabi/13.3.1/thumb/v7e-m+fp/hard/crtbegin.o
                0x2000006c                        . = ALIGN (0x4)

.bss            0x2000006c    0x12f60 load address 0x080053a0
                0x2000006c                        _sbss = .
                0x2000006c                        __bss_start__ = _sbss
 *(.bss)
 .bss           0x2000006c       0x1c C:/ST/STM32CubeIDE_1.18.1/STM32CubeIDE/plugins/com.st.stm32cube.ide.mcu.externaltools.gnu-tools-for-stm32.13.3.rel1.win32_1.0.0.202411081344/tools/bin/../lib/gcc/arm-none-eabi/13.3.1/thumb/v7e-m+fp/hard/crtbegin.o
 *(.bss*)
 .bss.htim6     0x20000088       0x48 ./Core/Src/stm32f4xx_hal_timebase_tim.o
                0x20000088                htim6
 .bss.uwTick    0x200000d0        0x4 ./Drivers/STM32F4xx_HAL_Driver/Src/stm32f4xx_hal.o
                0x200000d0                uwTick
 .bss.xQueueRegistry
                0x200000d4       0x40 ./Third_party/FreeRTOS/queue.o
                0x200000d4                xQueueRegistry
 .bss.pxCurrentTCB
                0x20000114        0x4 ./Third_party/FreeRTOS/tasks.o
                0x20000114                pxCurrentTCB
 .bss.pxReadyTasksLists
                0x20000118       0x64 ./Third_party/FreeRTOS/tasks.o
 .bss.xDelayedTaskList1
                0x2000017c       0x14 ./Third_party/FreeRTOS/tasks.o
 .bss.xDelayedTaskList2
                0x20000190       0x14 ./Third_party/FreeRTOS/tasks.o
 .bss.pxDelayedTaskList
                0x200001a4        0x4 ./Third_party/FreeRTOS/tasks.o
 .bss.pxOverflowDelayedTaskList
                0x200001a8        0x4 ./Third_party/FreeRTOS/tasks.o
 .bss.xPendingReadyList
                0x200001ac       0x14 ./Third_party/FreeRTOS/tasks.o
 .bss.xTasksWaitingTermination
                0x200001c0       0x14 ./Third_party/FreeRTOS/tasks.o
 .bss.uxDeletedTasksWaitingCleanUp
                0x200001d4        0x4 ./Third_party/FreeRTOS/tasks.o
 .bss.xSuspendedTaskList
                0x200001d8       0x14 ./Third_party/FreeRTOS/tasks.o
 .bss.uxCurrentNumberOfTasks
                0x200001ec        0x4 ./Third_party/FreeRTOS/tasks.o
 .bss.xTickCount
                0x200001f0        0x4 ./Third_party/FreeRTOS/tasks.o
 .bss.uxTopReadyPriority
                0x200001f4        0x4 ./Third_party/FreeRTOS/tasks.o
 .bss.xSchedulerRunning
                0x200001f8        0x4 ./Third_party/FreeRTOS/tasks.o
 .bss.xPendedTicks
                0x200001fc        0x4 ./Third_party/FreeRTOS/tasks.o
 .bss.xYieldPending
                0x20000200        0x4 ./Third_party/FreeRTOS/tasks.o
 .bss.xNumOfOverflows
                0x20000204        0x4 ./Third_party/FreeRTOS/tasks.o
 .bss.uxTaskNumber
                0x20000208        0x4 ./Third_party/FreeRTOS/tasks.o
 .bss.xNextTaskUnblockTime
                0x2000020c        0x4 ./Third_party/FreeRTOS/tasks.o
 .bss.xIdleTaskHandle
                0x20000210        0x4 ./Third_party/FreeRTOS/tasks.o
 .bss.uxSchedulerSuspended
                0x20000214        0x4 ./Third_party/FreeRTOS/tasks.o
 .bss.xActiveTimerList1
                0x20000218       0x14 ./Third_party/FreeRTOS/timers.o
 .bss.xActiveTimerList2
                0x2000022c       0x14 ./Third_party/FreeRTOS/timers.o
 .bss.pxCurrentTimerList
                0x20000240        0x4 ./Third_party/FreeRTOS/timers.o
 .bss.pxOverflowTimerList
                0x20000244        0x4 ./Third_party/FreeRTOS/timers.o
 .bss.xTimerQueue
                0x20000248        0x4 ./Third_party/FreeRTOS/timers.o
 .bss.xTimerTaskHandle
                0x2000024c        0x4 ./Third_party/FreeRTOS/timers.o
 .bss.xLastTime.0
                0x20000250        0x4 ./Third_party/FreeRTOS/timers.o
 .bss.ucMaxSysCallPriority
                0x20000254        0x1 ./Third_party/FreeRTOS/portable/GCC/ARM_CM4F/port.o
 *fill*         0x20000255        0x3 
 .bss.ulMaxPRIGROUPValue
                0x20000258        0x4 ./Third_party/FreeRTOS/portable/GCC/ARM_CM4F/port.o
 .bss.ucHeap    0x2000025c    0x12c00 ./Third_party/FreeRTOS/portable/MemMang/heap_4.o
 .bss.xStart    0x20012e5c        0x8 ./Third_party/FreeRTOS/portable/MemMang/heap_4.o
 .bss.pxEnd     0x20012e64        0x4 ./Third_party/FreeRTOS/portable/MemMang/heap_4.o
 .bss.xFreeBytesRemaining
                0x20012e68        0x4 ./Third_party/FreeRTOS/portable/MemMang/heap_4.o
 .bss.xMinimumEverFreeBytesRemaining
                0x20012e6c        0x4 ./Third_party/FreeRTOS/portable/MemMang/heap_4.o
 .bss.xNumberOfSuccessfulAllocations
                0x20012e70        0x4 ./Third_party/FreeRTOS/portable/MemMang/heap_4.o
 .bss.xNumberOfSuccessfulFrees
                0x20012e74        0x4 ./Third_party/FreeRTOS/portable/MemMang/heap_4.o
 .bss.xBlockAllocatedBit
                0x20012e78        0x4 ./Third_party/FreeRTOS/portable/MemMang/heap_4.o
 .bss.__sf      0x20012e7c      0x138 C:/ST/STM32CubeIDE_1.18.1/STM32CubeIDE/plugins/com.st.stm32cube.ide.mcu.externaltools.gnu-tools-for-stm32.13.3.rel1.win32_1.0.0.202411081344/tools/bin/../lib/gcc/arm-none-eabi/13.3.1/../../../../arm-none-eabi/lib/thumb/v7e-m+fp/hard\libc_nano.a(libc_a-findfp.o)
                0x20012e7c                __sf
 .bss.__stdio_exit_handler
                0x20012fb4        0x4 C:/ST/STM32CubeIDE_1.18.1/STM32CubeIDE/plugins/com.st.stm32cube.ide.mcu.externaltools.gnu-tools-for-stm32.13.3.rel1.win32_1.0.0.202411081344/tools/bin/../lib/gcc/arm-none-eabi/13.3.1/../../../../arm-none-eabi/lib/thumb/v7e-m+fp/hard\libc_nano.a(libc_a-findfp.o)
                0x20012fb4                __stdio_exit_handler
 .bss.errno     0x20012fb8        0x4 C:/ST/STM32CubeIDE_1.18.1/STM32CubeIDE/plugins/com.st.stm32cube.ide.mcu.externaltools.gnu-tools-for-stm32.13.3.rel1.win32_1.0.0.202411081344/tools/bin/../lib/gcc/arm-none-eabi/13.3.1/../../../../arm-none-eabi/lib/thumb/v7e-m+fp/hard\libc_nano.a(libc_a-reent.o)
                0x20012fb8                errno
 .bss.__lock___malloc_recursive_mutex
                0x20012fbc        0x1 C:/ST/STM32CubeIDE_1.18.1/STM32CubeIDE/plugins/com.st.stm32cube.ide.mcu.externaltools.gnu-tools-for-stm32.13.3.rel1.win32_1.0.0.202411081344/tools/bin/../lib/gcc/arm-none-eabi/13.3.1/../../../../arm-none-eabi/lib/thumb/v7e-m+fp/hard\libc_nano.a(libc_a-lock.o)
                0x20012fbc                __lock___malloc_recursive_mutex
 .bss.__lock___sfp_recursive_mutex
                0x20012fbd        0x1 C:/ST/STM32CubeIDE_1.18.1/STM32CubeIDE/plugins/com.st.stm32cube.ide.mcu.externaltools.gnu-tools-for-stm32.13.3.rel1.win32_1.0.0.202411081344/tools/bin/../lib/gcc/arm-none-eabi/13.3.1/../../../../arm-none-eabi/lib/thumb/v7e-m+fp/hard\libc_nano.a(libc_a-lock.o)
                0x20012fbd                __lock___sfp_recursive_mutex
 *fill*         0x20012fbe        0x2 
 .bss.__malloc_sbrk_start
                0x20012fc0        0x4 C:/ST/STM32CubeIDE_1.18.1/STM32CubeIDE/plugins/com.st.stm32cube.ide.mcu.externaltools.gnu-tools-for-stm32.13.3.rel1.win32_1.0.0.202411081344/tools/bin/../lib/gcc/arm-none-eabi/13.3.1/../../../../arm-none-eabi/lib/thumb/v7e-m+fp/hard\libc_nano.a(libc_a-mallocr.o)
                0x20012fc0                __malloc_sbrk_start
 .bss.__malloc_free_list
                0x20012fc4        0x4 C:/ST/STM32CubeIDE_1.18.1/STM32CubeIDE/plugins/com.st.stm32cube.ide.mcu.externaltools.gnu-tools-for-stm32.13.3.rel1.win32_1.0.0.202411081344/tools/bin/../lib/gcc/arm-none-eabi/13.3.1/../../../../arm-none-eabi/lib/thumb/v7e-m+fp/hard\libc_nano.a(libc_a-mallocr.o)
                0x20012fc4                __malloc_free_list
 .bss.heap_end.0
                0x20012fc8        0x4 C:/ST/STM32CubeIDE_1.18.1/STM32CubeIDE/plugins/com.st.stm32cube.ide.mcu.externaltools.gnu-tools-for-stm32.13.3.rel1.win32_1.0.0.202411081344/tools/bin/../lib/gcc/arm-none-eabi/13.3.1/../../../../arm-none-eabi/lib/thumb/v7e-m+fp/hard\libnosys.a(sbrk.o)
 *(COMMON)
                0x20012fcc                        . = ALIGN (0x4)
                0x20012fcc                        _ebss = .
                0x20012fcc                        __bss_end__ = _ebss

._user_heap_stack
                0x20012fcc      0x604 load address 0x080053a0
                0x20012fd0                        . = ALIGN (0x8)
 *fill*         0x20012fcc        0x4 
                0x20012fd0                        PROVIDE (end = .)
                [!provide]                        PROVIDE (_end = .)
                0x200131d0                        . = (. + _Min_Heap_Size)
 *fill*         0x20012fd0      0x200 
                0x200135d0                        . = (. + _Min_Stack_Size)
 *fill*         0x200131d0      0x400 
                0x200135d0                        . = ALIGN (0x8)

/DISCARD/
 libc.a(*)
 libm.a(*)
 libgcc.a(*)

.ARM.attributes
                0x00000000       0x30
 *(.ARM.attributes)
 .ARM.attributes
                0x00000000       0x22 C:/ST/STM32CubeIDE_1.18.1/STM32CubeIDE/plugins/com.st.stm32cube.ide.mcu.externaltools.gnu-tools-for-stm32.13.3.rel1.win32_1.0.0.202411081344/tools/bin/../lib/gcc/arm-none-eabi/13.3.1/thumb/v7e-m+fp/hard/crti.o
 .ARM.attributes
                0x00000022       0x34 C:/ST/STM32CubeIDE_1.18.1/STM32CubeIDE/plugins/com.st.stm32cube.ide.mcu.externaltools.gnu-tools-for-stm32.13.3.rel1.win32_1.0.0.202411081344/tools/bin/../lib/gcc/arm-none-eabi/13.3.1/thumb/v7e-m+fp/hard/crtbegin.o
 .ARM.attributes
                0x00000056       0x34 ./Core/Src/main.o
 .ARM.attributes
                0x0000008a       0x34 ./Core/Src/stm32f4xx_hal_msp.o
 .ARM.attributes
                0x000000be       0x34 ./Core/Src/stm32f4xx_hal_timebase_tim.o
 .ARM.attributes
                0x000000f2       0x34 ./Core/Src/stm32f4xx_it.o
 .ARM.attributes
                0x00000126       0x34 ./Core/Src/syscalls.o
 .ARM.attributes
                0x0000015a       0x34 ./Core/Src/system_stm32f4xx.o
 .ARM.attributes
                0x0000018e       0x21 ./Core/Startup/startup_stm32f446retx.o
 .ARM.attributes
                0x000001af       0x34 ./Drivers/STM32F4xx_HAL_Driver/Src/stm32f4xx_hal.o
 .ARM.attributes
                0x000001e3       0x34 ./Drivers/STM32F4xx_HAL_Driver/Src/stm32f4xx_hal_cortex.o
 .ARM.attributes
                0x00000217       0x34 ./Drivers/STM32F4xx_HAL_Driver/Src/stm32f4xx_hal_gpio.o
 .ARM.attributes
                0x0000024b       0x34 ./Drivers/STM32F4xx_HAL_Driver/Src/stm32f4xx_hal_rcc.o
 .ARM.attributes
                0x0000027f       0x34 ./Drivers/STM32F4xx_HAL_Driver/Src/stm32f4xx_hal_rcc_ex.o
 .ARM.attributes
                0x000002b3       0x34 ./Drivers/STM32F4xx_HAL_Driver/Src/stm32f4xx_hal_tim.o
 .ARM.attributes
                0x000002e7       0x34 ./Drivers/STM32F4xx_HAL_Driver/Src/stm32f4xx_hal_tim_ex.o
 .ARM.attributes
                0x0000031b       0x34 ./Third_party/FreeRTOS/list.o
 .ARM.attributes
                0x0000034f       0x34 ./Third_party/FreeRTOS/queue.o
 .ARM.attributes
                0x00000383       0x34 ./Third_party/FreeRTOS/tasks.o
 .ARM.attributes
                0x000003b7       0x34 ./Third_party/FreeRTOS/timers.o
 .ARM.attributes
                0x000003eb       0x34 ./Third_party/FreeRTOS/portable/GCC/ARM_CM4F/port.o
 .ARM.attributes
                0x0000041f       0x34 ./Third_party/FreeRTOS/portable/MemMang/heap_4.o
 .ARM.attributes
                0x00000453       0x34 C:/ST/STM32CubeIDE_1.18.1/STM32CubeIDE/plugins/com.st.stm32cube.ide.mcu.externaltools.gnu-tools-for-stm32.13.3.rel1.win32_1.0.0.202411081344/tools/bin/../lib/gcc/arm-none-eabi/13.3.1/../../../../arm-none-eabi/lib/thumb/v7e-m+fp/hard\libc_nano.a(libc_a-findfp.o)
 .ARM.attributes
                0x00000487       0x34 C:/ST/STM32CubeIDE_1.18.1/STM32CubeIDE/plugins/com.st.stm32cube.ide.mcu.externaltools.gnu-tools-for-stm32.13.3.rel1.win32_1.0.0.202411081344/tools/bin/../lib/gcc/arm-none-eabi/13.3.1/../../../../arm-none-eabi/lib/thumb/v7e-m+fp/hard\libc_nano.a(libc_a-fwalk.o)
 .ARM.attributes
                0x000004bb       0x34 C:/ST/STM32CubeIDE_1.18.1/STM32CubeIDE/plugins/com.st.stm32cube.ide.mcu.externaltools.gnu-tools-for-stm32.13.3.rel1.win32_1.0.0.202411081344/tools/bin/../lib/gcc/arm-none-eabi/13.3.1/../../../../arm-none-eabi/lib/thumb/v7e-m+fp/hard\libc_nano.a(libc_a-puts.o)
 .ARM.attributes
                0x000004ef       0x34 C:/ST/STM32CubeIDE_1.18.1/STM32CubeIDE/plugins/com.st.stm32cube.ide.mcu.externaltools.gnu-tools-for-stm32.13.3.rel1.win32_1.0.0.202411081344/tools/bin/../lib/gcc/arm-none-eabi/13.3.1/../../../../arm-none-eabi/lib/thumb/v7e-m+fp/hard\libc_nano.a(libc_a-stdio.o)
 .ARM.attributes
                0x00000523       0x34 C:/ST/STM32CubeIDE_1.18.1/STM32CubeIDE/plugins/com.st.stm32cube.ide.mcu.externaltools.gnu-tools-for-stm32.13.3.rel1.win32_1.0.0.202411081344/tools/bin/../lib/gcc/arm-none-eabi/13.3.1/../../../../arm-none-eabi/lib/thumb/v7e-m+fp/hard\libc_nano.a(libc_a-wbuf.o)
 .ARM.attributes
                0x00000557       0x34 C:/ST/STM32CubeIDE_1.18.1/STM32CubeIDE/plugins/com.st.stm32cube.ide.mcu.externaltools.gnu-tools-for-stm32.13.3.rel1.win32_1.0.0.202411081344/tools/bin/../lib/gcc/arm-none-eabi/13.3.1/../../../../arm-none-eabi/lib/thumb/v7e-m+fp/hard\libc_nano.a(libc_a-wsetup.o)
 .ARM.attributes
                0x0000058b       0x34 C:/ST/STM32CubeIDE_1.18.1/STM32CubeIDE/plugins/com.st.stm32cube.ide.mcu.externaltools.gnu-tools-for-stm32.13.3.rel1.win32_1.0.0.202411081344/tools/bin/../lib/gcc/arm-none-eabi/13.3.1/../../../../arm-none-eabi/lib/thumb/v7e-m+fp/hard\libc_nano.a(libc_a-memset.o)
 .ARM.attributes
                0x000005bf       0x34 C:/ST/STM32CubeIDE_1.18.1/STM32CubeIDE/plugins/com.st.stm32cube.ide.mcu.externaltools.gnu-tools-for-stm32.13.3.rel1.win32_1.0.0.202411081344/tools/bin/../lib/gcc/arm-none-eabi/13.3.1/../../../../arm-none-eabi/lib/thumb/v7e-m+fp/hard\libc_nano.a(libc_a-closer.o)
 .ARM.attributes
                0x000005f3       0x34 C:/ST/STM32CubeIDE_1.18.1/STM32CubeIDE/plugins/com.st.stm32cube.ide.mcu.externaltools.gnu-tools-for-stm32.13.3.rel1.win32_1.0.0.202411081344/tools/bin/../lib/gcc/arm-none-eabi/13.3.1/../../../../arm-none-eabi/lib/thumb/v7e-m+fp/hard\libc_nano.a(libc_a-reent.o)
 .ARM.attributes
                0x00000627       0x34 C:/ST/STM32CubeIDE_1.18.1/STM32CubeIDE/plugins/com.st.stm32cube.ide.mcu.externaltools.gnu-tools-for-stm32.13.3.rel1.win32_1.0.0.202411081344/tools/bin/../lib/gcc/arm-none-eabi/13.3.1/../../../../arm-none-eabi/lib/thumb/v7e-m+fp/hard\libc_nano.a(libc_a-impure.o)
 .ARM.attributes
                0x0000065b       0x34 C:/ST/STM32CubeIDE_1.18.1/STM32CubeIDE/plugins/com.st.stm32cube.ide.mcu.externaltools.gnu-tools-for-stm32.13.3.rel1.win32_1.0.0.202411081344/tools/bin/../lib/gcc/arm-none-eabi/13.3.1/../../../../arm-none-eabi/lib/thumb/v7e-m+fp/hard\libc_nano.a(libc_a-lseekr.o)
 .ARM.attributes
                0x0000068f       0x34 C:/ST/STM32CubeIDE_1.18.1/STM32CubeIDE/plugins/com.st.stm32cube.ide.mcu.externaltools.gnu-tools-for-stm32.13.3.rel1.win32_1.0.0.202411081344/tools/bin/../lib/gcc/arm-none-eabi/13.3.1/../../../../arm-none-eabi/lib/thumb/v7e-m+fp/hard\libc_nano.a(libc_a-readr.o)
 .ARM.attributes
                0x000006c3       0x34 C:/ST/STM32CubeIDE_1.18.1/STM32CubeIDE/plugins/com.st.stm32cube.ide.mcu.externaltools.gnu-tools-for-stm32.13.3.rel1.win32_1.0.0.202411081344/tools/bin/../lib/gcc/arm-none-eabi/13.3.1/../../../../arm-none-eabi/lib/thumb/v7e-m+fp/hard\libc_nano.a(libc_a-writer.o)
 .ARM.attributes
                0x000006f7       0x34 C:/ST/STM32CubeIDE_1.18.1/STM32CubeIDE/plugins/com.st.stm32cube.ide.mcu.externaltools.gnu-tools-for-stm32.13.3.rel1.win32_1.0.0.202411081344/tools/bin/../lib/gcc/arm-none-eabi/13.3.1/../../../../arm-none-eabi/lib/thumb/v7e-m+fp/hard\libc_nano.a(libc_a-init.o)
 .ARM.attributes
                0x0000072b       0x34 C:/ST/STM32CubeIDE_1.18.1/STM32CubeIDE/plugins/com.st.stm32cube.ide.mcu.externaltools.gnu-tools-for-stm32.13.3.rel1.win32_1.0.0.202411081344/tools/bin/../lib/gcc/arm-none-eabi/13.3.1/../../../../arm-none-eabi/lib/thumb/v7e-m+fp/hard\libc_nano.a(libc_a-lock.o)
 .ARM.attributes
                0x0000075f       0x34 C:/ST/STM32CubeIDE_1.18.1/STM32CubeIDE/plugins/com.st.stm32cube.ide.mcu.externaltools.gnu-tools-for-stm32.13.3.rel1.win32_1.0.0.202411081344/tools/bin/../lib/gcc/arm-none-eabi/13.3.1/../../../../arm-none-eabi/lib/thumb/v7e-m+fp/hard\libc_nano.a(libc_a-memcpy-stub.o)
 .ARM.attributes
                0x00000793       0x34 C:/ST/STM32CubeIDE_1.18.1/STM32CubeIDE/plugins/com.st.stm32cube.ide.mcu.externaltools.gnu-tools-for-stm32.13.3.rel1.win32_1.0.0.202411081344/tools/bin/../lib/gcc/arm-none-eabi/13.3.1/../../../../arm-none-eabi/lib/thumb/v7e-m+fp/hard\libc_nano.a(libc_a-freer.o)
 .ARM.attributes
                0x000007c7       0x34 C:/ST/STM32CubeIDE_1.18.1/STM32CubeIDE/plugins/com.st.stm32cube.ide.mcu.externaltools.gnu-tools-for-stm32.13.3.rel1.win32_1.0.0.202411081344/tools/bin/../lib/gcc/arm-none-eabi/13.3.1/../../../../arm-none-eabi/lib/thumb/v7e-m+fp/hard\libc_nano.a(libc_a-mallocr.o)
 .ARM.attributes
                0x000007fb       0x34 C:/ST/STM32CubeIDE_1.18.1/STM32CubeIDE/plugins/com.st.stm32cube.ide.mcu.externaltools.gnu-tools-for-stm32.13.3.rel1.win32_1.0.0.202411081344/tools/bin/../lib/gcc/arm-none-eabi/13.3.1/../../../../arm-none-eabi/lib/thumb/v7e-m+fp/hard\libc_nano.a(libc_a-mlock.o)
 .ARM.attributes
                0x0000082f       0x34 C:/ST/STM32CubeIDE_1.18.1/STM32CubeIDE/plugins/com.st.stm32cube.ide.mcu.externaltools.gnu-tools-for-stm32.13.3.rel1.win32_1.0.0.202411081344/tools/bin/../lib/gcc/arm-none-eabi/13.3.1/../../../../arm-none-eabi/lib/thumb/v7e-m+fp/hard\libc_nano.a(libc_a-fflush.o)
 .ARM.attributes
                0x00000863       0x34 C:/ST/STM32CubeIDE_1.18.1/STM32CubeIDE/plugins/com.st.stm32cube.ide.mcu.externaltools.gnu-tools-for-stm32.13.3.rel1.win32_1.0.0.202411081344/tools/bin/../lib/gcc/arm-none-eabi/13.3.1/../../../../arm-none-eabi/lib/thumb/v7e-m+fp/hard\libc_nano.a(libc_a-makebuf.o)
 .ARM.attributes
                0x00000897       0x34 C:/ST/STM32CubeIDE_1.18.1/STM32CubeIDE/plugins/com.st.stm32cube.ide.mcu.externaltools.gnu-tools-for-stm32.13.3.rel1.win32_1.0.0.202411081344/tools/bin/../lib/gcc/arm-none-eabi/13.3.1/../../../../arm-none-eabi/lib/thumb/v7e-m+fp/hard\libc_nano.a(libc_a-fstatr.o)
 .ARM.attributes
                0x000008cb       0x34 C:/ST/STM32CubeIDE_1.18.1/STM32CubeIDE/plugins/com.st.stm32cube.ide.mcu.externaltools.gnu-tools-for-stm32.13.3.rel1.win32_1.0.0.202411081344/tools/bin/../lib/gcc/arm-none-eabi/13.3.1/../../../../arm-none-eabi/lib/thumb/v7e-m+fp/hard\libc_nano.a(libc_a-isattyr.o)
 .ARM.attributes
                0x000008ff       0x34 C:/ST/STM32CubeIDE_1.18.1/STM32CubeIDE/plugins/com.st.stm32cube.ide.mcu.externaltools.gnu-tools-for-stm32.13.3.rel1.win32_1.0.0.202411081344/tools/bin/../lib/gcc/arm-none-eabi/13.3.1/../../../../arm-none-eabi/lib/thumb/v7e-m+fp/hard\libc_nano.a(libc_a-sbrkr.o)
 .ARM.attributes
                0x00000933       0x22 C:/ST/STM32CubeIDE_1.18.1/STM32CubeIDE/plugins/com.st.stm32cube.ide.mcu.externaltools.gnu-tools-for-stm32.13.3.rel1.win32_1.0.0.202411081344/tools/bin/../lib/gcc/arm-none-eabi/13.3.1/thumb/v7e-m+fp/hard\libgcc.a(_aeabi_uldivmod.o)
 .ARM.attributes
                0x00000955       0x34 C:/ST/STM32CubeIDE_1.18.1/STM32CubeIDE/plugins/com.st.stm32cube.ide.mcu.externaltools.gnu-tools-for-stm32.13.3.rel1.win32_1.0.0.202411081344/tools/bin/../lib/gcc/arm-none-eabi/13.3.1/thumb/v7e-m+fp/hard\libgcc.a(_udivmoddi4.o)
 .ARM.attributes
                0x00000989       0x22 C:/ST/STM32CubeIDE_1.18.1/STM32CubeIDE/plugins/com.st.stm32cube.ide.mcu.externaltools.gnu-tools-for-stm32.13.3.rel1.win32_1.0.0.202411081344/tools/bin/../lib/gcc/arm-none-eabi/13.3.1/thumb/v7e-m+fp/hard\libgcc.a(_dvmd_tls.o)
 .ARM.attributes
                0x000009ab       0x34 C:/ST/STM32CubeIDE_1.18.1/STM32CubeIDE/plugins/com.st.stm32cube.ide.mcu.externaltools.gnu-tools-for-stm32.13.3.rel1.win32_1.0.0.202411081344/tools/bin/../lib/gcc/arm-none-eabi/13.3.1/../../../../arm-none-eabi/lib/thumb/v7e-m+fp/hard\libnosys.a(sbrk.o)
 .ARM.attributes
                0x000009df       0x22 C:/ST/STM32CubeIDE_1.18.1/STM32CubeIDE/plugins/com.st.stm32cube.ide.mcu.externaltools.gnu-tools-for-stm32.13.3.rel1.win32_1.0.0.202411081344/tools/bin/../lib/gcc/arm-none-eabi/13.3.1/thumb/v7e-m+fp/hard/crtn.o
OUTPUT(001_Tasks.elf elf32-littlearm)
LOAD linker stubs
LOAD C:/ST/STM32CubeIDE_1.18.1/STM32CubeIDE/plugins/com.st.stm32cube.ide.mcu.externaltools.gnu-tools-for-stm32.13.3.rel1.win32_1.0.0.202411081344/tools/bin/../lib/gcc/arm-none-eabi/13.3.1/../../../../arm-none-eabi/lib/thumb/v7e-m+fp/hard\libc.a
LOAD C:/ST/STM32CubeIDE_1.18.1/STM32CubeIDE/plugins/com.st.stm32cube.ide.mcu.externaltools.gnu-tools-for-stm32.13.3.rel1.win32_1.0.0.202411081344/tools/bin/../lib/gcc/arm-none-eabi/13.3.1/../../../../arm-none-eabi/lib/thumb/v7e-m+fp/hard\libm.a
LOAD C:/ST/STM32CubeIDE_1.18.1/STM32CubeIDE/plugins/com.st.stm32cube.ide.mcu.externaltools.gnu-tools-for-stm32.13.3.rel1.win32_1.0.0.202411081344/tools/bin/../lib/gcc/arm-none-eabi/13.3.1/thumb/v7e-m+fp/hard\libgcc.a

.debug_info     0x00000000     0xf25b
 .debug_info    0x00000000      0xe60 ./Core/Src/main.o
 .debug_info    0x00000e60      0x299 ./Core/Src/stm32f4xx_hal_msp.o
 .debug_info    0x000010f9      0xc44 ./Core/Src/stm32f4xx_hal_timebase_tim.o
 .debug_info    0x00001d3d      0x6ab ./Core/Src/stm32f4xx_it.o
 .debug_info    0x000023e8      0x6de ./Core/Src/syscalls.o
 .debug_info    0x00002ac6      0x54a ./Core/Src/system_stm32f4xx.o
 .debug_info    0x00003010       0x30 ./Core/Startup/startup_stm32f446retx.o
 .debug_info    0x00003040      0x99a ./Drivers/STM32F4xx_HAL_Driver/Src/stm32f4xx_hal.o
 .debug_info    0x000039da      0xdaa ./Drivers/STM32F4xx_HAL_Driver/Src/stm32f4xx_hal_cortex.o
 .debug_info    0x00004784      0x70b ./Drivers/STM32F4xx_HAL_Driver/Src/stm32f4xx_hal_gpio.o
 .debug_info    0x00004e8f      0x8ff ./Drivers/STM32F4xx_HAL_Driver/Src/stm32f4xx_hal_rcc.o
 .debug_info    0x0000578e      0x960 ./Drivers/STM32F4xx_HAL_Driver/Src/stm32f4xx_hal_rcc_ex.o
 .debug_info    0x000060ee     0x299d ./Drivers/STM32F4xx_HAL_Driver/Src/stm32f4xx_hal_tim.o
 .debug_info    0x00008a8b     0x14db ./Drivers/STM32F4xx_HAL_Driver/Src/stm32f4xx_hal_tim_ex.o
 .debug_info    0x00009f66      0x2af ./Third_party/FreeRTOS/list.o
 .debug_info    0x0000a215     0x17d9 ./Third_party/FreeRTOS/queue.o
 .debug_info    0x0000b9ee     0x206a ./Third_party/FreeRTOS/tasks.o
 .debug_info    0x0000da58      0xe4d ./Third_party/FreeRTOS/timers.o
 .debug_info    0x0000e8a5      0x4e1 ./Third_party/FreeRTOS/portable/GCC/ARM_CM4F/port.o
 .debug_info    0x0000ed86      0x4d5 ./Third_party/FreeRTOS/portable/MemMang/heap_4.o

.debug_abbrev   0x00000000     0x29af
 .debug_abbrev  0x00000000      0x2c3 ./Core/Src/main.o
 .debug_abbrev  0x000002c3       0xd8 ./Core/Src/stm32f4xx_hal_msp.o
 .debug_abbrev  0x0000039b      0x1f4 ./Core/Src/stm32f4xx_hal_timebase_tim.o
 .debug_abbrev  0x0000058f      0x17d ./Core/Src/stm32f4xx_it.o
 .debug_abbrev  0x0000070c      0x1b1 ./Core/Src/syscalls.o
 .debug_abbrev  0x000008bd      0x11a ./Core/Src/system_stm32f4xx.o
 .debug_abbrev  0x000009d7       0x24 ./Core/Startup/startup_stm32f446retx.o
 .debug_abbrev  0x000009fb      0x214 ./Drivers/STM32F4xx_HAL_Driver/Src/stm32f4xx_hal.o
 .debug_abbrev  0x00000c0f      0x31d ./Drivers/STM32F4xx_HAL_Driver/Src/stm32f4xx_hal_cortex.o
 .debug_abbrev  0x00000f2c      0x1d4 ./Drivers/STM32F4xx_HAL_Driver/Src/stm32f4xx_hal_gpio.o
 .debug_abbrev  0x00001100      0x2b7 ./Drivers/STM32F4xx_HAL_Driver/Src/stm32f4xx_hal_rcc.o
 .debug_abbrev  0x000013b7      0x211 ./Drivers/STM32F4xx_HAL_Driver/Src/stm32f4xx_hal_rcc_ex.o
 .debug_abbrev  0x000015c8      0x278 ./Drivers/STM32F4xx_HAL_Driver/Src/stm32f4xx_hal_tim.o
 .debug_abbrev  0x00001840      0x283 ./Drivers/STM32F4xx_HAL_Driver/Src/stm32f4xx_hal_tim_ex.o
 .debug_abbrev  0x00001ac3       0xf5 ./Third_party/FreeRTOS/list.o
 .debug_abbrev  0x00001bb8      0x323 ./Third_party/FreeRTOS/queue.o
 .debug_abbrev  0x00001edb      0x37e ./Third_party/FreeRTOS/tasks.o
 .debug_abbrev  0x00002259      0x2de ./Third_party/FreeRTOS/timers.o
 .debug_abbrev  0x00002537      0x25a ./Third_party/FreeRTOS/portable/GCC/ARM_CM4F/port.o
 .debug_abbrev  0x00002791      0x21e ./Third_party/FreeRTOS/portable/MemMang/heap_4.o

.debug_aranges  0x00000000      0xfb8
 .debug_aranges
                0x00000000       0x50 ./Core/Src/main.o
 .debug_aranges
                0x00000050       0x20 ./Core/Src/stm32f4xx_hal_msp.o
 .debug_aranges
                0x00000070       0x30 ./Core/Src/stm32f4xx_hal_timebase_tim.o
 .debug_aranges
                0x000000a0       0x50 ./Core/Src/stm32f4xx_it.o
 .debug_aranges
                0x000000f0       0xb0 ./Core/Src/syscalls.o
 .debug_aranges
                0x000001a0       0x28 ./Core/Src/system_stm32f4xx.o
 .debug_aranges
                0x000001c8       0x28 ./Core/Startup/startup_stm32f446retx.o
 .debug_aranges
                0x000001f0       0xf0 ./Drivers/STM32F4xx_HAL_Driver/Src/stm32f4xx_hal.o
 .debug_aranges
                0x000002e0      0x130 ./Drivers/STM32F4xx_HAL_Driver/Src/stm32f4xx_hal_cortex.o
 .debug_aranges
                0x00000410       0x58 ./Drivers/STM32F4xx_HAL_Driver/Src/stm32f4xx_hal_gpio.o
 .debug_aranges
                0x00000468       0x88 ./Drivers/STM32F4xx_HAL_Driver/Src/stm32f4xx_hal_rcc.o
 .debug_aranges
                0x000004f0       0x78 ./Drivers/STM32F4xx_HAL_Driver/Src/stm32f4xx_hal_rcc_ex.o
 .debug_aranges
                0x00000568      0x3d0 ./Drivers/STM32F4xx_HAL_Driver/Src/stm32f4xx_hal_tim.o
 .debug_aranges
                0x00000938      0x168 ./Drivers/STM32F4xx_HAL_Driver/Src/stm32f4xx_hal_tim_ex.o
 .debug_aranges
                0x00000aa0       0x40 ./Third_party/FreeRTOS/list.o
 .debug_aranges
                0x00000ae0      0x130 ./Third_party/FreeRTOS/queue.o
 .debug_aranges
                0x00000c10      0x1f8 ./Third_party/FreeRTOS/tasks.o
 .debug_aranges
                0x00000e08       0xd8 ./Third_party/FreeRTOS/timers.o
 .debug_aranges
                0x00000ee0       0x80 ./Third_party/FreeRTOS/portable/GCC/ARM_CM4F/port.o
 .debug_aranges
                0x00000f60       0x58 ./Third_party/FreeRTOS/portable/MemMang/heap_4.o

.debug_rnglists
                0x00000000      0xc12
 .debug_rnglists
                0x00000000       0x3a ./Core/Src/main.o
 .debug_rnglists
                0x0000003a       0x13 ./Core/Src/stm32f4xx_hal_msp.o
 .debug_rnglists
                0x0000004d       0x20 ./Core/Src/stm32f4xx_hal_timebase_tim.o
 .debug_rnglists
                0x0000006d       0x37 ./Core/Src/stm32f4xx_it.o
 .debug_rnglists
                0x000000a4       0x7f ./Core/Src/syscalls.o
 .debug_rnglists
                0x00000123       0x1a ./Core/Src/system_stm32f4xx.o
 .debug_rnglists
                0x0000013d       0x19 ./Core/Startup/startup_stm32f446retx.o
 .debug_rnglists
                0x00000156       0xaf ./Drivers/STM32F4xx_HAL_Driver/Src/stm32f4xx_hal.o
 .debug_rnglists
                0x00000205       0xe0 ./Drivers/STM32F4xx_HAL_Driver/Src/stm32f4xx_hal_cortex.o
 .debug_rnglists
                0x000002e5       0x3f ./Drivers/STM32F4xx_HAL_Driver/Src/stm32f4xx_hal_gpio.o
 .debug_rnglists
                0x00000324       0x66 ./Drivers/STM32F4xx_HAL_Driver/Src/stm32f4xx_hal_rcc.o
 .debug_rnglists
                0x0000038a       0x5e ./Drivers/STM32F4xx_HAL_Driver/Src/stm32f4xx_hal_rcc_ex.o
 .debug_rnglists
                0x000003e8      0x31a ./Drivers/STM32F4xx_HAL_Driver/Src/stm32f4xx_hal_tim.o
 .debug_rnglists
                0x00000702      0x125 ./Drivers/STM32F4xx_HAL_Driver/Src/stm32f4xx_hal_tim_ex.o
 .debug_rnglists
                0x00000827       0x2b ./Third_party/FreeRTOS/list.o
 .debug_rnglists
                0x00000852       0xeb ./Third_party/FreeRTOS/queue.o
 .debug_rnglists
                0x0000093d      0x193 ./Third_party/FreeRTOS/tasks.o
 .debug_rnglists
                0x00000ad0       0xa3 ./Third_party/FreeRTOS/timers.o
 .debug_rnglists
                0x00000b73       0x5d ./Third_party/FreeRTOS/portable/GCC/ARM_CM4F/port.o
 .debug_rnglists
                0x00000bd0       0x42 ./Third_party/FreeRTOS/portable/MemMang/heap_4.o

.debug_macro    0x00000000    0x23af4
 .debug_macro   0x00000000      0x313 ./Core/Src/main.o
 .debug_macro   0x00000313      0xad8 ./Core/Src/main.o
 .debug_macro   0x00000deb      0x295 ./Core/Src/main.o
 .debug_macro   0x00001080       0x2e ./Core/Src/main.o
 .debug_macro   0x000010ae       0x28 ./Core/Src/main.o
 .debug_macro   0x000010d6       0x22 ./Core/Src/main.o
 .debug_macro   0x000010f8       0x8e ./Core/Src/main.o
 .debug_macro   0x00001186       0x51 ./Core/Src/main.o
 .debug_macro   0x000011d7      0x103 ./Core/Src/main.o
 .debug_macro   0x000012da       0x6a ./Core/Src/main.o
 .debug_macro   0x00001344      0x1df ./Core/Src/main.o
 .debug_macro   0x00001523       0x1c ./Core/Src/main.o
 .debug_macro   0x0000153f       0x22 ./Core/Src/main.o
 .debug_macro   0x00001561       0xfb ./Core/Src/main.o
 .debug_macro   0x0000165c     0x1011 ./Core/Src/main.o
 .debug_macro   0x0000266d      0x11f ./Core/Src/main.o
 .debug_macro   0x0000278c    0x1675e ./Core/Src/main.o
 .debug_macro   0x00018eea       0x6d ./Core/Src/main.o
 .debug_macro   0x00018f57     0x3693 ./Core/Src/main.o
 .debug_macro   0x0001c5ea      0x190 ./Core/Src/main.o
 .debug_macro   0x0001c77a       0x5c ./Core/Src/main.o
 .debug_macro   0x0001c7d6      0xca5 ./Core/Src/main.o
 .debug_macro   0x0001d47b      0x9e9 ./Core/Src/main.o
 .debug_macro   0x0001de64      0x115 ./Core/Src/main.o
 .debug_macro   0x0001df79      0x1a0 ./Core/Src/main.o
 .debug_macro   0x0001e119       0xa5 ./Core/Src/main.o
 .debug_macro   0x0001e1be      0x16d ./Core/Src/main.o
 .debug_macro   0x0001e32b      0x287 ./Core/Src/main.o
 .debug_macro   0x0001e5b2       0x5f ./Core/Src/main.o
 .debug_macro   0x0001e611      0x236 ./Core/Src/main.o
 .debug_macro   0x0001e847      0x132 ./Core/Src/main.o
 .debug_macro   0x0001e979      0x29c ./Core/Src/main.o
 .debug_macro   0x0001ec15       0x2e ./Core/Src/main.o
 .debug_macro   0x0001ec43      0x127 ./Core/Src/main.o
 .debug_macro   0x0001ed6a       0xe8 ./Core/Src/main.o
 .debug_macro   0x0001ee52       0x89 ./Core/Src/main.o
 .debug_macro   0x0001eedb      0x8ed ./Core/Src/main.o
 .debug_macro   0x0001f7c8       0x53 ./Core/Src/main.o
 .debug_macro   0x0001f81b      0x126 ./Core/Src/main.o
 .debug_macro   0x0001f941       0x58 ./Core/Src/main.o
 .debug_macro   0x0001f999       0x61 ./Core/Src/main.o
 .debug_macro   0x0001f9fa       0x2a ./Core/Src/main.o
 .debug_macro   0x0001fa24       0x43 ./Core/Src/main.o
 .debug_macro   0x0001fa67       0x34 ./Core/Src/main.o
 .debug_macro   0x0001fa9b       0x16 ./Core/Src/main.o
 .debug_macro   0x0001fab1       0x3c ./Core/Src/main.o
 .debug_macro   0x0001faed      0x370 ./Core/Src/main.o
 .debug_macro   0x0001fe5d       0x10 ./Core/Src/main.o
 .debug_macro   0x0001fe6d       0x16 ./Core/Src/main.o
 .debug_macro   0x0001fe83       0x4a ./Core/Src/main.o
 .debug_macro   0x0001fecd       0x34 ./Core/Src/main.o
 .debug_macro   0x0001ff01       0x10 ./Core/Src/main.o
 .debug_macro   0x0001ff11       0x58 ./Core/Src/main.o
 .debug_macro   0x0001ff69       0x8e ./Core/Src/main.o
 .debug_macro   0x0001fff7       0x1c ./Core/Src/main.o
 .debug_macro   0x00020013      0x185 ./Core/Src/main.o
 .debug_macro   0x00020198       0x16 ./Core/Src/main.o
 .debug_macro   0x000201ae       0x16 ./Core/Src/main.o
 .debug_macro   0x000201c4      0x146 ./Core/Src/main.o
 .debug_macro   0x0002030a      0x106 ./Core/Src/main.o
 .debug_macro   0x00020410      0x15a ./Core/Src/main.o
 .debug_macro   0x0002056a       0xea ./Core/Src/main.o
 .debug_macro   0x00020654       0x1c ./Core/Src/main.o
 .debug_macro   0x00020670       0x26 ./Core/Src/main.o
 .debug_macro   0x00020696      0x4fd ./Core/Src/main.o
 .debug_macro   0x00020b93       0xb5 ./Core/Src/main.o
 .debug_macro   0x00020c48      0x120 ./Core/Src/main.o
 .debug_macro   0x00020d68      0x1d3 ./Core/Src/stm32f4xx_hal_msp.o
 .debug_macro   0x00020f3b      0x1c4 ./Core/Src/stm32f4xx_hal_timebase_tim.o
 .debug_macro   0x000210ff      0x1dd ./Core/Src/stm32f4xx_it.o
 .debug_macro   0x000212dc      0x286 ./Core/Src/syscalls.o
 .debug_macro   0x00021562       0x5b ./Core/Src/syscalls.o
 .debug_macro   0x000215bd       0x94 ./Core/Src/syscalls.o
 .debug_macro   0x00021651       0x57 ./Core/Src/syscalls.o
 .debug_macro   0x000216a8       0x10 ./Core/Src/syscalls.o
 .debug_macro   0x000216b8       0x10 ./Core/Src/syscalls.o
 .debug_macro   0x000216c8       0x10 ./Core/Src/syscalls.o
 .debug_macro   0x000216d8       0x10 ./Core/Src/syscalls.o
 .debug_macro   0x000216e8       0x1c ./Core/Src/syscalls.o
 .debug_macro   0x00021704       0x52 ./Core/Src/syscalls.o
 .debug_macro   0x00021756       0x22 ./Core/Src/syscalls.o
 .debug_macro   0x00021778       0x10 ./Core/Src/syscalls.o
 .debug_macro   0x00021788       0x52 ./Core/Src/syscalls.o
 .debug_macro   0x000217da       0xcf ./Core/Src/syscalls.o
 .debug_macro   0x000218a9       0x1c ./Core/Src/syscalls.o
 .debug_macro   0x000218c5       0x3d ./Core/Src/syscalls.o
 .debug_macro   0x00021902       0x35 ./Core/Src/syscalls.o
 .debug_macro   0x00021937      0x12c ./Core/Src/syscalls.o
 .debug_macro   0x00021a63       0x16 ./Core/Src/syscalls.o
 .debug_macro   0x00021a79       0x16 ./Core/Src/syscalls.o
 .debug_macro   0x00021a8f       0x29 ./Core/Src/syscalls.o
 .debug_macro   0x00021ab8       0x10 ./Core/Src/syscalls.o
 .debug_macro   0x00021ac8      0x242 ./Core/Src/syscalls.o
 .debug_macro   0x00021d0a       0x1c ./Core/Src/syscalls.o
 .debug_macro   0x00021d26       0x10 ./Core/Src/syscalls.o
 .debug_macro   0x00021d36      0x18a ./Core/Src/syscalls.o
 .debug_macro   0x00021ec0       0x16 ./Core/Src/syscalls.o
 .debug_macro   0x00021ed6       0xce ./Core/Src/syscalls.o
 .debug_macro   0x00021fa4      0x1c4 ./Core/Src/system_stm32f4xx.o
 .debug_macro   0x00022168      0x224 ./Drivers/STM32F4xx_HAL_Driver/Src/stm32f4xx_hal.o
 .debug_macro   0x0002238c      0x1c4 ./Drivers/STM32F4xx_HAL_Driver/Src/stm32f4xx_hal_cortex.o
 .debug_macro   0x00022550      0x1ca ./Drivers/STM32F4xx_HAL_Driver/Src/stm32f4xx_hal_gpio.o
 .debug_macro   0x0002271a      0x1e8 ./Drivers/STM32F4xx_HAL_Driver/Src/stm32f4xx_hal_rcc.o
 .debug_macro   0x00022902      0x1c4 ./Drivers/STM32F4xx_HAL_Driver/Src/stm32f4xx_hal_rcc_ex.o
 .debug_macro   0x00022ac6      0x1c5 ./Drivers/STM32F4xx_HAL_Driver/Src/stm32f4xx_hal_tim.o
 .debug_macro   0x00022c8b      0x1c4 ./Drivers/STM32F4xx_HAL_Driver/Src/stm32f4xx_hal_tim_ex.o
 .debug_macro   0x00022e4f      0x193 ./Third_party/FreeRTOS/list.o
 .debug_macro   0x00022fe2      0x21c ./Third_party/FreeRTOS/queue.o
 .debug_macro   0x000231fe       0x16 ./Third_party/FreeRTOS/queue.o
 .debug_macro   0x00023214       0x20 ./Third_party/FreeRTOS/queue.o
 .debug_macro   0x00023234       0x80 ./Third_party/FreeRTOS/queue.o
 .debug_macro   0x000232b4      0x279 ./Third_party/FreeRTOS/tasks.o
 .debug_macro   0x0002352d       0x10 ./Third_party/FreeRTOS/tasks.o
 .debug_macro   0x0002353d      0x1dc ./Third_party/FreeRTOS/timers.o
 .debug_macro   0x00023719       0x97 ./Third_party/FreeRTOS/timers.o
 .debug_macro   0x000237b0      0x196 ./Third_party/FreeRTOS/portable/GCC/ARM_CM4F/port.o
 .debug_macro   0x00023946      0x1ae ./Third_party/FreeRTOS/portable/MemMang/heap_4.o

.debug_line     0x00000000    0x12452
 .debug_line    0x00000000      0xb4c ./Core/Src/main.o
 .debug_line    0x00000b4c      0x72e ./Core/Src/stm32f4xx_hal_msp.o
 .debug_line    0x0000127a      0x7ac ./Core/Src/stm32f4xx_hal_timebase_tim.o
 .debug_line    0x00001a26      0x7b7 ./Core/Src/stm32f4xx_it.o
 .debug_line    0x000021dd      0x8ec ./Core/Src/syscalls.o
 .debug_line    0x00002ac9      0x7a4 ./Core/Src/system_stm32f4xx.o
 .debug_line    0x0000326d       0x7a ./Core/Startup/startup_stm32f446retx.o
 .debug_line    0x000032e7      0xa20 ./Drivers/STM32F4xx_HAL_Driver/Src/stm32f4xx_hal.o
 .debug_line    0x00003d07      0xcf0 ./Drivers/STM32F4xx_HAL_Driver/Src/stm32f4xx_hal_cortex.o
 .debug_line    0x000049f7      0xb64 ./Drivers/STM32F4xx_HAL_Driver/Src/stm32f4xx_hal_gpio.o
 .debug_line    0x0000555b      0xe3b ./Drivers/STM32F4xx_HAL_Driver/Src/stm32f4xx_hal_rcc.o
 .debug_line    0x00006396     0x14ec ./Drivers/STM32F4xx_HAL_Driver/Src/stm32f4xx_hal_rcc_ex.o
 .debug_line    0x00007882     0x3795 ./Drivers/STM32F4xx_HAL_Driver/Src/stm32f4xx_hal_tim.o
 .debug_line    0x0000b017     0x1980 ./Drivers/STM32F4xx_HAL_Driver/Src/stm32f4xx_hal_tim_ex.o
 .debug_line    0x0000c997      0x7fc ./Third_party/FreeRTOS/list.o
 .debug_line    0x0000d193     0x1657 ./Third_party/FreeRTOS/queue.o
 .debug_line    0x0000e7ea     0x1c37 ./Third_party/FreeRTOS/tasks.o
 .debug_line    0x00010421      0xd41 ./Third_party/FreeRTOS/timers.o
 .debug_line    0x00011162      0x8c0 ./Third_party/FreeRTOS/portable/GCC/ARM_CM4F/port.o
 .debug_line    0x00011a22      0xa30 ./Third_party/FreeRTOS/portable/MemMang/heap_4.o

.debug_str      0x00000000    0xd8bf4
 .debug_str     0x00000000    0xd8bf4 ./Core/Src/main.o
                              0xd06a2 (size before relaxing)
 .debug_str     0x000d8bf4    0xc7b16 ./Core/Src/stm32f4xx_hal_msp.o
 .debug_str     0x000d8bf4    0xc85d8 ./Core/Src/stm32f4xx_hal_timebase_tim.o
 .debug_str     0x000d8bf4    0xc7fa2 ./Core/Src/stm32f4xx_it.o
 .debug_str     0x000d8bf4     0x9a98 ./Core/Src/syscalls.o
 .debug_str     0x000d8bf4    0xc7aa0 ./Core/Src/system_stm32f4xx.o
 .debug_str     0x000d8bf4       0x80 ./Core/Startup/startup_stm32f446retx.o
 .debug_str     0x000d8bf4    0xc8665 ./Drivers/STM32F4xx_HAL_Driver/Src/stm32f4xx_hal.o
 .debug_str     0x000d8bf4    0xc83bc ./Drivers/STM32F4xx_HAL_Driver/Src/stm32f4xx_hal_cortex.o
 .debug_str     0x000d8bf4    0xc7c1b ./Drivers/STM32F4xx_HAL_Driver/Src/stm32f4xx_hal_gpio.o
 .debug_str     0x000d8bf4    0xc7ed9 ./Drivers/STM32F4xx_HAL_Driver/Src/stm32f4xx_hal_rcc.o
 .debug_str     0x000d8bf4    0xc7f0c ./Drivers/STM32F4xx_HAL_Driver/Src/stm32f4xx_hal_rcc_ex.o
 .debug_str     0x000d8bf4    0xc8e05 ./Drivers/STM32F4xx_HAL_Driver/Src/stm32f4xx_hal_tim.o
 .debug_str     0x000d8bf4    0xc8611 ./Drivers/STM32F4xx_HAL_Driver/Src/stm32f4xx_hal_tim_ex.o
 .debug_str     0x000d8bf4     0xae03 ./Third_party/FreeRTOS/list.o
 .debug_str     0x000d8bf4     0xd28e ./Third_party/FreeRTOS/queue.o
 .debug_str     0x000d8bf4     0xdee2 ./Third_party/FreeRTOS/tasks.o
 .debug_str     0x000d8bf4     0xd622 ./Third_party/FreeRTOS/timers.o
 .debug_str     0x000d8bf4     0x9524 ./Third_party/FreeRTOS/portable/GCC/ARM_CM4F/port.o
 .debug_str     0x000d8bf4     0xc2cc ./Third_party/FreeRTOS/portable/MemMang/heap_4.o

.comment        0x00000000       0x43
 .comment       0x00000000       0x43 ./Core/Src/main.o
                                 0x44 (size before relaxing)
 .comment       0x00000043       0x44 ./Core/Src/stm32f4xx_hal_msp.o
 .comment       0x00000043       0x44 ./Core/Src/stm32f4xx_hal_timebase_tim.o
 .comment       0x00000043       0x44 ./Core/Src/stm32f4xx_it.o
 .comment       0x00000043       0x44 ./Core/Src/syscalls.o
 .comment       0x00000043       0x44 ./Core/Src/system_stm32f4xx.o
 .comment       0x00000043       0x44 ./Drivers/STM32F4xx_HAL_Driver/Src/stm32f4xx_hal.o
 .comment       0x00000043       0x44 ./Drivers/STM32F4xx_HAL_Driver/Src/stm32f4xx_hal_cortex.o
 .comment       0x00000043       0x44 ./Drivers/STM32F4xx_HAL_Driver/Src/stm32f4xx_hal_gpio.o
 .comment       0x00000043       0x44 ./Drivers/STM32F4xx_HAL_Driver/Src/stm32f4xx_hal_rcc.o
 .comment       0x00000043       0x44 ./Drivers/STM32F4xx_HAL_Driver/Src/stm32f4xx_hal_rcc_ex.o
 .comment       0x00000043       0x44 ./Drivers/STM32F4xx_HAL_Driver/Src/stm32f4xx_hal_tim.o
 .comment       0x00000043       0x44 ./Drivers/STM32F4xx_HAL_Driver/Src/stm32f4xx_hal_tim_ex.o
 .comment       0x00000043       0x44 ./Third_party/FreeRTOS/list.o
 .comment       0x00000043       0x44 ./Third_party/FreeRTOS/queue.o
 .comment       0x00000043       0x44 ./Third_party/FreeRTOS/tasks.o
 .comment       0x00000043       0x44 ./Third_party/FreeRTOS/timers.o
 .comment       0x00000043       0x44 ./Third_party/FreeRTOS/portable/GCC/ARM_CM4F/port.o
 .comment       0x00000043       0x44 ./Third_party/FreeRTOS/portable/MemMang/heap_4.o

.debug_frame    0x00000000     0x4750
 .debug_frame   0x00000000       0xf4 ./Core/Src/main.o
 .debug_frame   0x000000f4       0x38 ./Core/Src/stm32f4xx_hal_msp.o
 .debug_frame   0x0000012c       0x74 ./Core/Src/stm32f4xx_hal_timebase_tim.o
 .debug_frame   0x000001a0       0xc4 ./Core/Src/stm32f4xx_it.o
 .debug_frame   0x00000264      0x2d4 ./Core/Src/syscalls.o
 .debug_frame   0x00000538       0x58 ./Core/Src/system_stm32f4xx.o
 .debug_frame   0x00000590      0x374 ./Drivers/STM32F4xx_HAL_Driver/Src/stm32f4xx_hal.o
 .debug_frame   0x00000904      0x508 ./Drivers/STM32F4xx_HAL_Driver/Src/stm32f4xx_hal_cortex.o
 .debug_frame   0x00000e0c      0x14c ./Drivers/STM32F4xx_HAL_Driver/Src/stm32f4xx_hal_gpio.o
 .debug_frame   0x00000f58      0x1f4 ./Drivers/STM32F4xx_HAL_Driver/Src/stm32f4xx_hal_rcc.o
 .debug_frame   0x0000114c      0x1e8 ./Drivers/STM32F4xx_HAL_Driver/Src/stm32f4xx_hal_rcc_ex.o
 .debug_frame   0x00001334     0x11c0 ./Drivers/STM32F4xx_HAL_Driver/Src/stm32f4xx_hal_tim.o
 .debug_frame   0x000024f4      0x638 ./Drivers/STM32F4xx_HAL_Driver/Src/stm32f4xx_hal_tim_ex.o
 .debug_frame   0x00002b2c       0xd8 ./Third_party/FreeRTOS/list.o
 .debug_frame   0x00002c04      0x534 ./Third_party/FreeRTOS/queue.o
 .debug_frame   0x00003138      0x894 ./Third_party/FreeRTOS/tasks.o
 .debug_frame   0x000039cc      0x38c ./Third_party/FreeRTOS/timers.o